Archive member included to satisfy reference by file (symbol)

c:/direct/st/stm32cubeide_1.7.0/stm32cubeide/plugins/com.st.stm32cube.ide.mcu.externaltools.gnu-tools-for-stm32.9-2020-q2-update.win32_2.0.0.202105311346/tools/bin/../lib/gcc/arm-none-eabi/9.3.1/../../../../arm-none-eabi/lib/thumb/v7-m/nofp\libc_nano.a(lib_a-errno.o)
                              ./Core/Src/syscalls.o (__errno)
c:/direct/st/stm32cubeide_1.7.0/stm32cubeide/plugins/com.st.stm32cube.ide.mcu.externaltools.gnu-tools-for-stm32.9-2020-q2-update.win32_2.0.0.202105311346/tools/bin/../lib/gcc/arm-none-eabi/9.3.1/../../../../arm-none-eabi/lib/thumb/v7-m/nofp\libc_nano.a(lib_a-exit.o)
                              c:/direct/st/stm32cubeide_1.7.0/stm32cubeide/plugins/com.st.stm32cube.ide.mcu.externaltools.gnu-tools-for-stm32.9-2020-q2-update.win32_2.0.0.202105311346/tools/bin/../lib/gcc/arm-none-eabi/9.3.1/../../../../arm-none-eabi/lib/thumb/v7-m/nofp/crt0.o (exit)
c:/direct/st/stm32cubeide_1.7.0/stm32cubeide/plugins/com.st.stm32cube.ide.mcu.externaltools.gnu-tools-for-stm32.9-2020-q2-update.win32_2.0.0.202105311346/tools/bin/../lib/gcc/arm-none-eabi/9.3.1/../../../../arm-none-eabi/lib/thumb/v7-m/nofp\libc_nano.a(lib_a-impure.o)
                              c:/direct/st/stm32cubeide_1.7.0/stm32cubeide/plugins/com.st.stm32cube.ide.mcu.externaltools.gnu-tools-for-stm32.9-2020-q2-update.win32_2.0.0.202105311346/tools/bin/../lib/gcc/arm-none-eabi/9.3.1/../../../../arm-none-eabi/lib/thumb/v7-m/nofp\libc_nano.a(lib_a-exit.o) (_global_impure_ptr)
c:/direct/st/stm32cubeide_1.7.0/stm32cubeide/plugins/com.st.stm32cube.ide.mcu.externaltools.gnu-tools-for-stm32.9-2020-q2-update.win32_2.0.0.202105311346/tools/bin/../lib/gcc/arm-none-eabi/9.3.1/../../../../arm-none-eabi/lib/thumb/v7-m/nofp\libc_nano.a(lib_a-init.o)
                              c:/direct/st/stm32cubeide_1.7.0/stm32cubeide/plugins/com.st.stm32cube.ide.mcu.externaltools.gnu-tools-for-stm32.9-2020-q2-update.win32_2.0.0.202105311346/tools/bin/../lib/gcc/arm-none-eabi/9.3.1/../../../../arm-none-eabi/lib/thumb/v7-m/nofp/crt0.o (__libc_init_array)
c:/direct/st/stm32cubeide_1.7.0/stm32cubeide/plugins/com.st.stm32cube.ide.mcu.externaltools.gnu-tools-for-stm32.9-2020-q2-update.win32_2.0.0.202105311346/tools/bin/../lib/gcc/arm-none-eabi/9.3.1/../../../../arm-none-eabi/lib/thumb/v7-m/nofp\libc_nano.a(lib_a-memcpy-stub.o)
                              ./Core/Src/App/usb.o (memcpy)
c:/direct/st/stm32cubeide_1.7.0/stm32cubeide/plugins/com.st.stm32cube.ide.mcu.externaltools.gnu-tools-for-stm32.9-2020-q2-update.win32_2.0.0.202105311346/tools/bin/../lib/gcc/arm-none-eabi/9.3.1/../../../../arm-none-eabi/lib/thumb/v7-m/nofp\libc_nano.a(lib_a-memset.o)
                              c:/direct/st/stm32cubeide_1.7.0/stm32cubeide/plugins/com.st.stm32cube.ide.mcu.externaltools.gnu-tools-for-stm32.9-2020-q2-update.win32_2.0.0.202105311346/tools/bin/../lib/gcc/arm-none-eabi/9.3.1/../../../../arm-none-eabi/lib/thumb/v7-m/nofp/crt0.o (memset)
c:/direct/st/stm32cubeide_1.7.0/stm32cubeide/plugins/com.st.stm32cube.ide.mcu.externaltools.gnu-tools-for-stm32.9-2020-q2-update.win32_2.0.0.202105311346/tools/bin/../lib/gcc/arm-none-eabi/9.3.1/thumb/v7-m/nofp\libgcc.a(_arm_mulsf3.o)
                              ./Core/Src/App/pid.o (__aeabi_fmul)
c:/direct/st/stm32cubeide_1.7.0/stm32cubeide/plugins/com.st.stm32cube.ide.mcu.externaltools.gnu-tools-for-stm32.9-2020-q2-update.win32_2.0.0.202105311346/tools/bin/../lib/gcc/arm-none-eabi/9.3.1/thumb/v7-m/nofp\libgcc.a(_arm_addsubsf3.o)
                              ./Core/Src/App/pid.o (__aeabi_fsub)
c:/direct/st/stm32cubeide_1.7.0/stm32cubeide/plugins/com.st.stm32cube.ide.mcu.externaltools.gnu-tools-for-stm32.9-2020-q2-update.win32_2.0.0.202105311346/tools/bin/../lib/gcc/arm-none-eabi/9.3.1/thumb/v7-m/nofp\libgcc.a(_arm_muldivsf3.o)
                              ./Core/Src/App/potentiometer.o (__aeabi_fdiv)
c:/direct/st/stm32cubeide_1.7.0/stm32cubeide/plugins/com.st.stm32cube.ide.mcu.externaltools.gnu-tools-for-stm32.9-2020-q2-update.win32_2.0.0.202105311346/tools/bin/../lib/gcc/arm-none-eabi/9.3.1/thumb/v7-m/nofp\libgcc.a(_arm_cmpsf2.o)
                              ./Core/Src/App/signal.o (__aeabi_fcmpeq)
c:/direct/st/stm32cubeide_1.7.0/stm32cubeide/plugins/com.st.stm32cube.ide.mcu.externaltools.gnu-tools-for-stm32.9-2020-q2-update.win32_2.0.0.202105311346/tools/bin/../lib/gcc/arm-none-eabi/9.3.1/thumb/v7-m/nofp\libgcc.a(_arm_fixsfsi.o)
                              ./Core/Src/App/app.o (__aeabi_f2iz)

Allocating common symbols
Common symbol       size              file

hUsbDeviceFS        0x2c4             ./USB_DEVICE/App/usb_device.o
htim4               0x48              ./Core/Src/main.o
settings            0x40              ./Core/Src/App/settings.o
hcrc                0x8               ./Core/Src/main.o
signal_length       0x4               ./Core/Src/App/signal.o
potentiometer_max   0x2               ./Core/Src/App/potentiometer.o
[...]
Memory Configuration

Name             Origin             Length             Attributes
RAM              0x0000000020000000 0x0000000000005000 xrw
FLASH            0x0000000008000000 0x0000000000010000 xr
*default*        0x0000000000000000 0xffffffffffffffff

Linker script and memory map

LOAD c:/direct/st/stm32cubeide_1.7.0/stm32cubeide/plugins/com.st.stm32cube.ide.mcu.externaltools.gnu-tools-for-stm32.9-2020-q2-update.win32_2.0.0.202105311346/tools/bin/../lib/gcc/arm-none-eabi/9.3.1/thumb/v7-m/nofp/crti.o
LOAD c:/direct/st/stm32cubeide_1.7.0/stm32cubeide/plugins/com.st.stm32cube.ide.mcu.externaltools.gnu-tools-for-stm32.9-2020-q2-update.win32_2.0.0.202105311346/tools/bin/../lib/gcc/arm-none-eabi/9.3.1/thumb/v7-m/nofp/crtbegin.o
LOAD c:/direct/st/stm32cubeide_1.7.0/stm32cubeide/plugins/com.st.stm32cube.ide.mcu.externaltools.gnu-tools-for-stm32.9-2020-q2-update.win32_2.0.0.202105311346/tools/bin/../lib/gcc/arm-none-eabi/9.3.1/../../../../arm-none-eabi/lib/thumb/v7-m/nofp/crt0.o
LOAD ./Core/Src/App/app.o
LOAD ./Core/Src/App/flash.o
LOAD ./Core/Src/App/general.o
LOAD ./Core/Src/App/interrupts.o
LOAD ./Core/Src/App/led.o
LOAD ./Core/Src/App/motor.o
LOAD ./Core/Src/App/pid.o
LOAD ./Core/Src/App/potentiometer.o
LOAD ./Core/Src/App/settings.o
LOAD ./Core/Src/App/signal.o
LOAD ./Core/Src/App/usb.o
LOAD ./Core/Src/main.o
LOAD ./Core/Src/stm32f1xx_hal_msp.o
LOAD ./Core/Src/stm32f1xx_it.o
LOAD ./Core/Src/syscalls.o
LOAD ./Core/Src/sysmem.o
LOAD ./Core/Src/system_stm32f1xx.o
LOAD ./Core/Startup/startup_stm32f103c8tx.o
LOAD ./Drivers/STM32F1xx_HAL_Driver/Src/stm32f1xx_hal.o
LOAD ./Drivers/STM32F1xx_HAL_Driver/Src/stm32f1xx_hal_adc.o
LOAD ./Drivers/STM32F1xx_HAL_Driver/Src/stm32f1xx_hal_adc_ex.o
LOAD ./Drivers/STM32F1xx_HAL_Driver/Src/stm32f1xx_hal_cortex.o
LOAD ./Drivers/STM32F1xx_HAL_Driver/Src/stm32f1xx_hal_crc.o
LOAD ./Drivers/STM32F1xx_HAL_Driver/Src/stm32f1xx_hal_dma.o
LOAD ./Drivers/STM32F1xx_HAL_Driver/Src/stm32f1xx_hal_exti.o
LOAD ./Drivers/STM32F1xx_HAL_Driver/Src/stm32f1xx_hal_flash.o
LOAD ./Drivers/STM32F1xx_HAL_Driver/Src/stm32f1xx_hal_flash_ex.o
LOAD ./Drivers/STM32F1xx_HAL_Driver/Src/stm32f1xx_hal_gpio.o
LOAD ./Drivers/STM32F1xx_HAL_Driver/Src/stm32f1xx_hal_gpio_ex.o
LOAD ./Drivers/STM32F1xx_HAL_Driver/Src/stm32f1xx_hal_pcd.o
LOAD ./Drivers/STM32F1xx_HAL_Driver/Src/stm32f1xx_hal_pcd_ex.o
LOAD ./Drivers/STM32F1xx_HAL_Driver/Src/stm32f1xx_hal_pwr.o
LOAD ./Drivers/STM32F1xx_HAL_Driver/Src/stm32f1xx_hal_rcc.o
LOAD ./Drivers/STM32F1xx_HAL_Driver/Src/stm32f1xx_hal_rcc_ex.o
LOAD ./Drivers/STM32F1xx_HAL_Driver/Src/stm32f1xx_hal_tim.o
LOAD ./Drivers/STM32F1xx_HAL_Driver/Src/stm32f1xx_hal_tim_ex.o
LOAD ./Drivers/STM32F1xx_HAL_Driver/Src/stm32f1xx_ll_usb.o
LOAD ./Middlewares/ST/STM32_USB_Device_Library/Class/CDC/Src/usbd_cdc.o
LOAD ./Middlewares/ST/STM32_USB_Device_Library/Core/Src/usbd_core.o
LOAD ./Middlewares/ST/STM32_USB_Device_Library/Core/Src/usbd_ctlreq.o
LOAD ./Middlewares/ST/STM32_USB_Device_Library/Core/Src/usbd_ioreq.o
LOAD ./USB_DEVICE/App/usb_device.o
LOAD ./USB_DEVICE/App/usbd_cdc_if.o
LOAD ./USB_DEVICE/App/usbd_desc.o
LOAD ./USB_DEVICE/Target/usbd_conf.o
START GROUP
LOAD c:/direct/st/stm32cubeide_1.7.0/stm32cubeide/plugins/com.st.stm32cube.ide.mcu.externaltools.gnu-tools-for-stm32.9-2020-q2-update.win32_2.0.0.202105311346/tools/bin/../lib/gcc/arm-none-eabi/9.3.1/../../../../arm-none-eabi/lib/thumb/v7-m/nofp\libc_nano.a
LOAD c:/direct/st/stm32cubeide_1.7.0/stm32cubeide/plugins/com.st.stm32cube.ide.mcu.externaltools.gnu-tools-for-stm32.9-2020-q2-update.win32_2.0.0.202105311346/tools/bin/../lib/gcc/arm-none-eabi/9.3.1/../../../../arm-none-eabi/lib/thumb/v7-m/nofp\libm.a
END GROUP
START GROUP
LOAD c:/direct/st/stm32cubeide_1.7.0/stm32cubeide/plugins/com.st.stm32cube.ide.mcu.externaltools.gnu-tools-for-stm32.9-2020-q2-update.win32_2.0.0.202105311346/tools/bin/../lib/gcc/arm-none-eabi/9.3.1/thumb/v7-m/nofp\libgcc.a
LOAD c:/direct/st/stm32cubeide_1.7.0/stm32cubeide/plugins/com.st.stm32cube.ide.mcu.externaltools.gnu-tools-for-stm32.9-2020-q2-update.win32_2.0.0.202105311346/tools/bin/../lib/gcc/arm-none-eabi/9.3.1/../../../../arm-none-eabi/lib/thumb/v7-m/nofp\libc_nano.a
END GROUP
START GROUP
LOAD c:/direct/st/stm32cubeide_1.7.0/stm32cubeide/plugins/com.st.stm32cube.ide.mcu.externaltools.gnu-tools-for-stm32.9-2020-q2-update.win32_2.0.0.202105311346/tools/bin/../lib/gcc/arm-none-eabi/9.3.1/thumb/v7-m/nofp\libgcc.a
LOAD c:/direct/st/stm32cubeide_1.7.0/stm32cubeide/plugins/com.st.stm32cube.ide.mcu.externaltools.gnu-tools-for-stm32.9-2020-q2-update.win32_2.0.0.202105311346/tools/bin/../lib/gcc/arm-none-eabi/9.3.1/../../../../arm-none-eabi/lib/thumb/v7-m/nofp\libc_nano.a
LOAD c:/direct/st/stm32cubeide_1.7.0/stm32cubeide/plugins/com.st.stm32cube.ide.mcu.externaltools.gnu-tools-for-stm32.9-2020-q2-update.win32_2.0.0.202105311346/tools/bin/../lib/gcc/arm-none-eabi/9.3.1/../../../../arm-none-eabi/lib/thumb/v7-m/nofp\libnosys.a
END GROUP
START GROUP
LOAD c:/direct/st/stm32cubeide_1.7.0/stm32cubeide/plugins/com.st.stm32cube.ide.mcu.externaltools.gnu-tools-for-stm32.9-2020-q2-update.win32_2.0.0.202105311346/tools/bin/../lib/gcc/arm-none-eabi/9.3.1/thumb/v7-m/nofp\libgcc.a
LOAD c:/direct/st/stm32cubeide_1.7.0/stm32cubeide/plugins/com.st.stm32cube.ide.mcu.externaltools.gnu-tools-for-stm32.9-2020-q2-update.win32_2.0.0.202105311346/tools/bin/../lib/gcc/arm-none-eabi/9.3.1/../../../../arm-none-eabi/lib/thumb/v7-m/nofp\libc_nano.a
LOAD c:/direct/st/stm32cubeide_1.7.0/stm32cubeide/plugins/com.st.stm32cube.ide.mcu.externaltools.gnu-tools-for-stm32.9-2020-q2-update.win32_2.0.0.202105311346/tools/bin/../lib/gcc/arm-none-eabi/9.3.1/../../../../arm-none-eabi/lib/thumb/v7-m/nofp\libnosys.a
END GROUP
LOAD c:/direct/st/stm32cubeide_1.7.0/stm32cubeide/plugins/com.st.stm32cube.ide.mcu.externaltools.gnu-tools-for-stm32.9-2020-q2-update.win32_2.0.0.202105311346/tools/bin/../lib/gcc/arm-none-eabi/9.3.1/thumb/v7-m/nofp/crtend.o
LOAD c:/direct/st/stm32cubeide_1.7.0/stm32cubeide/plugins/com.st.stm32cube.ide.mcu.externaltools.gnu-tools-for-stm32.9-2020-q2-update.win32_2.0.0.202105311346/tools/bin/../lib/gcc/arm-none-eabi/9.3.1/thumb/v7-m/nofp/crtn.o
                0x0000000020005000                _estack = (ORIGIN (RAM) + LENGTH (RAM))
                0x0000000000000200                _Min_Heap_Size = 0x200
                0x0000000000000400                _Min_Stack_Size = 0x400

.isr_vector     0x0000000008000000      0x10c
                0x0000000008000000                . = ALIGN (0x4)
 *(.isr_vector)
 .isr_vector    0x0000000008000000      0x10c ./Core/Startup/startup_stm32f103c8tx.o
                0x0000000008000000                g_pfnVectors
                0x000000000800010c                . = ALIGN (0x4)

.text           0x000000000800010c     0xb944
                0x000000000800010c                . = ALIGN (0x4)
 *(.text)
 .text          0x000000000800010c       0x40 c:/direct/st/stm32cubeide_1.7.0/stm32cubeide/plugins/com.st.stm32cube.ide.mcu.externaltools.gnu-tools-for-stm32.9-2020-q2-update.win32_2.0.0.202105311346/tools/bin/../lib/gcc/arm-none-eabi/9.3.1/thumb/v7-m/nofp/crtbegin.o
 .text          0x000000000800014c      0x21c c:/direct/st/stm32cubeide_1.7.0/stm32cubeide/plugins/com.st.stm32cube.ide.mcu.externaltools.gnu-tools-for-stm32.9-2020-q2-update.win32_2.0.0.202105311346/tools/bin/../lib/gcc/arm-none-eabi/9.3.1/thumb/v7-m/nofp\libgcc.a(_arm_addsubsf3.o)
                0x000000000800014c                __aeabi_frsub
                0x0000000008000154                __subsf3
                0x0000000008000154                __aeabi_fsub
                0x0000000008000158                __aeabi_fadd
                0x0000000008000158                __addsf3
                0x00000000080002b8                __aeabi_ui2f
                0x00000000080002b8                __floatunsisf
                0x00000000080002c0                __aeabi_i2f
                0x00000000080002c0                __floatsisf
                0x00000000080002dc                __aeabi_ul2f
                0x00000000080002dc                __floatundisf
                0x00000000080002ec                __aeabi_l2f
                0x00000000080002ec                __floatdisf
 .text          0x0000000008000368      0x2a0 c:/direct/st/stm32cubeide_1.7.0/stm32cubeide/plugins/com.st.stm32cube.ide.mcu.externaltools.gnu-tools-for-stm32.9-2020-q2-update.win32_2.0.0.202105311346/tools/bin/../lib/gcc/arm-none-eabi/9.3.1/thumb/v7-m/nofp\libgcc.a(_arm_muldivsf3.o)
                0x0000000008000368                __mulsf3
                0x0000000008000368                __aeabi_fmul
                0x00000000080004d0                __aeabi_fdiv
                0x00000000080004d0                __divsf3
 .text          0x0000000008000608       0xec c:/direct/st/stm32cubeide_1.7.0/stm32cubeide/plugins/com.st.stm32cube.ide.mcu.externaltools.gnu-tools-for-stm32.9-2020-q2-update.win32_2.0.0.202105311346/tools/bin/../lib/gcc/arm-none-eabi/9.3.1/thumb/v7-m/nofp\libgcc.a(_arm_cmpsf2.o)
                0x0000000008000608                __gesf2
                0x0000000008000608                __gtsf2
                0x0000000008000610                __lesf2
                0x0000000008000610                __ltsf2
                0x0000000008000618                __nesf2
                0x0000000008000618                __eqsf2
                0x0000000008000618                __cmpsf2
                0x0000000008000678                __aeabi_cfrcmple
                0x0000000008000680                __aeabi_cfcmpeq
                0x0000000008000680                __aeabi_cfcmple
                0x0000000008000690                __aeabi_fcmpeq
                0x00000000080006a4                __aeabi_fcmplt
                0x00000000080006b8                __aeabi_fcmple
                0x00000000080006cc                __aeabi_fcmpge
                0x00000000080006e0                __aeabi_fcmpgt
 .text          0x00000000080006f4       0x4c c:/direct/st/stm32cubeide_1.7.0/stm32cubeide/plugins/com.st.stm32cube.ide.mcu.externaltools.gnu-tools-for-stm32.9-2020-q2-update.win32_2.0.0.202105311346/tools/bin/../lib/gcc/arm-none-eabi/9.3.1/thumb/v7-m/nofp\libgcc.a(_arm_fixsfsi.o)
                0x00000000080006f4                __aeabi_f2iz
                0x00000000080006f4                __fixsfsi
 *(.text*)
 .text.Potentiometer_Ready
                0x0000000008000740       0x98 ./Core/Src/App/app.o
                0x0000000008000740                Potentiometer_Ready
 .text.PID_Ready
                0x00000000080007d8       0x20 ./Core/Src/App/app.o
                0x00000000080007d8                PID_Ready
 .text.App_Init
                0x00000000080007f8       0x1c ./Core/Src/App/app.o
                0x00000000080007f8                App_Init
 .text.App_Loop
                0x0000000008000814      0x124 ./Core/Src/App/app.o
                0x0000000008000814                App_Loop
 .text.Flash_Read
                0x0000000008000938       0x3e ./Core/Src/App/flash.o
                0x0000000008000938                Flash_Read
 .text.Flash_Write
                0x0000000008000976      0x12e ./Core/Src/App/flash.o
                0x0000000008000976                Flash_Write
 .text.General_Copy_32_Bit
                0x0000000008000aa4       0x3a ./Core/Src/App/general.o
                0x0000000008000aa4                General_Copy_32_Bit
 .text.General_Copy_16_Bit
                0x0000000008000ade       0x3a ./Core/Src/App/general.o
                0x0000000008000ade                General_Copy_16_Bit
 .text.HAL_ADC_ConvCpltCallback
                0x0000000008000b18       0x24 ./Core/Src/App/interrupts.o
                0x0000000008000b18                HAL_ADC_ConvCpltCallback
 .text.HAL_TIM_PeriodElapsedCallback
                0x0000000008000b3c       0x24 ./Core/Src/App/interrupts.o
                0x0000000008000b3c                HAL_TIM_PeriodElapsedCallback
 .text.Interrupts_SysTick
                0x0000000008000b60       0x14 ./Core/Src/App/interrupts.o
                0x0000000008000b60                Interrupts_SysTick
 .text.HAL_GPIO_EXTI_Callback
                0x0000000008000b74       0x2a ./Core/Src/App/interrupts.o
                0x0000000008000b74                HAL_GPIO_EXTI_Callback
 *fill*         0x0000000008000b9e        0x2 
 .text.LED_SysTick_Interrupt
                0x0000000008000ba0       0x38 ./Core/Src/App/led.o
                0x0000000008000ba0                LED_SysTick_Interrupt
 .text.LED_Set  0x0000000008000bd8       0x34 ./Core/Src/App/led.o
                0x0000000008000bd8                LED_Set
 .text.LED_Update
                0x0000000008000c0c       0x7c ./Core/Src/App/led.o
                0x0000000008000c0c                LED_Update
 .text.Motor_SysTick_Interrupt
                0x0000000008000c88       0x44 ./Core/Src/App/motor.o
                0x0000000008000c88                Motor_SysTick_Interrupt
 .text.Motor_Set
                0x0000000008000ccc       0xd0 ./Core/Src/App/motor.o
                0x0000000008000ccc                Motor_Set
 .text.Motor_Get
                0x0000000008000d9c       0x7c ./Core/Src/App/motor.o
                0x0000000008000d9c                Motor_Get
 .text.Motor_Init
                0x0000000008000e18       0x1c ./Core/Src/App/motor.o
                0x0000000008000e18                Motor_Init
 .text.PID_Timer_Stop
                0x0000000008000e34       0x14 ./Core/Src/App/pid.o
                0x0000000008000e34                PID_Timer_Stop
 .text.PID_Timer_Restart
                0x0000000008000e48       0x18 ./Core/Src/App/pid.o
                0x0000000008000e48                PID_Timer_Restart
 .text.PID_Timer_Interrupt
                0x0000000008000e60       0x20 ./Core/Src/App/pid.o
                0x0000000008000e60                PID_Timer_Interrupt
 .text.PID_Get_Sampling_Time
                0x0000000008000e80       0x24 ./Core/Src/App/pid.o
                0x0000000008000e80                PID_Get_Sampling_Time
 .text.PID_Set_Sampling_Time
                0x0000000008000ea4       0x34 ./Core/Src/App/pid.o
                0x0000000008000ea4                PID_Set_Sampling_Time
 .text.PID_Compute
                0x0000000008000ed8      0x3b4 ./Core/Src/App/pid.o
                0x0000000008000ed8                PID_Compute
 .text.PID_Start
                0x000000000800128c       0x44 ./Core/Src/App/pid.o
                0x000000000800128c                PID_Start
 .text.PID_Stop
                0x00000000080012d0       0x20 ./Core/Src/App/pid.o
                0x00000000080012d0                PID_Stop
 .text.Potentiometer_ADC_Interrupt
                0x00000000080012f0       0x84 ./Core/Src/App/potentiometer.o
                0x00000000080012f0                Potentiometer_ADC_Interrupt
 .text.Potentiometer_Init
                0x0000000008001374       0x30 ./Core/Src/App/potentiometer.o
                0x0000000008001374                Potentiometer_Init
 .text.Settings_Read
                0x00000000080013a4      0x5c8 ./Core/Src/App/settings.o
                0x00000000080013a4                Settings_Read
 .text.Settings_Write
                0x000000000800196c      0x1c4 ./Core/Src/App/settings.o
                0x000000000800196c                Settings_Write
 .text.Signal_SysTick_Interrupt
                0x0000000008001b30       0x80 ./Core/Src/App/signal.o
                0x0000000008001b30                Signal_SysTick_Interrupt
 .text.Signal_Interrupt
                0x0000000008001bb0      0x150 ./Core/Src/App/signal.o
                0x0000000008001bb0                Signal_Interrupt
 .text.Signal_Read_Timer
                0x0000000008001d00       0x18 ./Core/Src/App/signal.o
                0x0000000008001d00                Signal_Read_Timer
 .text.Signal_Timer_Reset
                0x0000000008001d18       0x18 ./Core/Src/App/signal.o
                0x0000000008001d18                Signal_Timer_Reset
 .text.Signal_Read
                0x0000000008001d30       0x60 ./Core/Src/App/signal.o
                0x0000000008001d30                Signal_Read
 .text.Signal_Init
                0x0000000008001d90       0x14 ./Core/Src/App/signal.o
                0x0000000008001d90                Signal_Init
 .text.USB_Det_Read
                0x0000000008001da4       0x64 ./Core/Src/App/usb.o
                0x0000000008001da4                USB_Det_Read
 .text.USB_Det_Interrupt
                0x0000000008001e08       0x34 ./Core/Src/App/usb.o
                0x0000000008001e08                USB_Det_Interrupt
 .text.USB_Init
                0x0000000008001e3c       0x24 ./Core/Src/App/usb.o
                0x0000000008001e3c                USB_Init
 .text.USB_Packet_Received
                0x0000000008001e60       0xe0 ./Core/Src/App/usb.o
                0x0000000008001e60                USB_Packet_Received
 .text.USB_Parse_Config
                0x0000000008001f40       0x20 ./Core/Src/App/usb.o
                0x0000000008001f40                USB_Parse_Config
 .text.USB_Send_Config
                0x0000000008001f60      0x1b0 ./Core/Src/App/usb.o
                0x0000000008001f60                USB_Send_Config
 .text.USB_Parse_Status
                0x0000000008002110      0x1ec ./Core/Src/App/usb.o
                0x0000000008002110                USB_Parse_Status
 .text.USB_Send_Status
                0x00000000080022fc       0xa8 ./Core/Src/App/usb.o
                0x00000000080022fc                USB_Send_Status
 .text.main     0x00000000080023a4       0x32 ./Core/Src/main.o
                0x00000000080023a4                main
 .text.SystemClock_Config
                0x00000000080023d6       0xba ./Core/Src/main.o
                0x00000000080023d6                SystemClock_Config
 .text.MX_ADC1_Init
                0x0000000008002490       0x7c ./Core/Src/main.o
 .text.MX_CRC_Init
                0x000000000800250c       0x28 ./Core/Src/main.o
 .text.MX_TIM2_Init
                0x0000000008002534      0x104 ./Core/Src/main.o
 .text.MX_TIM3_Init
                0x0000000008002638       0x9c ./Core/Src/main.o
 .text.MX_TIM4_Init
                0x00000000080026d4       0x9c ./Core/Src/main.o
 .text.MX_GPIO_Init
                0x0000000008002770       0xd4 ./Core/Src/main.o
 .text.Error_Handler
                0x0000000008002844        0xa ./Core/Src/main.o
                0x0000000008002844                Error_Handler
 *fill*         0x000000000800284e        0x2 
 .text.HAL_MspInit
                0x0000000008002850       0x64 ./Core/Src/stm32f1xx_hal_msp.o
                0x0000000008002850                HAL_MspInit
 .text.HAL_ADC_MspInit
                0x00000000080028b4       0x88 ./Core/Src/stm32f1xx_hal_msp.o
                0x00000000080028b4                HAL_ADC_MspInit
 .text.HAL_CRC_MspInit
                0x000000000800293c       0x3c ./Core/Src/stm32f1xx_hal_msp.o
                0x000000000800293c                HAL_CRC_MspInit
 .text.HAL_TIM_Base_MspInit
                0x0000000008002978       0x98 ./Core/Src/stm32f1xx_hal_msp.o
                0x0000000008002978                HAL_TIM_Base_MspInit
 .text.HAL_TIM_MspPostInit
                0x0000000008002a10       0x60 ./Core/Src/stm32f1xx_hal_msp.o
                0x0000000008002a10                HAL_TIM_MspPostInit
 .text.NMI_Handler
                0x0000000008002a70        0x6 ./Core/Src/stm32f1xx_it.o
                0x0000000008002a70                NMI_Handler
 .text.HardFault_Handler
                0x0000000008002a76        0x6 ./Core/Src/stm32f1xx_it.o
                0x0000000008002a76                HardFault_Handler
 .text.MemManage_Handler
                0x0000000008002a7c        0x6 ./Core/Src/stm32f1xx_it.o
                0x0000000008002a7c                MemManage_Handler
 .text.BusFault_Handler
                0x0000000008002a82        0x6 ./Core/Src/stm32f1xx_it.o
                0x0000000008002a82                BusFault_Handler
 .text.UsageFault_Handler
                0x0000000008002a88        0x6 ./Core/Src/stm32f1xx_it.o
                0x0000000008002a88                UsageFault_Handler
 .text.SVC_Handler
                0x0000000008002a8e        0xc ./Core/Src/stm32f1xx_it.o
                0x0000000008002a8e                SVC_Handler
 .text.DebugMon_Handler
                0x0000000008002a9a        0xc ./Core/Src/stm32f1xx_it.o
                0x0000000008002a9a                DebugMon_Handler
 .text.PendSV_Handler
                0x0000000008002aa6        0xc ./Core/Src/stm32f1xx_it.o
                0x0000000008002aa6                PendSV_Handler
 .text.SysTick_Handler
                0x0000000008002ab2       0x10 ./Core/Src/stm32f1xx_it.o
                0x0000000008002ab2                SysTick_Handler
 .text.EXTI1_IRQHandler
                0x0000000008002ac2        0xe ./Core/Src/stm32f1xx_it.o
                0x0000000008002ac2                EXTI1_IRQHandler
 .text.ADC1_2_IRQHandler
                0x0000000008002ad0       0x14 ./Core/Src/stm32f1xx_it.o
                0x0000000008002ad0                ADC1_2_IRQHandler
 .text.USB_LP_CAN1_RX0_IRQHandler
                0x0000000008002ae4       0x14 ./Core/Src/stm32f1xx_it.o
                0x0000000008002ae4                USB_LP_CAN1_RX0_IRQHandler
 .text.EXTI9_5_IRQHandler
                0x0000000008002af8       0x10 ./Core/Src/stm32f1xx_it.o
                0x0000000008002af8                EXTI9_5_IRQHandler
 .text.TIM3_IRQHandler
                0x0000000008002b08       0x14 ./Core/Src/stm32f1xx_it.o
                0x0000000008002b08                TIM3_IRQHandler
 .text.SystemInit
                0x0000000008002b1c        0xc ./Core/Src/system_stm32f1xx.o
                0x0000000008002b1c                SystemInit
 .text.Reset_Handler
                0x0000000008002b28       0x48 ./Core/Startup/startup_stm32f103c8tx.o
                0x0000000008002b28                Reset_Handler
 .text.Default_Handler
                0x0000000008002b70        0x2 ./Core/Startup/startup_stm32f103c8tx.o
                0x0000000008002b70                RTC_Alarm_IRQHandler
                0x0000000008002b70                EXTI2_IRQHandler
                0x0000000008002b70                TIM1_CC_IRQHandler
                0x0000000008002b70                PVD_IRQHandler
                0x0000000008002b70                EXTI3_IRQHandler
                0x0000000008002b70                EXTI0_IRQHandler
                0x0000000008002b70                I2C2_EV_IRQHandler
                0x0000000008002b70                SPI1_IRQHandler
                0x0000000008002b70                TAMPER_IRQHandler
                0x0000000008002b70                DMA1_Channel4_IRQHandler
                0x0000000008002b70                USART3_IRQHandler
                0x0000000008002b70                RTC_IRQHandler
                0x0000000008002b70                DMA1_Channel7_IRQHandler
                0x0000000008002b70                CAN1_RX1_IRQHandler
                0x0000000008002b70                TIM4_IRQHandler
                0x0000000008002b70                I2C1_EV_IRQHandler
                0x0000000008002b70                DMA1_Channel6_IRQHandler
                0x0000000008002b70                RCC_IRQHandler
                0x0000000008002b70                TIM1_TRG_COM_IRQHandler
                0x0000000008002b70                DMA1_Channel1_IRQHandler
                0x0000000008002b70                Default_Handler
                0x0000000008002b70                EXTI15_10_IRQHandler
                0x0000000008002b70                SPI2_IRQHandler
                0x0000000008002b70                DMA1_Channel5_IRQHandler
                0x0000000008002b70                EXTI4_IRQHandler
                0x0000000008002b70                USB_HP_CAN1_TX_IRQHandler
                0x0000000008002b70                DMA1_Channel3_IRQHandler
                0x0000000008002b70                TIM1_UP_IRQHandler
                0x0000000008002b70                WWDG_IRQHandler
                0x0000000008002b70                TIM2_IRQHandler
                0x0000000008002b70                TIM1_BRK_IRQHandler
                0x0000000008002b70                USART2_IRQHandler
                0x0000000008002b70                I2C2_ER_IRQHandler
                0x0000000008002b70                DMA1_Channel2_IRQHandler
                0x0000000008002b70                CAN1_SCE_IRQHandler
                0x0000000008002b70                FLASH_IRQHandler
                0x0000000008002b70                USART1_IRQHandler
                0x0000000008002b70                I2C1_ER_IRQHandler
                0x0000000008002b70                USBWakeUp_IRQHandler
 *fill*         0x0000000008002b72        0x2 
 .text.HAL_Init
                0x0000000008002b74       0x2c ./Drivers/STM32F1xx_HAL_Driver/Src/stm32f1xx_hal.o
                0x0000000008002b74                HAL_Init
 .text.HAL_InitTick
                0x0000000008002ba0       0x60 ./Drivers/STM32F1xx_HAL_Driver/Src/stm32f1xx_hal.o
                0x0000000008002ba0                HAL_InitTick
 .text.HAL_IncTick
                0x0000000008002c00       0x24 ./Drivers/STM32F1xx_HAL_Driver/Src/stm32f1xx_hal.o
                0x0000000008002c00                HAL_IncTick
 .text.HAL_GetTick
                0x0000000008002c24       0x14 ./Drivers/STM32F1xx_HAL_Driver/Src/stm32f1xx_hal.o
                0x0000000008002c24                HAL_GetTick
 .text.HAL_ADC_Init
                0x0000000008002c38      0x1b0 ./Drivers/STM32F1xx_HAL_Driver/Src/stm32f1xx_hal_adc.o
                0x0000000008002c38                HAL_ADC_Init
 .text.HAL_ADC_Start_IT
                0x0000000008002de8      0x16c ./Drivers/STM32F1xx_HAL_Driver/Src/stm32f1xx_hal_adc.o
                0x0000000008002de8                HAL_ADC_Start_IT
 .text.HAL_ADC_Stop_IT
                0x0000000008002f54       0x68 ./Drivers/STM32F1xx_HAL_Driver/Src/stm32f1xx_hal_adc.o
                0x0000000008002f54                HAL_ADC_Stop_IT
 .text.HAL_ADC_GetValue
                0x0000000008002fbc       0x18 ./Drivers/STM32F1xx_HAL_Driver/Src/stm32f1xx_hal_adc.o
                0x0000000008002fbc                HAL_ADC_GetValue
 .text.HAL_ADC_IRQHandler
                0x0000000008002fd4      0x186 ./Drivers/STM32F1xx_HAL_Driver/Src/stm32f1xx_hal_adc.o
                0x0000000008002fd4                HAL_ADC_IRQHandler
 .text.HAL_ADC_LevelOutOfWindowCallback
                0x000000000800315a       0x12 ./Drivers/STM32F1xx_HAL_Driver/Src/stm32f1xx_hal_adc.o
                0x000000000800315a                HAL_ADC_LevelOutOfWindowCallback
 .text.HAL_ADC_ConfigChannel
                0x000000000800316c      0x1f0 ./Drivers/STM32F1xx_HAL_Driver/Src/stm32f1xx_hal_adc.o
                0x000000000800316c                HAL_ADC_ConfigChannel
 .text.ADC_Enable
                0x000000000800335c       0xb4 ./Drivers/STM32F1xx_HAL_Driver/Src/stm32f1xx_hal_adc.o
                0x000000000800335c                ADC_Enable
 .text.ADC_ConversionStop_Disable
                0x0000000008003410       0x82 ./Drivers/STM32F1xx_HAL_Driver/Src/stm32f1xx_hal_adc.o
                0x0000000008003410                ADC_ConversionStop_Disable
 *fill*         0x0000000008003492        0x2 
 .text.HAL_ADCEx_Calibration_Start
                0x0000000008003494      0x158 ./Drivers/STM32F1xx_HAL_Driver/Src/stm32f1xx_hal_adc_ex.o
                0x0000000008003494                HAL_ADCEx_Calibration_Start
 .text.HAL_ADCEx_InjectedConvCpltCallback
                0x00000000080035ec       0x12 ./Drivers/STM32F1xx_HAL_Driver/Src/stm32f1xx_hal_adc_ex.o
                0x00000000080035ec                HAL_ADCEx_InjectedConvCpltCallback
 *fill*         0x00000000080035fe        0x2 
 .text.__NVIC_SetPriorityGrouping
                0x0000000008003600       0x48 ./Drivers/STM32F1xx_HAL_Driver/Src/stm32f1xx_hal_cortex.o
 .text.__NVIC_GetPriorityGrouping
                0x0000000008003648       0x1c ./Drivers/STM32F1xx_HAL_Driver/Src/stm32f1xx_hal_cortex.o
 .text.__NVIC_EnableIRQ
                0x0000000008003664       0x38 ./Drivers/STM32F1xx_HAL_Driver/Src/stm32f1xx_hal_cortex.o
 .text.__NVIC_SetPriority
                0x000000000800369c       0x54 ./Drivers/STM32F1xx_HAL_Driver/Src/stm32f1xx_hal_cortex.o
 .text.NVIC_EncodePriority
                0x00000000080036f0       0x64 ./Drivers/STM32F1xx_HAL_Driver/Src/stm32f1xx_hal_cortex.o
 .text.SysTick_Config
                0x0000000008003754       0x44 ./Drivers/STM32F1xx_HAL_Driver/Src/stm32f1xx_hal_cortex.o
 .text.HAL_NVIC_SetPriorityGrouping
                0x0000000008003798       0x16 ./Drivers/STM32F1xx_HAL_Driver/Src/stm32f1xx_hal_cortex.o
                0x0000000008003798                HAL_NVIC_SetPriorityGrouping
 .text.HAL_NVIC_SetPriority
                0x00000000080037ae       0x38 ./Drivers/STM32F1xx_HAL_Driver/Src/stm32f1xx_hal_cortex.o
                0x00000000080037ae                HAL_NVIC_SetPriority
 .text.HAL_NVIC_EnableIRQ
                0x00000000080037e6       0x1c ./Drivers/STM32F1xx_HAL_Driver/Src/stm32f1xx_hal_cortex.o
                0x00000000080037e6                HAL_NVIC_EnableIRQ
 .text.HAL_SYSTICK_Config
                0x0000000008003802       0x18 ./Drivers/STM32F1xx_HAL_Driver/Src/stm32f1xx_hal_cortex.o
                0x0000000008003802                HAL_SYSTICK_Config
 .text.HAL_CRC_Init
                0x000000000800381a       0x38 ./Drivers/STM32F1xx_HAL_Driver/Src/stm32f1xx_hal_crc.o
                0x000000000800381a                HAL_CRC_Init
 .text.HAL_CRC_Calculate
                0x0000000008003852       0x64 ./Drivers/STM32F1xx_HAL_Driver/Src/stm32f1xx_hal_crc.o
                0x0000000008003852                HAL_CRC_Calculate
 *fill*         0x00000000080038b6        0x2 
 .text.HAL_FLASH_Program
                0x00000000080038b8       0xe0 ./Drivers/STM32F1xx_HAL_Driver/Src/stm32f1xx_hal_flash.o
                0x00000000080038b8                HAL_FLASH_Program
 .text.HAL_FLASH_Unlock
                0x0000000008003998       0x4c ./Drivers/STM32F1xx_HAL_Driver/Src/stm32f1xx_hal_flash.o
                0x0000000008003998                HAL_FLASH_Unlock
 .text.HAL_FLASH_Lock
                0x00000000080039e4       0x20 ./Drivers/STM32F1xx_HAL_Driver/Src/stm32f1xx_hal_flash.o
                0x00000000080039e4                HAL_FLASH_Lock
 .text.FLASH_Program_HalfWord
                0x0000000008003a04       0x38 ./Drivers/STM32F1xx_HAL_Driver/Src/stm32f1xx_hal_flash.o
 .text.FLASH_WaitForLastOperation
                0x0000000008003a3c       0x8c ./Drivers/STM32F1xx_HAL_Driver/Src/stm32f1xx_hal_flash.o
                0x0000000008003a3c                FLASH_WaitForLastOperation
 .text.FLASH_SetErrorCode
                0x0000000008003ac8       0xa0 ./Drivers/STM32F1xx_HAL_Driver/Src/stm32f1xx_hal_flash.o
 .text.HAL_FLASHEx_Erase
                0x0000000008003b68       0xd8 ./Drivers/STM32F1xx_HAL_Driver/Src/stm32f1xx_hal_flash_ex.o
                0x0000000008003b68                HAL_FLASHEx_Erase
 .text.FLASH_MassErase
                0x0000000008003c40       0x38 ./Drivers/STM32F1xx_HAL_Driver/Src/stm32f1xx_hal_flash_ex.o
 .text.FLASH_PageErase
                0x0000000008003c78       0x40 ./Drivers/STM32F1xx_HAL_Driver/Src/stm32f1xx_hal_flash_ex.o
                0x0000000008003c78                FLASH_PageErase
 .text.HAL_GPIO_Init
                0x0000000008003cb8      0x308 ./Drivers/STM32F1xx_HAL_Driver/Src/stm32f1xx_hal_gpio.o
                0x0000000008003cb8                HAL_GPIO_Init
 .text.HAL_GPIO_ReadPin
                0x0000000008003fc0       0x2e ./Drivers/STM32F1xx_HAL_Driver/Src/stm32f1xx_hal_gpio.o
                0x0000000008003fc0                HAL_GPIO_ReadPin
 .text.HAL_GPIO_WritePin
                0x0000000008003fee       0x30 ./Drivers/STM32F1xx_HAL_Driver/Src/stm32f1xx_hal_gpio.o
                0x0000000008003fee                HAL_GPIO_WritePin
 *fill*         0x000000000800401e        0x2 
 .text.HAL_GPIO_EXTI_IRQHandler
                0x0000000008004020       0x30 ./Drivers/STM32F1xx_HAL_Driver/Src/stm32f1xx_hal_gpio.o
                0x0000000008004020                HAL_GPIO_EXTI_IRQHandler
 .text.HAL_PCD_Init
                0x0000000008004050      0x216 ./Drivers/STM32F1xx_HAL_Driver/Src/stm32f1xx_hal_pcd.o
                0x0000000008004050                HAL_PCD_Init
 .text.HAL_PCD_Start
                0x0000000008004266       0x4c ./Drivers/STM32F1xx_HAL_Driver/Src/stm32f1xx_hal_pcd.o
                0x0000000008004266                HAL_PCD_Start
 .text.HAL_PCD_IRQHandler
                0x00000000080042b2      0x2aa ./Drivers/STM32F1xx_HAL_Driver/Src/stm32f1xx_hal_pcd.o
                0x00000000080042b2                HAL_PCD_IRQHandler
 .text.HAL_PCD_SetAddress
                0x000000000800455c       0x4a ./Drivers/STM32F1xx_HAL_Driver/Src/stm32f1xx_hal_pcd.o
                0x000000000800455c                HAL_PCD_SetAddress
 .text.HAL_PCD_EP_Open
                0x00000000080045a6       0xcc ./Drivers/STM32F1xx_HAL_Driver/Src/stm32f1xx_hal_pcd.o
                0x00000000080045a6                HAL_PCD_EP_Open
 .text.HAL_PCD_EP_Close
                0x0000000008004672       0x90 ./Drivers/STM32F1xx_HAL_Driver/Src/stm32f1xx_hal_pcd.o
                0x0000000008004672                HAL_PCD_EP_Close
 .text.HAL_PCD_EP_Receive
                0x0000000008004702       0x7a ./Drivers/STM32F1xx_HAL_Driver/Src/stm32f1xx_hal_pcd.o
                0x0000000008004702                HAL_PCD_EP_Receive
 .text.HAL_PCD_EP_GetRxCount
                0x000000000800477c       0x2e ./Drivers/STM32F1xx_HAL_Driver/Src/stm32f1xx_hal_pcd.o
                0x000000000800477c                HAL_PCD_EP_GetRxCount
 .text.HAL_PCD_EP_Transmit
                0x00000000080047aa       0x86 ./Drivers/STM32F1xx_HAL_Driver/Src/stm32f1xx_hal_pcd.o
                0x00000000080047aa                HAL_PCD_EP_Transmit
 .text.HAL_PCD_EP_SetStall
                0x0000000008004830       0xc0 ./Drivers/STM32F1xx_HAL_Driver/Src/stm32f1xx_hal_pcd.o
                0x0000000008004830                HAL_PCD_EP_SetStall
 .text.HAL_PCD_EP_ClrStall
                0x00000000080048f0       0xa8 ./Drivers/STM32F1xx_HAL_Driver/Src/stm32f1xx_hal_pcd.o
                0x00000000080048f0                HAL_PCD_EP_ClrStall
 .text.PCD_EP_ISR_Handler
                0x0000000008004998      0x600 ./Drivers/STM32F1xx_HAL_Driver/Src/stm32f1xx_hal_pcd.o
 .text.HAL_PCD_EP_DB_Receive
                0x0000000008004f98      0x21a ./Drivers/STM32F1xx_HAL_Driver/Src/stm32f1xx_hal_pcd.o
 .text.HAL_PCD_EP_DB_Transmit
                0x00000000080051b2      0x7a4 ./Drivers/STM32F1xx_HAL_Driver/Src/stm32f1xx_hal_pcd.o
 .text.HAL_PCDEx_PMAConfig
                0x0000000008005956       0x84 ./Drivers/STM32F1xx_HAL_Driver/Src/stm32f1xx_hal_pcd_ex.o
                0x0000000008005956                HAL_PCDEx_PMAConfig
 *fill*         0x00000000080059da        0x2 
 .text.HAL_RCC_OscConfig
                0x00000000080059dc      0x500 ./Drivers/STM32F1xx_HAL_Driver/Src/stm32f1xx_hal_rcc.o
                0x00000000080059dc                HAL_RCC_OscConfig
 .text.HAL_RCC_ClockConfig
                0x0000000008005edc      0x1d4 ./Drivers/STM32F1xx_HAL_Driver/Src/stm32f1xx_hal_rcc.o
                0x0000000008005edc                HAL_RCC_ClockConfig
 .text.HAL_RCC_GetSysClockFreq
                0x00000000080060b0       0xc0 ./Drivers/STM32F1xx_HAL_Driver/Src/stm32f1xx_hal_rcc.o
                0x00000000080060b0                HAL_RCC_GetSysClockFreq
 .text.HAL_RCC_GetHCLKFreq
                0x0000000008006170       0x14 ./Drivers/STM32F1xx_HAL_Driver/Src/stm32f1xx_hal_rcc.o
                0x0000000008006170                HAL_RCC_GetHCLKFreq
 .text.HAL_RCC_GetPCLK2Freq
                0x0000000008006184       0x28 ./Drivers/STM32F1xx_HAL_Driver/Src/stm32f1xx_hal_rcc.o
                0x0000000008006184                HAL_RCC_GetPCLK2Freq
 .text.RCC_Delay
                0x00000000080061ac       0x3c ./Drivers/STM32F1xx_HAL_Driver/Src/stm32f1xx_hal_rcc.o
 .text.HAL_RCCEx_PeriphCLKConfig
                0x00000000080061e8      0x16c ./Drivers/STM32F1xx_HAL_Driver/Src/stm32f1xx_hal_rcc_ex.o
                0x00000000080061e8                HAL_RCCEx_PeriphCLKConfig
 .text.HAL_RCCEx_GetPeriphCLKFreq
                0x0000000008006354      0x188 ./Drivers/STM32F1xx_HAL_Driver/Src/stm32f1xx_hal_rcc_ex.o
                0x0000000008006354                HAL_RCCEx_GetPeriphCLKFreq
 .text.HAL_TIM_Base_Init
                0x00000000080064dc       0x9e ./Drivers/STM32F1xx_HAL_Driver/Src/stm32f1xx_hal_tim.o
                0x00000000080064dc                HAL_TIM_Base_Init
 *fill*         0x000000000800657a        0x2 
 .text.HAL_TIM_Base_Start
                0x000000000800657c       0x94 ./Drivers/STM32F1xx_HAL_Driver/Src/stm32f1xx_hal_tim.o
                0x000000000800657c                HAL_TIM_Base_Start
 .text.HAL_TIM_Base_Start_IT
                0x0000000008006610       0xa4 ./Drivers/STM32F1xx_HAL_Driver/Src/stm32f1xx_hal_tim.o
                0x0000000008006610                HAL_TIM_Base_Start_IT
 .text.HAL_TIM_Base_Stop_IT
                0x00000000080066b4       0x5c ./Drivers/STM32F1xx_HAL_Driver/Src/stm32f1xx_hal_tim.o
                0x00000000080066b4                HAL_TIM_Base_Stop_IT
 .text.HAL_TIM_PWM_Init
                0x0000000008006710       0x9e ./Drivers/STM32F1xx_HAL_Driver/Src/stm32f1xx_hal_tim.o
                0x0000000008006710                HAL_TIM_PWM_Init
 .text.HAL_TIM_PWM_MspInit
                0x00000000080067ae       0x12 ./Drivers/STM32F1xx_HAL_Driver/Src/stm32f1xx_hal_tim.o
                0x00000000080067ae                HAL_TIM_PWM_MspInit
 .text.HAL_TIM_PWM_Start
                0x00000000080067c0      0x144 ./Drivers/STM32F1xx_HAL_Driver/Src/stm32f1xx_hal_tim.o
                0x00000000080067c0                HAL_TIM_PWM_Start
 .text.HAL_TIM_IRQHandler
                0x0000000008006904      0x210 ./Drivers/STM32F1xx_HAL_Driver/Src/stm32f1xx_hal_tim.o
                0x0000000008006904                HAL_TIM_IRQHandler
 .text.HAL_TIM_PWM_ConfigChannel
                0x0000000008006b14      0x17c ./Drivers/STM32F1xx_HAL_Driver/Src/stm32f1xx_hal_tim.o
                0x0000000008006b14                HAL_TIM_PWM_ConfigChannel
 .text.HAL_TIM_ConfigClockSource
                0x0000000008006c90      0x188 ./Drivers/STM32F1xx_HAL_Driver/Src/stm32f1xx_hal_tim.o
                0x0000000008006c90                HAL_TIM_ConfigClockSource
 .text.HAL_TIM_OC_DelayElapsedCallback
                0x0000000008006e18       0x12 ./Drivers/STM32F1xx_HAL_Driver/Src/stm32f1xx_hal_tim.o
                0x0000000008006e18                HAL_TIM_OC_DelayElapsedCallback
 .text.HAL_TIM_IC_CaptureCallback
                0x0000000008006e2a       0x12 ./Drivers/STM32F1xx_HAL_Driver/Src/stm32f1xx_hal_tim.o
                0x0000000008006e2a                HAL_TIM_IC_CaptureCallback
 .text.HAL_TIM_PWM_PulseFinishedCallback
                0x0000000008006e3c       0x12 ./Drivers/STM32F1xx_HAL_Driver/Src/stm32f1xx_hal_tim.o
                0x0000000008006e3c                HAL_TIM_PWM_PulseFinishedCallback
 .text.HAL_TIM_TriggerCallback
                0x0000000008006e4e       0x12 ./Drivers/STM32F1xx_HAL_Driver/Src/stm32f1xx_hal_tim.o
                0x0000000008006e4e                HAL_TIM_TriggerCallback
 .text.TIM_Base_SetConfig
                0x0000000008006e60       0xc4 ./Drivers/STM32F1xx_HAL_Driver/Src/stm32f1xx_hal_tim.o
                0x0000000008006e60                TIM_Base_SetConfig
 .text.TIM_OC1_SetConfig
                0x0000000008006f24       0xcc ./Drivers/STM32F1xx_HAL_Driver/Src/stm32f1xx_hal_tim.o
 .text.TIM_OC2_SetConfig
                0x0000000008006ff0       0xd4 ./Drivers/STM32F1xx_HAL_Driver/Src/stm32f1xx_hal_tim.o
                0x0000000008006ff0                TIM_OC2_SetConfig
 .text.TIM_OC3_SetConfig
                0x00000000080070c4       0xd4 ./Drivers/STM32F1xx_HAL_Driver/Src/stm32f1xx_hal_tim.o
 .text.TIM_OC4_SetConfig
                0x0000000008007198       0x9c ./Drivers/STM32F1xx_HAL_Driver/Src/stm32f1xx_hal_tim.o
 .text.TIM_TI1_ConfigInputStage
                0x0000000008007234       0x5c ./Drivers/STM32F1xx_HAL_Driver/Src/stm32f1xx_hal_tim.o
 .text.TIM_TI2_ConfigInputStage
                0x0000000008007290       0x5e ./Drivers/STM32F1xx_HAL_Driver/Src/stm32f1xx_hal_tim.o
 .text.TIM_ITRx_SetConfig
                0x00000000080072ee       0x34 ./Drivers/STM32F1xx_HAL_Driver/Src/stm32f1xx_hal_tim.o
 .text.TIM_ETR_SetConfig
                0x0000000008007322       0x3e ./Drivers/STM32F1xx_HAL_Driver/Src/stm32f1xx_hal_tim.o
                0x0000000008007322                TIM_ETR_SetConfig
 .text.TIM_CCxChannelCmd
                0x0000000008007360       0x48 ./Drivers/STM32F1xx_HAL_Driver/Src/stm32f1xx_hal_tim.o
                0x0000000008007360                TIM_CCxChannelCmd
 .text.HAL_TIMEx_MasterConfigSynchronization
                0x00000000080073a8       0xbc ./Drivers/STM32F1xx_HAL_Driver/Src/stm32f1xx_hal_tim_ex.o
                0x00000000080073a8                HAL_TIMEx_MasterConfigSynchronization
 .text.HAL_TIMEx_CommutCallback
                0x0000000008007464       0x12 ./Drivers/STM32F1xx_HAL_Driver/Src/stm32f1xx_hal_tim_ex.o
                0x0000000008007464                HAL_TIMEx_CommutCallback
 .text.HAL_TIMEx_BreakCallback
                0x0000000008007476       0x12 ./Drivers/STM32F1xx_HAL_Driver/Src/stm32f1xx_hal_tim_ex.o
                0x0000000008007476                HAL_TIMEx_BreakCallback
 .text.USB_CoreInit
                0x0000000008007488       0x20 ./Drivers/STM32F1xx_HAL_Driver/Src/stm32f1xx_ll_usb.o
                0x0000000008007488                USB_CoreInit
 .text.USB_EnableGlobalInt
                0x00000000080074a8       0x2c ./Drivers/STM32F1xx_HAL_Driver/Src/stm32f1xx_ll_usb.o
                0x00000000080074a8                USB_EnableGlobalInt
 .text.USB_DisableGlobalInt
                0x00000000080074d4       0x34 ./Drivers/STM32F1xx_HAL_Driver/Src/stm32f1xx_ll_usb.o
                0x00000000080074d4                USB_DisableGlobalInt
 .text.USB_SetCurrentMode
                0x0000000008007508       0x18 ./Drivers/STM32F1xx_HAL_Driver/Src/stm32f1xx_ll_usb.o
                0x0000000008007508                USB_SetCurrentMode
 .text.USB_DevInit
                0x0000000008007520       0x40 ./Drivers/STM32F1xx_HAL_Driver/Src/stm32f1xx_ll_usb.o
                0x0000000008007520                USB_DevInit
 .text.USB_ActivateEndpoint
                0x0000000008007560      0x6d4 ./Drivers/STM32F1xx_HAL_Driver/Src/stm32f1xx_ll_usb.o
                0x0000000008007560                USB_ActivateEndpoint
 .text.USB_DeactivateEndpoint
                0x0000000008007c34      0x3d8 ./Drivers/STM32F1xx_HAL_Driver/Src/stm32f1xx_ll_usb.o
                0x0000000008007c34                USB_DeactivateEndpoint
 .text.USB_EPStartXfer
                0x000000000800800c     0x15ee ./Drivers/STM32F1xx_HAL_Driver/Src/stm32f1xx_ll_usb.o
                0x000000000800800c                USB_EPStartXfer
 .text.USB_EPSetStall
                0x00000000080095fa       0xa0 ./Drivers/STM32F1xx_HAL_Driver/Src/stm32f1xx_ll_usb.o
                0x00000000080095fa                USB_EPSetStall
 .text.USB_EPClearStall
                0x000000000800969a      0x15a ./Drivers/STM32F1xx_HAL_Driver/Src/stm32f1xx_ll_usb.o
                0x000000000800969a                USB_EPClearStall
 .text.USB_SetDevAddress
                0x00000000080097f4       0x26 ./Drivers/STM32F1xx_HAL_Driver/Src/stm32f1xx_ll_usb.o
                0x00000000080097f4                USB_SetDevAddress
 .text.USB_DevConnect
                0x000000000800981a       0x14 ./Drivers/STM32F1xx_HAL_Driver/Src/stm32f1xx_ll_usb.o
                0x000000000800981a                USB_DevConnect
 .text.USB_DevDisconnect
                0x000000000800982e       0x14 ./Drivers/STM32F1xx_HAL_Driver/Src/stm32f1xx_ll_usb.o
                0x000000000800982e                USB_DevDisconnect
 .text.USB_ReadInterrupts
                0x0000000008009842       0x1e ./Drivers/STM32F1xx_HAL_Driver/Src/stm32f1xx_ll_usb.o
                0x0000000008009842                USB_ReadInterrupts
 .text.USB_EP0_OutStart
                0x0000000008009860       0x16 ./Drivers/STM32F1xx_HAL_Driver/Src/stm32f1xx_ll_usb.o
                0x0000000008009860                USB_EP0_OutStart
 .text.USB_WritePMA
                0x0000000008009876       0x8a ./Drivers/STM32F1xx_HAL_Driver/Src/stm32f1xx_ll_usb.o
                0x0000000008009876                USB_WritePMA
 .text.USB_ReadPMA
                0x0000000008009900       0x9e ./Drivers/STM32F1xx_HAL_Driver/Src/stm32f1xx_ll_usb.o
                0x0000000008009900                USB_ReadPMA
 .text.USBD_CDC_Init
                0x000000000800999e       0xf4 ./Middlewares/ST/STM32_USB_Device_Library/Class/CDC/Src/usbd_cdc.o
 .text.USBD_CDC_DeInit
                0x0000000008009a92       0x6e ./Middlewares/ST/STM32_USB_Device_Library/Class/CDC/Src/usbd_cdc.o
 .text.USBD_CDC_Setup
                0x0000000008009b00      0x146 ./Middlewares/ST/STM32_USB_Device_Library/Class/CDC/Src/usbd_cdc.o
 .text.USBD_CDC_DataIn
                0x0000000008009c46       0xa6 ./Middlewares/ST/STM32_USB_Device_Library/Class/CDC/Src/usbd_cdc.o
 .text.USBD_CDC_DataOut
                0x0000000008009cec       0x56 ./Middlewares/ST/STM32_USB_Device_Library/Class/CDC/Src/usbd_cdc.o
 .text.USBD_CDC_EP0_RxReady
                0x0000000008009d42       0x50 ./Middlewares/ST/STM32_USB_Device_Library/Class/CDC/Src/usbd_cdc.o
 *fill*         0x0000000008009d92        0x2 
 .text.USBD_CDC_GetFSCfgDesc
                0x0000000008009d94       0x20 ./Middlewares/ST/STM32_USB_Device_Library/Class/CDC/Src/usbd_cdc.o
 .text.USBD_CDC_GetHSCfgDesc
                0x0000000008009db4       0x20 ./Middlewares/ST/STM32_USB_Device_Library/Class/CDC/Src/usbd_cdc.o
 .text.USBD_CDC_GetOtherSpeedCfgDesc
                0x0000000008009dd4       0x20 ./Middlewares/ST/STM32_USB_Device_Library/Class/CDC/Src/usbd_cdc.o
 .text.USBD_CDC_GetDeviceQualifierDescriptor
                0x0000000008009df4       0x20 ./Middlewares/ST/STM32_USB_Device_Library/Class/CDC/Src/usbd_cdc.o
                0x0000000008009df4                USBD_CDC_GetDeviceQualifierDescriptor
 .text.USBD_CDC_RegisterInterface
                0x0000000008009e14       0x2c ./Middlewares/ST/STM32_USB_Device_Library/Class/CDC/Src/usbd_cdc.o
                0x0000000008009e14                USBD_CDC_RegisterInterface
 .text.USBD_CDC_SetTxBuffer
                0x0000000008009e40       0x32 ./Middlewares/ST/STM32_USB_Device_Library/Class/CDC/Src/usbd_cdc.o
                0x0000000008009e40                USBD_CDC_SetTxBuffer
 .text.USBD_CDC_SetRxBuffer
                0x0000000008009e72       0x26 ./Middlewares/ST/STM32_USB_Device_Library/Class/CDC/Src/usbd_cdc.o
                0x0000000008009e72                USBD_CDC_SetRxBuffer
 .text.USBD_CDC_TransmitPacket
                0x0000000008009e98       0x5e ./Middlewares/ST/STM32_USB_Device_Library/Class/CDC/Src/usbd_cdc.o
                0x0000000008009e98                USBD_CDC_TransmitPacket
 .text.USBD_CDC_ReceivePacket
                0x0000000008009ef6       0x54 ./Middlewares/ST/STM32_USB_Device_Library/Class/CDC/Src/usbd_cdc.o
                0x0000000008009ef6                USBD_CDC_ReceivePacket
 .text.USBD_Init
                0x0000000008009f4a       0x56 ./Middlewares/ST/STM32_USB_Device_Library/Core/Src/usbd_core.o
                0x0000000008009f4a                USBD_Init
 .text.USBD_RegisterClass
                0x0000000008009fa0       0x32 ./Middlewares/ST/STM32_USB_Device_Library/Core/Src/usbd_core.o
                0x0000000008009fa0                USBD_RegisterClass
 .text.USBD_Start
                0x0000000008009fd2       0x18 ./Middlewares/ST/STM32_USB_Device_Library/Core/Src/usbd_core.o
                0x0000000008009fd2                USBD_Start
 .text.USBD_RunTestMode
                0x0000000008009fea       0x14 ./Middlewares/ST/STM32_USB_Device_Library/Core/Src/usbd_core.o
                0x0000000008009fea                USBD_RunTestMode
 .text.USBD_SetClassConfig
                0x0000000008009ffe       0x3e ./Middlewares/ST/STM32_USB_Device_Library/Core/Src/usbd_core.o
                0x0000000008009ffe                USBD_SetClassConfig
 .text.USBD_ClrClassConfig
                0x000000000800a03c       0x26 ./Middlewares/ST/STM32_USB_Device_Library/Core/Src/usbd_core.o
                0x000000000800a03c                USBD_ClrClassConfig
 .text.USBD_LL_SetupStage
                0x000000000800a062       0x9a ./Middlewares/ST/STM32_USB_Device_Library/Core/Src/usbd_core.o
                0x000000000800a062                USBD_LL_SetupStage
 .text.USBD_LL_DataOutStage
                0x000000000800a0fc       0xe2 ./Middlewares/ST/STM32_USB_Device_Library/Core/Src/usbd_core.o
                0x000000000800a0fc                USBD_LL_DataOutStage
 .text.USBD_LL_DataInStage
                0x000000000800a1de      0x14a ./Middlewares/ST/STM32_USB_Device_Library/Core/Src/usbd_core.o
                0x000000000800a1de                USBD_LL_DataInStage
 .text.USBD_LL_Reset
                0x000000000800a328       0x82 ./Middlewares/ST/STM32_USB_Device_Library/Core/Src/usbd_core.o
                0x000000000800a328                USBD_LL_Reset
 .text.USBD_LL_SetSpeed
                0x000000000800a3aa       0x1e ./Middlewares/ST/STM32_USB_Device_Library/Core/Src/usbd_core.o
                0x000000000800a3aa                USBD_LL_SetSpeed
 .text.USBD_LL_Suspend
                0x000000000800a3c8       0x28 ./Middlewares/ST/STM32_USB_Device_Library/Core/Src/usbd_core.o
                0x000000000800a3c8                USBD_LL_Suspend
 .text.USBD_LL_Resume
                0x000000000800a3f0       0x2a ./Middlewares/ST/STM32_USB_Device_Library/Core/Src/usbd_core.o
                0x000000000800a3f0                USBD_LL_Resume
 .text.USBD_LL_SOF
                0x000000000800a41a       0x34 ./Middlewares/ST/STM32_USB_Device_Library/Core/Src/usbd_core.o
                0x000000000800a41a                USBD_LL_SOF
 *fill*         0x000000000800a44e        0x2 
 .text.USBD_StdDevReq
                0x000000000800a450       0xd4 ./Middlewares/ST/STM32_USB_Device_Library/Core/Src/usbd_ctlreq.o
                0x000000000800a450                USBD_StdDevReq
 .text.USBD_StdItfReq
                0x000000000800a524       0x90 ./Middlewares/ST/STM32_USB_Device_Library/Core/Src/usbd_ctlreq.o
                0x000000000800a524                USBD_StdItfReq
 .text.USBD_StdEPReq
                0x000000000800a5b4      0x2c6 ./Middlewares/ST/STM32_USB_Device_Library/Core/Src/usbd_ctlreq.o
                0x000000000800a5b4                USBD_StdEPReq
 *fill*         0x000000000800a87a        0x2 
 .text.USBD_GetDescriptor
                0x000000000800a87c      0x2d0 ./Middlewares/ST/STM32_USB_Device_Library/Core/Src/usbd_ctlreq.o
 .text.USBD_SetAddress
                0x000000000800ab4c       0x86 ./Middlewares/ST/STM32_USB_Device_Library/Core/Src/usbd_ctlreq.o
 *fill*         0x000000000800abd2        0x2 
 .text.USBD_SetConfig
                0x000000000800abd4      0x11c ./Middlewares/ST/STM32_USB_Device_Library/Core/Src/usbd_ctlreq.o
 .text.USBD_GetConfig
                0x000000000800acf0       0x6a ./Middlewares/ST/STM32_USB_Device_Library/Core/Src/usbd_ctlreq.o
 .text.USBD_GetStatus
                0x000000000800ad5a       0x66 ./Middlewares/ST/STM32_USB_Device_Library/Core/Src/usbd_ctlreq.o
 .text.USBD_SetFeature
                0x000000000800adc0       0x28 ./Middlewares/ST/STM32_USB_Device_Library/Core/Src/usbd_ctlreq.o
 .text.USBD_ClrFeature
                0x000000000800ade8       0x42 ./Middlewares/ST/STM32_USB_Device_Library/Core/Src/usbd_ctlreq.o
 .text.USBD_ParseSetupRequest
                0x000000000800ae2a       0x78 ./Middlewares/ST/STM32_USB_Device_Library/Core/Src/usbd_ctlreq.o
                0x000000000800ae2a                USBD_ParseSetupRequest
 .text.USBD_CtlError
                0x000000000800aea2       0x22 ./Middlewares/ST/STM32_USB_Device_Library/Core/Src/usbd_ctlreq.o
                0x000000000800aea2                USBD_CtlError
 .text.USBD_GetString
                0x000000000800aec4       0x84 ./Middlewares/ST/STM32_USB_Device_Library/Core/Src/usbd_ctlreq.o
                0x000000000800aec4                USBD_GetString
 .text.USBD_GetLen
                0x000000000800af48       0x2e ./Middlewares/ST/STM32_USB_Device_Library/Core/Src/usbd_ctlreq.o
 .text.USBD_CtlSendData
                0x000000000800af76       0x38 ./Middlewares/ST/STM32_USB_Device_Library/Core/Src/usbd_ioreq.o
                0x000000000800af76                USBD_CtlSendData
 .text.USBD_CtlContinueSendData
                0x000000000800afae       0x24 ./Middlewares/ST/STM32_USB_Device_Library/Core/Src/usbd_ioreq.o
                0x000000000800afae                USBD_CtlContinueSendData
 .text.USBD_CtlPrepareRx
                0x000000000800afd2       0x3c ./Middlewares/ST/STM32_USB_Device_Library/Core/Src/usbd_ioreq.o
                0x000000000800afd2                USBD_CtlPrepareRx
 .text.USBD_CtlContinueRx
                0x000000000800b00e       0x24 ./Middlewares/ST/STM32_USB_Device_Library/Core/Src/usbd_ioreq.o
                0x000000000800b00e                USBD_CtlContinueRx
 .text.USBD_CtlSendStatus
                0x000000000800b032       0x26 ./Middlewares/ST/STM32_USB_Device_Library/Core/Src/usbd_ioreq.o
                0x000000000800b032                USBD_CtlSendStatus
 .text.USBD_CtlReceiveStatus
                0x000000000800b058       0x26 ./Middlewares/ST/STM32_USB_Device_Library/Core/Src/usbd_ioreq.o
                0x000000000800b058                USBD_CtlReceiveStatus
 *fill*         0x000000000800b07e        0x2 
 .text.MX_USB_DEVICE_Init
                0x000000000800b080       0x60 ./USB_DEVICE/App/usb_device.o
                0x000000000800b080                MX_USB_DEVICE_Init
 .text.CDC_Init_FS
                0x000000000800b0e0       0x28 ./USB_DEVICE/App/usbd_cdc_if.o
 .text.CDC_DeInit_FS
                0x000000000800b108        0xe ./USB_DEVICE/App/usbd_cdc_if.o
 *fill*         0x000000000800b116        0x2 
 .text.CDC_Control_FS
                0x000000000800b118       0xbc ./USB_DEVICE/App/usbd_cdc_if.o
 .text.CDC_Receive_FS
                0x000000000800b1d4       0x34 ./USB_DEVICE/App/usbd_cdc_if.o
 .text.CDC_Transmit_FS
                0x000000000800b208       0x4c ./USB_DEVICE/App/usbd_cdc_if.o
                0x000000000800b208                CDC_Transmit_FS
 .text.USBD_FS_DeviceDescriptor
                0x000000000800b254       0x24 ./USB_DEVICE/App/usbd_desc.o
                0x000000000800b254                USBD_FS_DeviceDescriptor
 .text.USBD_FS_LangIDStrDescriptor
                0x000000000800b278       0x24 ./USB_DEVICE/App/usbd_desc.o
                0x000000000800b278                USBD_FS_LangIDStrDescriptor
 .text.USBD_FS_ProductStrDescriptor
                0x000000000800b29c       0x3c ./USB_DEVICE/App/usbd_desc.o
                0x000000000800b29c                USBD_FS_ProductStrDescriptor
 .text.USBD_FS_ManufacturerStrDescriptor
                0x000000000800b2d8       0x28 ./USB_DEVICE/App/usbd_desc.o
                0x000000000800b2d8                USBD_FS_ManufacturerStrDescriptor
 .text.USBD_FS_SerialStrDescriptor
                0x000000000800b300       0x24 ./USB_DEVICE/App/usbd_desc.o
                0x000000000800b300                USBD_FS_SerialStrDescriptor
 .text.USBD_FS_ConfigStrDescriptor
                0x000000000800b324       0x3c ./USB_DEVICE/App/usbd_desc.o
                0x000000000800b324                USBD_FS_ConfigStrDescriptor
 .text.USBD_FS_InterfaceStrDescriptor
                0x000000000800b360       0x3c ./USB_DEVICE/App/usbd_desc.o
                0x000000000800b360                USBD_FS_InterfaceStrDescriptor
 .text.Get_SerialNum
                0x000000000800b39c       0x58 ./USB_DEVICE/App/usbd_desc.o
 .text.IntToUnicode
                0x000000000800b3f4       0x7c ./USB_DEVICE/App/usbd_desc.o
 .text.HAL_PCD_MspInit
                0x000000000800b470       0x4c ./USB_DEVICE/Target/usbd_conf.o
                0x000000000800b470                HAL_PCD_MspInit
 .text.HAL_PCD_SetupStageCallback
                0x000000000800b4bc       0x24 ./USB_DEVICE/Target/usbd_conf.o
                0x000000000800b4bc                HAL_PCD_SetupStageCallback
 .text.HAL_PCD_DataOutStageCallback
                0x000000000800b4e0       0x36 ./USB_DEVICE/Target/usbd_conf.o
                0x000000000800b4e0                HAL_PCD_DataOutStageCallback
 .text.HAL_PCD_DataInStageCallback
                0x000000000800b516       0x34 ./USB_DEVICE/Target/usbd_conf.o
                0x000000000800b516                HAL_PCD_DataInStageCallback
 .text.HAL_PCD_SOFCallback
                0x000000000800b54a       0x1c ./USB_DEVICE/Target/usbd_conf.o
                0x000000000800b54a                HAL_PCD_SOFCallback
 .text.HAL_PCD_ResetCallback
                0x000000000800b566       0x3c ./USB_DEVICE/Target/usbd_conf.o
                0x000000000800b566                HAL_PCD_ResetCallback
 *fill*         0x000000000800b5a2        0x2 
 .text.HAL_PCD_SuspendCallback
                0x000000000800b5a4       0x34 ./USB_DEVICE/Target/usbd_conf.o
                0x000000000800b5a4                HAL_PCD_SuspendCallback
 .text.HAL_PCD_ResumeCallback
                0x000000000800b5d8       0x1c ./USB_DEVICE/Target/usbd_conf.o
                0x000000000800b5d8                HAL_PCD_ResumeCallback
 .text.USBD_LL_Init
                0x000000000800b5f4       0xb4 ./USB_DEVICE/Target/usbd_conf.o
                0x000000000800b5f4                USBD_LL_Init
 .text.USBD_LL_Start
                0x000000000800b6a8       0x36 ./USB_DEVICE/Target/usbd_conf.o
                0x000000000800b6a8                USBD_LL_Start
 .text.USBD_LL_OpenEP
                0x000000000800b6de       0x4c ./USB_DEVICE/Target/usbd_conf.o
                0x000000000800b6de                USBD_LL_OpenEP
 .text.USBD_LL_CloseEP
                0x000000000800b72a       0x3e ./USB_DEVICE/Target/usbd_conf.o
                0x000000000800b72a                USBD_LL_CloseEP
 .text.USBD_LL_StallEP
                0x000000000800b768       0x3e ./USB_DEVICE/Target/usbd_conf.o
                0x000000000800b768                USBD_LL_StallEP
 .text.USBD_LL_ClearStallEP
                0x000000000800b7a6       0x3e ./USB_DEVICE/Target/usbd_conf.o
                0x000000000800b7a6                USBD_LL_ClearStallEP
 .text.USBD_LL_IsStallEP
                0x000000000800b7e4       0x58 ./USB_DEVICE/Target/usbd_conf.o
                0x000000000800b7e4                USBD_LL_IsStallEP
 .text.USBD_LL_SetUSBAddress
                0x000000000800b83c       0x3e ./USB_DEVICE/Target/usbd_conf.o
                0x000000000800b83c                USBD_LL_SetUSBAddress
 .text.USBD_LL_Transmit
                0x000000000800b87a       0x46 ./USB_DEVICE/Target/usbd_conf.o
                0x000000000800b87a                USBD_LL_Transmit
 .text.USBD_LL_PrepareReceive
                0x000000000800b8c0       0x46 ./USB_DEVICE/Target/usbd_conf.o
                0x000000000800b8c0                USBD_LL_PrepareReceive
 .text.USBD_LL_GetRxDataSize
                0x000000000800b906       0x26 ./USB_DEVICE/Target/usbd_conf.o
                0x000000000800b906                USBD_LL_GetRxDataSize
 .text.USBD_static_malloc
                0x000000000800b92c       0x18 ./USB_DEVICE/Target/usbd_conf.o
                0x000000000800b92c                USBD_static_malloc
 .text.USBD_static_free
                0x000000000800b944       0x12 ./USB_DEVICE/Target/usbd_conf.o
                0x000000000800b944                USBD_static_free
 .text.HAL_PCDEx_SetConnectionState
                0x000000000800b956       0x16 ./USB_DEVICE/Target/usbd_conf.o
                0x000000000800b956                HAL_PCDEx_SetConnectionState
 .text.USBD_Get_USB_Status
                0x000000000800b96c       0x58 ./USB_DEVICE/Target/usbd_conf.o
 .text.__libc_init_array
                0x000000000800b9c4       0x48 c:/direct/st/stm32cubeide_1.7.0/stm32cubeide/plugins/com.st.stm32cube.ide.mcu.externaltools.gnu-tools-for-stm32.9-2020-q2-update.win32_2.0.0.202105311346/tools/bin/../lib/gcc/arm-none-eabi/9.3.1/../../../../arm-none-eabi/lib/thumb/v7-m/nofp\libc_nano.a(lib_a-init.o)
                0x000000000800b9c4                __libc_init_array
 .text.memcpy   0x000000000800ba0c       0x1c c:/direct/st/stm32cubeide_1.7.0/stm32cubeide/plugins/com.st.stm32cube.ide.mcu.externaltools.gnu-tools-for-stm32.9-2020-q2-update.win32_2.0.0.202105311346/tools/bin/../lib/gcc/arm-none-eabi/9.3.1/../../../../arm-none-eabi/lib/thumb/v7-m/nofp\libc_nano.a(lib_a-memcpy-stub.o)
                0x000000000800ba0c                memcpy
 .text.memset   0x000000000800ba28       0x10 c:/direct/st/stm32cubeide_1.7.0/stm32cubeide/plugins/com.st.stm32cube.ide.mcu.externaltools.gnu-tools-for-stm32.9-2020-q2-update.win32_2.0.0.202105311346/tools/bin/../lib/gcc/arm-none-eabi/9.3.1/../../../../arm-none-eabi/lib/thumb/v7-m/nofp\libc_nano.a(lib_a-memset.o)
                0x000000000800ba28                memset
 *(.glue_7)
 .glue_7        0x000000000800ba38        0x0 linker stubs
 *(.glue_7t)
 .glue_7t       0x000000000800ba38        0x0 linker stubs
 *(.eh_frame)
 .eh_frame      0x000000000800ba38        0x0 c:/direct/st/stm32cubeide_1.7.0/stm32cubeide/plugins/com.st.stm32cube.ide.mcu.externaltools.gnu-tools-for-stm32.9-2020-q2-update.win32_2.0.0.202105311346/tools/bin/../lib/gcc/arm-none-eabi/9.3.1/thumb/v7-m/nofp/crtbegin.o
 *(.init)
 .init          0x000000000800ba38        0x4 c:/direct/st/stm32cubeide_1.7.0/stm32cubeide/plugins/com.st.stm32cube.ide.mcu.externaltools.gnu-tools-for-stm32.9-2020-q2-update.win32_2.0.0.202105311346/tools/bin/../lib/gcc/arm-none-eabi/9.3.1/thumb/v7-m/nofp/crti.o
                0x000000000800ba38                _init
 .init          0x000000000800ba3c        0x8 c:/direct/st/stm32cubeide_1.7.0/stm32cubeide/plugins/com.st.stm32cube.ide.mcu.externaltools.gnu-tools-for-stm32.9-2020-q2-update.win32_2.0.0.202105311346/tools/bin/../lib/gcc/arm-none-eabi/9.3.1/thumb/v7-m/nofp/crtn.o
 *(.fini)
 .fini          0x000000000800ba44        0x4 c:/direct/st/stm32cubeide_1.7.0/stm32cubeide/plugins/com.st.stm32cube.ide.mcu.externaltools.gnu-tools-for-stm32.9-2020-q2-update.win32_2.0.0.202105311346/tools/bin/../lib/gcc/arm-none-eabi/9.3.1/thumb/v7-m/nofp/crti.o
                0x000000000800ba44                _fini
 .fini          0x000000000800ba48        0x8 c:/direct/st/stm32cubeide_1.7.0/stm32cubeide/plugins/com.st.stm32cube.ide.mcu.externaltools.gnu-tools-for-stm32.9-2020-q2-update.win32_2.0.0.202105311346/tools/bin/../lib/gcc/arm-none-eabi/9.3.1/thumb/v7-m/nofp/crtn.o
                0x000000000800ba50                . = ALIGN (0x4)
                0x000000000800ba50                _etext = .

.vfp11_veneer   0x000000000800ba50        0x0
 .vfp11_veneer  0x000000000800ba50        0x0 linker stubs

.v4_bx          0x000000000800ba50        0x0
 .v4_bx         0x000000000800ba50        0x0 linker stubs

.iplt           0x000000000800ba50        0x0
 .iplt          0x000000000800ba50        0x0 c:/direct/st/stm32cubeide_1.7.0/stm32cubeide/plugins/com.st.stm32cube.ide.mcu.externaltools.gnu-tools-for-stm32.9-2020-q2-update.win32_2.0.0.202105311346/tools/bin/../lib/gcc/arm-none-eabi/9.3.1/thumb/v7-m/nofp/crtbegin.o

.rodata         0x000000000800ba50       0x7c
                0x000000000800ba50                . = ALIGN (0x4)
 *(.rodata)
 .rodata        0x000000000800ba50       0x10 ./Drivers/STM32F1xx_HAL_Driver/Src/stm32f1xx_hal_rcc.o
 .rodata        0x000000000800ba60       0x10 ./Drivers/STM32F1xx_HAL_Driver/Src/stm32f1xx_hal_rcc_ex.o
 .rodata        0x000000000800ba70       0x42 ./USB_DEVICE/App/usbd_desc.o
 *(.rodata*)
 *fill*         0x000000000800bab2        0x2 
 .rodata.AHBPrescTable
                0x000000000800bab4       0x10 ./Core/Src/system_stm32f1xx.o
                0x000000000800bab4                AHBPrescTable
 .rodata.APBPrescTable
                0x000000000800bac4        0x8 ./Core/Src/system_stm32f1xx.o
                0x000000000800bac4                APBPrescTable
                0x000000000800bacc                . = ALIGN (0x4)

.rel.dyn        0x000000000800bacc        0x0
 .rel.iplt      0x000000000800bacc        0x0 c:/direct/st/stm32cubeide_1.7.0/stm32cubeide/plugins/com.st.stm32cube.ide.mcu.externaltools.gnu-tools-for-stm32.9-2020-q2-update.win32_2.0.0.202105311346/tools/bin/../lib/gcc/arm-none-eabi/9.3.1/thumb/v7-m/nofp/crtbegin.o

.ARM.extab      0x000000000800bacc        0x0
                0x000000000800bacc                . = ALIGN (0x4)
 *(.ARM.extab* .gnu.linkonce.armextab.*)
                0x000000000800bacc                . = ALIGN (0x4)

.ARM            0x000000000800bacc        0x0
                0x000000000800bacc                . = ALIGN (0x4)
                0x000000000800bacc                __exidx_start = .
 *(.ARM.exidx*)
                0x000000000800bacc                __exidx_end = .
                0x000000000800bacc                . = ALIGN (0x4)

.preinit_array  0x000000000800bacc        0x0
                0x000000000800bacc                . = ALIGN (0x4)
                0x000000000800bacc                PROVIDE (__preinit_array_start = .)
 *(.preinit_array*)
                0x000000000800bacc                PROVIDE (__preinit_array_end = .)
                0x000000000800bacc                . = ALIGN (0x4)

.init_array     0x000000000800bacc        0x4
                0x000000000800bacc                . = ALIGN (0x4)
                0x000000000800bacc                PROVIDE (__init_array_start = .)
 *(SORT_BY_NAME(.init_array.*))
 *(.init_array*)
 .init_array    0x000000000800bacc        0x4 c:/direct/st/stm32cubeide_1.7.0/stm32cubeide/plugins/com.st.stm32cube.ide.mcu.externaltools.gnu-tools-for-stm32.9-2020-q2-update.win32_2.0.0.202105311346/tools/bin/../lib/gcc/arm-none-eabi/9.3.1/thumb/v7-m/nofp/crtbegin.o
                0x000000000800bad0                PROVIDE (__init_array_end = .)
                0x000000000800bad0                . = ALIGN (0x4)

.fini_array     0x000000000800bad0        0x4
                0x000000000800bad0                . = ALIGN (0x4)
                [!provide]                        PROVIDE (__fini_array_start = .)
 *(SORT_BY_NAME(.fini_array.*))
 *(.fini_array*)
 .fini_array    0x000000000800bad0        0x4 c:/direct/st/stm32cubeide_1.7.0/stm32cubeide/plugins/com.st.stm32cube.ide.mcu.externaltools.gnu-tools-for-stm32.9-2020-q2-update.win32_2.0.0.202105311346/tools/bin/../lib/gcc/arm-none-eabi/9.3.1/thumb/v7-m/nofp/crtbegin.o
                [!provide]                        PROVIDE (__fini_array_end = .)
                0x000000000800bad4                . = ALIGN (0x4)
                0x000000000800bad4                _sidata = LOADADDR (.data)

.data           0x0000000020000000      0x1a4 load address 0x000000000800bad4
                0x0000000020000000                . = ALIGN (0x4)
                0x0000000020000000                _sdata = .
 *(.data)
 *(.data*)
 .data.motor_max_power
                0x0000000020000000        0x2 ./Core/Src/App/motor.o
                0x0000000020000000                motor_max_power
 .data.pid_sampling_time
                0x0000000020000002        0x1 ./Core/Src/App/pid.o
                0x0000000020000002                pid_sampling_time
 *fill*         0x0000000020000003        0x1 
 .data.pid_kp_1
                0x0000000020000004        0x4 ./Core/Src/App/pid.o
                0x0000000020000004                pid_kp_1
 .data.pid_kd_1
                0x0000000020000008        0x4 ./Core/Src/App/pid.o
                0x0000000020000008                pid_kd_1
 .data.pid_kp_2
                0x000000002000000c        0x4 ./Core/Src/App/pid.o
                0x000000002000000c                pid_kp_2
 .data.pid_kd_2
                0x0000000020000010        0x4 ./Core/Src/App/pid.o
                0x0000000020000010                pid_kd_2
 .data.pid_kp_3
                0x0000000020000014        0x4 ./Core/Src/App/pid.o
                0x0000000020000014                pid_kp_3
 .data.pid_kd_3
                0x0000000020000018        0x4 ./Core/Src/App/pid.o
                0x0000000020000018                pid_kd_3
 .data.pid_split_1
                0x000000002000001c        0x2 ./Core/Src/App/pid.o
                0x000000002000001c                pid_split_1
 .data.pid_split_2
                0x000000002000001e        0x2 ./Core/Src/App/pid.o
                0x000000002000001e                pid_split_2
 .data.pid_on   0x0000000020000020        0x1 ./Core/Src/App/pid.o
                0x0000000020000020                pid_on
 *fill*         0x0000000020000021        0x3 
 .data.pid_setpoint
                0x0000000020000024        0x4 ./Core/Src/App/pid.o
                0x0000000020000024                pid_setpoint
 .data.SystemCoreClock
                0x0000000020000028        0x4 ./Core/Src/system_stm32f1xx.o
                0x0000000020000028                SystemCoreClock
 .data.uwTickPrio
                0x000000002000002c        0x4 ./Drivers/STM32F1xx_HAL_Driver/Src/stm32f1xx_hal.o
                0x000000002000002c                uwTickPrio
 .data.uwTickFreq
                0x0000000020000030        0x1 ./Drivers/STM32F1xx_HAL_Driver/Src/stm32f1xx_hal.o
                0x0000000020000030                uwTickFreq
 *fill*         0x0000000020000031        0x3 
 .data.USBD_CDC_DeviceQualifierDesc
                0x0000000020000034        0xa ./Middlewares/ST/STM32_USB_Device_Library/Class/CDC/Src/usbd_cdc.o
 *fill*         0x000000002000003e        0x2 
 .data.USBD_CDC
                0x0000000020000040       0x38 ./Middlewares/ST/STM32_USB_Device_Library/Class/CDC/Src/usbd_cdc.o
                0x0000000020000040                USBD_CDC
 .data.USBD_CDC_CfgHSDesc
                0x0000000020000078       0x43 ./Middlewares/ST/STM32_USB_Device_Library/Class/CDC/Src/usbd_cdc.o
                0x0000000020000078                USBD_CDC_CfgHSDesc
 *fill*         0x00000000200000bb        0x1 
 .data.USBD_CDC_CfgFSDesc
                0x00000000200000bc       0x43 ./Middlewares/ST/STM32_USB_Device_Library/Class/CDC/Src/usbd_cdc.o
                0x00000000200000bc                USBD_CDC_CfgFSDesc
 *fill*         0x00000000200000ff        0x1 
 .data.USBD_CDC_OtherSpeedCfgDesc
                0x0000000020000100       0x43 ./Middlewares/ST/STM32_USB_Device_Library/Class/CDC/Src/usbd_cdc.o
                0x0000000020000100                USBD_CDC_OtherSpeedCfgDesc
 *fill*         0x0000000020000143        0x1 
 .data.USBD_Interface_fops_FS
                0x0000000020000144       0x10 ./USB_DEVICE/App/usbd_cdc_if.o
                0x0000000020000144                USBD_Interface_fops_FS
 .data.FS_Desc  0x0000000020000154       0x1c ./USB_DEVICE/App/usbd_desc.o
                0x0000000020000154                FS_Desc
 .data.USBD_FS_DeviceDesc
                0x0000000020000170       0x12 ./USB_DEVICE/App/usbd_desc.o
                0x0000000020000170                USBD_FS_DeviceDesc
 *fill*         0x0000000020000182        0x2 
 .data.USBD_LangIDDesc
                0x0000000020000184        0x4 ./USB_DEVICE/App/usbd_desc.o
                0x0000000020000184                USBD_LangIDDesc
 .data.USBD_StringSerial
                0x0000000020000188       0x1a ./USB_DEVICE/App/usbd_desc.o
                0x0000000020000188                USBD_StringSerial
 *(.RamFunc)
 *(.RamFunc*)
                0x00000000200001a4                . = ALIGN (0x4)
 *fill*         0x00000000200001a2        0x2 
                0x00000000200001a4                _edata = .

.igot.plt       0x00000000200001a4        0x0 load address 0x000000000800bc78
 .igot.plt      0x00000000200001a4        0x0 c:/direct/st/stm32cubeide_1.7.0/stm32cubeide/plugins/com.st.stm32cube.ide.mcu.externaltools.gnu-tools-for-stm32.9-2020-q2-update.win32_2.0.0.202105311346/tools/bin/../lib/gcc/arm-none-eabi/9.3.1/thumb/v7-m/nofp/crtbegin.o
                0x00000000200001a4                . = ALIGN (0x4)

.bss            0x00000000200001a8     0x14c0 load address 0x000000000800bc78
                0x00000000200001a8                _sbss = .
                0x00000000200001a8                __bss_start__ = _sbss
 *(.bss)
 .bss           0x00000000200001a8       0x1c c:/direct/st/stm32cubeide_1.7.0/stm32cubeide/plugins/com.st.stm32cube.ide.mcu.externaltools.gnu-tools-for-stm32.9-2020-q2-update.win32_2.0.0.202105311346/tools/bin/../lib/gcc/arm-none-eabi/9.3.1/thumb/v7-m/nofp/crtbegin.o
 *(.bss*)
 .bss.led_mode  0x00000000200001c4        0x1 ./Core/Src/App/led.o
                0x00000000200001c4                led_mode
 .bss.led_position_changed
                0x00000000200001c5        0x1 ./Core/Src/App/led.o
                0x00000000200001c5                led_position_changed
 .bss.led_systick
                0x00000000200001c6        0x1 ./Core/Src/App/led.o
                0x00000000200001c6                led_systick
 .bss.motor_invert
                0x00000000200001c7        0x1 ./Core/Src/App/motor.o
                0x00000000200001c7                motor_invert
 .bss.motor_running
                0x00000000200001c8        0x1 ./Core/Src/App/motor.o
                0x00000000200001c8                motor_running
 .bss.motor_systick
                0x00000000200001c9        0x1 ./Core/Src/App/motor.o
                0x00000000200001c9                motor_systick
 *fill*         0x00000000200001ca        0x2 
 .bss.pid_ki_1  0x00000000200001cc        0x4 ./Core/Src/App/pid.o
                0x00000000200001cc                pid_ki_1
 .bss.pid_ki_2  0x00000000200001d0        0x4 ./Core/Src/App/pid.o
                0x00000000200001d0                pid_ki_2
 .bss.pid_ki_3  0x00000000200001d4        0x4 ./Core/Src/App/pid.o
                0x00000000200001d4                pid_ki_3
 .bss.pid_running
                0x00000000200001d8        0x1 ./Core/Src/App/pid.o
                0x00000000200001d8                pid_running
 *fill*         0x00000000200001d9        0x3 
 .bss.pid_input
                0x00000000200001dc        0x4 ./Core/Src/App/pid.o
                0x00000000200001dc                pid_input
 .bss.pid_output
                0x00000000200001e0        0x4 ./Core/Src/App/pid.o
                0x00000000200001e0                pid_output
 .bss.pid_last_input
                0x00000000200001e4        0x4 ./Core/Src/App/pid.o
                0x00000000200001e4                pid_last_input
 .bss.pid_output_sum
                0x00000000200001e8        0x4 ./Core/Src/App/pid.o
                0x00000000200001e8                pid_output_sum
 .bss.potentiometer_adctmp
                0x00000000200001ec        0x4 ./Core/Src/App/potentiometer.o
                0x00000000200001ec                potentiometer_adctmp
 .bss.potentiometer_adccnt
                0x00000000200001f0        0x2 ./Core/Src/App/potentiometer.o
                0x00000000200001f0                potentiometer_adccnt
 .bss.potentiometer_init_cplt
                0x00000000200001f2        0x1 ./Core/Src/App/potentiometer.o
                0x00000000200001f2                potentiometer_init_cplt
 *fill*         0x00000000200001f3        0x1 
 .bss.potentiometer_position
                0x00000000200001f4        0x4 ./Core/Src/App/potentiometer.o
                0x00000000200001f4                potentiometer_position
 .bss.signal_present
                0x00000000200001f8        0x1 ./Core/Src/App/signal.o
                0x00000000200001f8                signal_present
 .bss.usb_rq    0x00000000200001f9        0x1 ./Core/Src/App/usb.o
                0x00000000200001f9                usb_rq
 .bss.usb_rq_sett_revert_flash
                0x00000000200001fa        0x1 ./Core/Src/App/usb.o
                0x00000000200001fa                usb_rq_sett_revert_flash
 .bss.usb_rq_stat_motor
                0x00000000200001fb        0x1 ./Core/Src/App/usb.o
                0x00000000200001fb                usb_rq_stat_motor
 .bss.usb_rq_stat_phold
                0x00000000200001fc        0x1 ./Core/Src/App/usb.o
                0x00000000200001fc                usb_rq_stat_phold
 .bss.usb_present
                0x00000000200001fd        0x1 ./Core/Src/App/usb.o
                0x00000000200001fd                usb_present
 .bss.cfgidx.8400
                0x00000000200001fe        0x1 ./Middlewares/ST/STM32_USB_Device_Library/Core/Src/usbd_ctlreq.o
 *fill*         0x00000000200001ff        0x1 
 .bss.mem.8470  0x0000000020000200      0x220 ./USB_DEVICE/Target/usbd_conf.o
 *(COMMON)
 COMMON         0x0000000020000420        0x4 ./Core/Src/App/potentiometer.o
                0x0000000020000420                potentiometer_max
                0x0000000020000422                potentiometer_min
 COMMON         0x0000000020000424       0x40 ./Core/Src/App/settings.o
                0x0000000020000424                settings
 COMMON         0x0000000020000464        0xc ./Core/Src/App/signal.o
                0x0000000020000464                signal_length
                0x0000000020000468                signal_ignore
                0x000000002000046c                signal_timeout
 COMMON         0x0000000020000470      0x140 ./Core/Src/App/usb.o
                0x0000000020000470                usb_long_buffer
                0x0000000020000570                usb_tx_buffer
 COMMON         0x00000000200005b0      0x110 ./Core/Src/main.o
                0x00000000200005b0                htim4
                0x00000000200005f8                hcrc
                0x0000000020000600                htim3
                0x0000000020000648                hadc1
                0x0000000020000678                htim2
 COMMON         0x00000000200006c0        0x4 ./Drivers/STM32F1xx_HAL_Driver/Src/stm32f1xx_hal.o
                0x00000000200006c0                uwTick
 *fill*         0x00000000200006c4        0x4 
 COMMON         0x00000000200006c8       0x20 ./Drivers/STM32F1xx_HAL_Driver/Src/stm32f1xx_hal_flash.o
                0x00000000200006c8                pFlash
 COMMON         0x00000000200006e8      0x2c4 ./USB_DEVICE/App/usb_device.o
                0x00000000200006e8                hUsbDeviceFS
 COMMON         0x00000000200009ac      0x7d0 ./USB_DEVICE/App/usbd_cdc_if.o
                0x00000000200009ac                UserRxBufferFS
                0x0000000020000d94                UserTxBufferFS
 COMMON         0x000000002000117c      0x200 ./USB_DEVICE/App/usbd_desc.o
                0x000000002000117c                USBD_StrDesc
 COMMON         0x000000002000137c      0x2ec ./USB_DEVICE/Target/usbd_conf.o
                0x000000002000137c                hpcd_USB_FS
                0x0000000020001668                . = ALIGN (0x4)
                0x0000000020001668                _ebss = .
                0x0000000020001668                __bss_end__ = _ebss

._user_heap_stack
                0x0000000020001668      0x600 load address 0x000000000800bc78
                0x0000000020001668                . = ALIGN (0x8)
                [!provide]                        PROVIDE (end = .)
                0x0000000020001668                PROVIDE (_end = .)
                0x0000000020001868                . = (. + _Min_Heap_Size)
 *fill*         0x0000000020001668      0x200 
                0x0000000020001c68                . = (. + _Min_Stack_Size)
 *fill*         0x0000000020001868      0x400 
                0x0000000020001c68                . = ALIGN (0x8)

/DISCARD/
 libc.a(*)
 libm.a(*)
 libgcc.a(*)

.ARM.attributes
                0x0000000000000000       0x29
 *(.ARM.attributes)
 .ARM.attributes
                0x0000000000000000       0x1d c:/direct/st/stm32cubeide_1.7.0/stm32cubeide/plugins/com.st.stm32cube.ide.mcu.externaltools.gnu-tools-for-stm32.9-2020-q2-update.win32_2.0.0.202105311346/tools/bin/../lib/gcc/arm-none-eabi/9.3.1/thumb/v7-m/nofp/crti.o
 .ARM.attributes
                0x000000000000001d       0x2d c:/direct/st/stm32cubeide_1.7.0/stm32cubeide/plugins/com.st.stm32cube.ide.mcu.externaltools.gnu-tools-for-stm32.9-2020-q2-update.win32_2.0.0.202105311346/tools/bin/../lib/gcc/arm-none-eabi/9.3.1/thumb/v7-m/nofp/crtbegin.o
 .ARM.attributes
                0x000000000000004a       0x2d ./Core/Src/App/app.o
 .ARM.attributes
                0x0000000000000077       0x2d ./Core/Src/App/flash.o
 .ARM.attributes
                0x00000000000000a4       0x2d ./Core/Src/App/general.o
 .ARM.attributes
                0x00000000000000d1       0x2d ./Core/Src/App/interrupts.o
 .ARM.attributes
                0x00000000000000fe       0x2d ./Core/Src/App/led.o
 .ARM.attributes
                0x000000000000012b       0x2d ./Core/Src/App/motor.o
 .ARM.attributes
                0x0000000000000158       0x2d ./Core/Src/App/pid.o
 .ARM.attributes
                0x0000000000000185       0x2d ./Core/Src/App/potentiometer.o
 .ARM.attributes
                0x00000000000001b2       0x2d ./Core/Src/App/settings.o
 .ARM.attributes
                0x00000000000001df       0x2d ./Core/Src/App/signal.o
 .ARM.attributes
                0x000000000000020c       0x2d ./Core/Src/App/usb.o
 .ARM.attributes
                0x0000000000000239       0x2d ./Core/Src/main.o
 .ARM.attributes
                0x0000000000000266       0x2d ./Core/Src/stm32f1xx_hal_msp.o
 .ARM.attributes
                0x0000000000000293       0x2d ./Core/Src/stm32f1xx_it.o
 .ARM.attributes
                0x00000000000002c0       0x2d ./Core/Src/system_stm32f1xx.o
 .ARM.attributes
                0x00000000000002ed       0x21 ./Core/Startup/startup_stm32f103c8tx.o
 .ARM.attributes
                0x000000000000030e       0x2d ./Drivers/STM32F1xx_HAL_Driver/Src/stm32f1xx_hal.o
 .ARM.attributes
                0x000000000000033b       0x2d ./Drivers/STM32F1xx_HAL_Driver/Src/stm32f1xx_hal_adc.o
 .ARM.attributes
                0x0000000000000368       0x2d ./Drivers/STM32F1xx_HAL_Driver/Src/stm32f1xx_hal_adc_ex.o
 .ARM.attributes
                0x0000000000000395       0x2d ./Drivers/STM32F1xx_HAL_Driver/Src/stm32f1xx_hal_cortex.o
 .ARM.attributes
                0x00000000000003c2       0x2d ./Drivers/STM32F1xx_HAL_Driver/Src/stm32f1xx_hal_crc.o
 .ARM.attributes
                0x00000000000003ef       0x2d ./Drivers/STM32F1xx_HAL_Driver/Src/stm32f1xx_hal_flash.o
 .ARM.attributes
                0x000000000000041c       0x2d ./Drivers/STM32F1xx_HAL_Driver/Src/stm32f1xx_hal_flash_ex.o
 .ARM.attributes
                0x0000000000000449       0x2d ./Drivers/STM32F1xx_HAL_Driver/Src/stm32f1xx_hal_gpio.o
 .ARM.attributes
                0x0000000000000476       0x2d ./Drivers/STM32F1xx_HAL_Driver/Src/stm32f1xx_hal_pcd.o
 .ARM.attributes
                0x00000000000004a3       0x2d ./Drivers/STM32F1xx_HAL_Driver/Src/stm32f1xx_hal_pcd_ex.o
 .ARM.attributes
                0x00000000000004d0       0x2d ./Drivers/STM32F1xx_HAL_Driver/Src/stm32f1xx_hal_rcc.o
 .ARM.attributes
                0x00000000000004fd       0x2d ./Drivers/STM32F1xx_HAL_Driver/Src/stm32f1xx_hal_rcc_ex.o
 .ARM.attributes
                0x000000000000052a       0x2d ./Drivers/STM32F1xx_HAL_Driver/Src/stm32f1xx_hal_tim.o
 .ARM.attributes
                0x0000000000000557       0x2d ./Drivers/STM32F1xx_HAL_Driver/Src/stm32f1xx_hal_tim_ex.o
 .ARM.attributes
                0x0000000000000584       0x2d ./Drivers/STM32F1xx_HAL_Driver/Src/stm32f1xx_ll_usb.o
 .ARM.attributes
                0x00000000000005b1       0x2d ./Middlewares/ST/STM32_USB_Device_Library/Class/CDC/Src/usbd_cdc.o
 .ARM.attributes
                0x00000000000005de       0x2d ./Middlewares/ST/STM32_USB_Device_Library/Core/Src/usbd_core.o
 .ARM.attributes
                0x000000000000060b       0x2d ./Middlewares/ST/STM32_USB_Device_Library/Core/Src/usbd_ctlreq.o
 .ARM.attributes
                0x0000000000000638       0x2d ./Middlewares/ST/STM32_USB_Device_Library/Core/Src/usbd_ioreq.o
 .ARM.attributes
                0x0000000000000665       0x2d ./USB_DEVICE/App/usb_device.o
 .ARM.attributes
                0x0000000000000692       0x2d ./USB_DEVICE/App/usbd_cdc_if.o
 .ARM.attributes
                0x00000000000006bf       0x2d ./USB_DEVICE/App/usbd_desc.o
 .ARM.attributes
                0x00000000000006ec       0x2d ./USB_DEVICE/Target/usbd_conf.o
 .ARM.attributes
                0x0000000000000719       0x2d c:/direct/st/stm32cubeide_1.7.0/stm32cubeide/plugins/com.st.stm32cube.ide.mcu.externaltools.gnu-tools-for-stm32.9-2020-q2-update.win32_2.0.0.202105311346/tools/bin/../lib/gcc/arm-none-eabi/9.3.1/../../../../arm-none-eabi/lib/thumb/v7-m/nofp\libc_nano.a(lib_a-init.o)
 .ARM.attributes
                0x0000000000000746       0x2d c:/direct/st/stm32cubeide_1.7.0/stm32cubeide/plugins/com.st.stm32cube.ide.mcu.externaltools.gnu-tools-for-stm32.9-2020-q2-update.win32_2.0.0.202105311346/tools/bin/../lib/gcc/arm-none-eabi/9.3.1/../../../../arm-none-eabi/lib/thumb/v7-m/nofp\libc_nano.a(lib_a-memcpy-stub.o)
 .ARM.attributes
                0x0000000000000773       0x2d c:/direct/st/stm32cubeide_1.7.0/stm32cubeide/plugins/com.st.stm32cube.ide.mcu.externaltools.gnu-tools-for-stm32.9-2020-q2-update.win32_2.0.0.202105311346/tools/bin/../lib/gcc/arm-none-eabi/9.3.1/../../../../arm-none-eabi/lib/thumb/v7-m/nofp\libc_nano.a(lib_a-memset.o)
 .ARM.attributes
                0x00000000000007a0       0x1d c:/direct/st/stm32cubeide_1.7.0/stm32cubeide/plugins/com.st.stm32cube.ide.mcu.externaltools.gnu-tools-for-stm32.9-2020-q2-update.win32_2.0.0.202105311346/tools/bin/../lib/gcc/arm-none-eabi/9.3.1/thumb/v7-m/nofp\libgcc.a(_arm_addsubsf3.o)
 .ARM.attributes
                0x00000000000007bd       0x1d c:/direct/st/stm32cubeide_1.7.0/stm32cubeide/plugins/com.st.stm32cube.ide.mcu.externaltools.gnu-tools-for-stm32.9-2020-q2-update.win32_2.0.0.202105311346/tools/bin/../lib/gcc/arm-none-eabi/9.3.1/thumb/v7-m/nofp\libgcc.a(_arm_muldivsf3.o)
 .ARM.attributes
                0x00000000000007da       0x1d c:/direct/st/stm32cubeide_1.7.0/stm32cubeide/plugins/com.st.stm32cube.ide.mcu.externaltools.gnu-tools-for-stm32.9-2020-q2-update.win32_2.0.0.202105311346/tools/bin/../lib/gcc/arm-none-eabi/9.3.1/thumb/v7-m/nofp\libgcc.a(_arm_cmpsf2.o)
 .ARM.attributes
                0x00000000000007f7       0x1d c:/direct/st/stm32cubeide_1.7.0/stm32cubeide/plugins/com.st.stm32cube.ide.mcu.externaltools.gnu-tools-for-stm32.9-2020-q2-update.win32_2.0.0.202105311346/tools/bin/../lib/gcc/arm-none-eabi/9.3.1/thumb/v7-m/nofp\libgcc.a(_arm_fixsfsi.o)
 .ARM.attributes
                0x0000000000000814       0x1d c:/direct/st/stm32cubeide_1.7.0/stm32cubeide/plugins/com.st.stm32cube.ide.mcu.externaltools.gnu-tools-for-stm32.9-2020-q2-update.win32_2.0.0.202105311346/tools/bin/../lib/gcc/arm-none-eabi/9.3.1/thumb/v7-m/nofp/crtn.o
OUTPUT(Servo_Firmware.elf elf32-littlearm)
LOAD linker stubs
LOAD c:/direct/st/stm32cubeide_1.7.0/stm32cubeide/plugins/com.st.stm32cube.ide.mcu.externaltools.gnu-tools-for-stm32.9-2020-q2-update.win32_2.0.0.202105311346/tools/bin/../lib/gcc/arm-none-eabi/9.3.1/../../../../arm-none-eabi/lib/thumb/v7-m/nofp\libc.a
LOAD c:/direct/st/stm32cubeide_1.7.0/stm32cubeide/plugins/com.st.stm32cube.ide.mcu.externaltools.gnu-tools-for-stm32.9-2020-q2-update.win32_2.0.0.202105311346/tools/bin/../lib/gcc/arm-none-eabi/9.3.1/../../../../arm-none-eabi/lib/thumb/v7-m/nofp\libm.a
LOAD c:/direct/st/stm32cubeide_1.7.0/stm32cubeide/plugins/com.st.stm32cube.ide.mcu.externaltools.gnu-tools-for-stm32.9-2020-q2-update.win32_2.0.0.202105311346/tools/bin/../lib/gcc/arm-none-eabi/9.3.1/thumb/v7-m/nofp\libgcc.a

.debug_info     0x0000000000000000    0x1edd0
 .debug_info    0x0000000000000000      0x297 ./Core/Src/App/app.o
 .debug_info    0x0000000000000297      0x2db ./Core/Src/App/flash.o
 .debug_info    0x0000000000000572      0x200 ./Core/Src/App/general.o
 .debug_info    0x0000000000000772      0x9ba ./Core/Src/App/interrupts.o
 .debug_info    0x000000000000112c      0x2b9 ./Core/Src/App/led.o
 .debug_info    0x00000000000013e5      0x7e4 ./Core/Src/App/motor.o
 .debug_info    0x0000000000001bc9      0x95d ./Core/Src/App/pid.o
 .debug_info    0x0000000000002526      0x6b0 ./Core/Src/App/potentiometer.o
 .debug_info    0x0000000000002bd6      0x41a ./Core/Src/App/settings.o
 .debug_info    0x0000000000002ff0      0x919 ./Core/Src/App/signal.o
 .debug_info    0x0000000000003909     0x13ef ./Core/Src/App/usb.o
 .debug_info    0x0000000000004cf8     0x1a86 ./Core/Src/main.o
 .debug_info    0x000000000000677e      0xf8a ./Core/Src/stm32f1xx_hal_msp.o
 .debug_info    0x0000000000007708      0xedd ./Core/Src/stm32f1xx_it.o
 .debug_info    0x00000000000085e5      0x2be ./Core/Src/system_stm32f1xx.o
 .debug_info    0x00000000000088a3       0x22 ./Core/Startup/startup_stm32f103c8tx.o
 .debug_info    0x00000000000088c5      0x76a ./Drivers/STM32F1xx_HAL_Driver/Src/stm32f1xx_hal.o
 .debug_info    0x000000000000902f      0xd2d ./Drivers/STM32F1xx_HAL_Driver/Src/stm32f1xx_hal_adc.o
 .debug_info    0x0000000000009d5c      0xaa7 ./Drivers/STM32F1xx_HAL_Driver/Src/stm32f1xx_hal_adc_ex.o
 .debug_info    0x000000000000a803      0xbdc ./Drivers/STM32F1xx_HAL_Driver/Src/stm32f1xx_hal_cortex.o
 .debug_info    0x000000000000b3df      0x47a ./Drivers/STM32F1xx_HAL_Driver/Src/stm32f1xx_hal_crc.o
 .debug_info    0x000000000000b859      0x5f3 ./Drivers/STM32F1xx_HAL_Driver/Src/stm32f1xx_hal_flash.o
 .debug_info    0x000000000000be4c      0x8a2 ./Drivers/STM32F1xx_HAL_Driver/Src/stm32f1xx_hal_flash_ex.o
 .debug_info    0x000000000000c6ee      0x701 ./Drivers/STM32F1xx_HAL_Driver/Src/stm32f1xx_hal_gpio.o
 .debug_info    0x000000000000cdef     0x1509 ./Drivers/STM32F1xx_HAL_Driver/Src/stm32f1xx_hal_pcd.o
 .debug_info    0x000000000000e2f8      0x7fc ./Drivers/STM32F1xx_HAL_Driver/Src/stm32f1xx_hal_pcd_ex.o
 .debug_info    0x000000000000eaf4      0x88e ./Drivers/STM32F1xx_HAL_Driver/Src/stm32f1xx_hal_rcc.o
 .debug_info    0x000000000000f382      0x480 ./Drivers/STM32F1xx_HAL_Driver/Src/stm32f1xx_hal_rcc_ex.o
 .debug_info    0x000000000000f802     0x2a45 ./Drivers/STM32F1xx_HAL_Driver/Src/stm32f1xx_hal_tim.o
 .debug_info    0x0000000000012247     0x14d5 ./Drivers/STM32F1xx_HAL_Driver/Src/stm32f1xx_hal_tim_ex.o
 .debug_info    0x000000000001371c     0x19e6 ./Drivers/STM32F1xx_HAL_Driver/Src/stm32f1xx_ll_usb.o
 .debug_info    0x0000000000015102     0x193a ./Middlewares/ST/STM32_USB_Device_Library/Class/CDC/Src/usbd_cdc.o
 .debug_info    0x0000000000016a3c     0x12ef ./Middlewares/ST/STM32_USB_Device_Library/Core/Src/usbd_core.o
 .debug_info    0x0000000000017d2b     0x125c ./Middlewares/ST/STM32_USB_Device_Library/Core/Src/usbd_ctlreq.o
 .debug_info    0x0000000000018f87     0x102e ./Middlewares/ST/STM32_USB_Device_Library/Core/Src/usbd_ioreq.o
 .debug_info    0x0000000000019fb5      0xf6b ./USB_DEVICE/App/usb_device.o
 .debug_info    0x000000000001af20     0x1140 ./USB_DEVICE/App/usbd_cdc_if.o
 .debug_info    0x000000000001c060      0xde8 ./USB_DEVICE/App/usbd_desc.o
 .debug_info    0x000000000001ce48     0x1f88 ./USB_DEVICE/Target/usbd_conf.o

.debug_abbrev   0x0000000000000000     0x4e5b
 .debug_abbrev  0x0000000000000000       0xe3 ./Core/Src/App/app.o
 .debug_abbrev  0x00000000000000e3      0x139 ./Core/Src/App/flash.o
 .debug_abbrev  0x000000000000021c       0xf6 ./Core/Src/App/general.o
 .debug_abbrev  0x0000000000000312      0x198 ./Core/Src/App/interrupts.o
 .debug_abbrev  0x00000000000004aa      0x136 ./Core/Src/App/led.o
 .debug_abbrev  0x00000000000005e0      0x1b4 ./Core/Src/App/motor.o
 .debug_abbrev  0x0000000000000794      0x1df ./Core/Src/App/pid.o
 .debug_abbrev  0x0000000000000973      0x16b ./Core/Src/App/potentiometer.o
 .debug_abbrev  0x0000000000000ade      0x15d ./Core/Src/App/settings.o
 .debug_abbrev  0x0000000000000c3b      0x207 ./Core/Src/App/signal.o
 .debug_abbrev  0x0000000000000e42      0x290 ./Core/Src/App/usb.o
 .debug_abbrev  0x00000000000010d2      0x2d3 ./Core/Src/main.o
 .debug_abbrev  0x00000000000013a5      0x211 ./Core/Src/stm32f1xx_hal_msp.o
 .debug_abbrev  0x00000000000015b6      0x1c1 ./Core/Src/stm32f1xx_it.o
 .debug_abbrev  0x0000000000001777      0x14e ./Core/Src/system_stm32f1xx.o
 .debug_abbrev  0x00000000000018c5       0x12 ./Core/Startup/startup_stm32f103c8tx.o
 .debug_abbrev  0x00000000000018d7      0x1ed ./Drivers/STM32F1xx_HAL_Driver/Src/stm32f1xx_hal.o
 .debug_abbrev  0x0000000000001ac4      0x1fb ./Drivers/STM32F1xx_HAL_Driver/Src/stm32f1xx_hal_adc.o
 .debug_abbrev  0x0000000000001cbf      0x21f ./Drivers/STM32F1xx_HAL_Driver/Src/stm32f1xx_hal_adc_ex.o
 .debug_abbrev  0x0000000000001ede      0x313 ./Drivers/STM32F1xx_HAL_Driver/Src/stm32f1xx_hal_cortex.o
 .debug_abbrev  0x00000000000021f1      0x1dd ./Drivers/STM32F1xx_HAL_Driver/Src/stm32f1xx_hal_crc.o
 .debug_abbrev  0x00000000000023ce      0x23e ./Drivers/STM32F1xx_HAL_Driver/Src/stm32f1xx_hal_flash.o
 .debug_abbrev  0x000000000000260c      0x249 ./Drivers/STM32F1xx_HAL_Driver/Src/stm32f1xx_hal_flash_ex.o