Archive member included to satisfy reference by file (symbol)

c:/direct/st/stm32cubeide_1.9.0/stm32cubeide/plugins/com.st.stm32cube.ide.mcu.externaltools.gnu-tools-for-stm32.10.3-2021.10.win32_1.0.0.202111181127/tools/bin/../lib/gcc/arm-none-eabi/10.3.1/../../../../arm-none-eabi/lib/thumb/v7-m/nofp\libc_nano.a(lib_a-errno.o)
                              ./Core/Src/syscalls.o (__errno)
c:/direct/st/stm32cubeide_1.9.0/stm32cubeide/plugins/com.st.stm32cube.ide.mcu.externaltools.gnu-tools-for-stm32.10.3-2021.10.win32_1.0.0.202111181127/tools/bin/../lib/gcc/arm-none-eabi/10.3.1/../../../../arm-none-eabi/lib/thumb/v7-m/nofp\libc_nano.a(lib_a-exit.o)
                              c:/direct/st/stm32cubeide_1.9.0/stm32cubeide/plugins/com.st.stm32cube.ide.mcu.externaltools.gnu-tools-for-stm32.10.3-2021.10.win32_1.0.0.202111181127/tools/bin/../lib/gcc/arm-none-eabi/10.3.1/../../../../arm-none-eabi/lib/thumb/v7-m/nofp/crt0.o (exit)
c:/direct/st/stm32cubeide_1.9.0/stm32cubeide/plugins/com.st.stm32cube.ide.mcu.externaltools.gnu-tools-for-stm32.10.3-2021.10.win32_1.0.0.202111181127/tools/bin/../lib/gcc/arm-none-eabi/10.3.1/../../../../arm-none-eabi/lib/thumb/v7-m/nofp\libc_nano.a(lib_a-impure.o)
                              c:/direct/st/stm32cubeide_1.9.0/stm32cubeide/plugins/com.st.stm32cube.ide.mcu.externaltools.gnu-tools-for-stm32.10.3-2021.10.win32_1.0.0.202111181127/tools/bin/../lib/gcc/arm-none-eabi/10.3.1/../../../../arm-none-eabi/lib/thumb/v7-m/nofp\libc_nano.a(lib_a-exit.o) (_global_impure_ptr)
c:/direct/st/stm32cubeide_1.9.0/stm32cubeide/plugins/com.st.stm32cube.ide.mcu.externaltools.gnu-tools-for-stm32.10.3-2021.10.win32_1.0.0.202111181127/tools/bin/../lib/gcc/arm-none-eabi/10.3.1/../../../../arm-none-eabi/lib/thumb/v7-m/nofp\libc_nano.a(lib_a-init.o)
                              c:/direct/st/stm32cubeide_1.9.0/stm32cubeide/plugins/com.st.stm32cube.ide.mcu.externaltools.gnu-tools-for-stm32.10.3-2021.10.win32_1.0.0.202111181127/tools/bin/../lib/gcc/arm-none-eabi/10.3.1/../../../../arm-none-eabi/lib/thumb/v7-m/nofp/crt0.o (__libc_init_array)
c:/direct/st/stm32cubeide_1.9.0/stm32cubeide/plugins/com.st.stm32cube.ide.mcu.externaltools.gnu-tools-for-stm32.10.3-2021.10.win32_1.0.0.202111181127/tools/bin/../lib/gcc/arm-none-eabi/10.3.1/../../../../arm-none-eabi/lib/thumb/v7-m/nofp\libc_nano.a(lib_a-memcpy-stub.o)
                              ./Core/Src/App/usb.o (memcpy)
c:/direct/st/stm32cubeide_1.9.0/stm32cubeide/plugins/com.st.stm32cube.ide.mcu.externaltools.gnu-tools-for-stm32.10.3-2021.10.win32_1.0.0.202111181127/tools/bin/../lib/gcc/arm-none-eabi/10.3.1/../../../../arm-none-eabi/lib/thumb/v7-m/nofp\libc_nano.a(lib_a-memset.o)
                              c:/direct/st/stm32cubeide_1.9.0/stm32cubeide/plugins/com.st.stm32cube.ide.mcu.externaltools.gnu-tools-for-stm32.10.3-2021.10.win32_1.0.0.202111181127/tools/bin/../lib/gcc/arm-none-eabi/10.3.1/../../../../arm-none-eabi/lib/thumb/v7-m/nofp/crt0.o (memset)
c:/direct/st/stm32cubeide_1.9.0/stm32cubeide/plugins/com.st.stm32cube.ide.mcu.externaltools.gnu-tools-for-stm32.10.3-2021.10.win32_1.0.0.202111181127/tools/bin/../lib/gcc/arm-none-eabi/10.3.1/thumb/v7-m/nofp\libgcc.a(_arm_mulsf3.o)
                              ./Core/Src/App/pid.o (__aeabi_fmul)
c:/direct/st/stm32cubeide_1.9.0/stm32cubeide/plugins/com.st.stm32cube.ide.mcu.externaltools.gnu-tools-for-stm32.10.3-2021.10.win32_1.0.0.202111181127/tools/bin/../lib/gcc/arm-none-eabi/10.3.1/thumb/v7-m/nofp\libgcc.a(_arm_addsubdf3.o)
                              ./Core/Src/App/signal.o (__aeabi_f2d)
c:/direct/st/stm32cubeide_1.9.0/stm32cubeide/plugins/com.st.stm32cube.ide.mcu.externaltools.gnu-tools-for-stm32.10.3-2021.10.win32_1.0.0.202111181127/tools/bin/../lib/gcc/arm-none-eabi/10.3.1/thumb/v7-m/nofp\libgcc.a(_arm_muldivdf3.o)
                              ./Core/Src/App/signal.o (__aeabi_ddiv)
c:/direct/st/stm32cubeide_1.9.0/stm32cubeide/plugins/com.st.stm32cube.ide.mcu.externaltools.gnu-tools-for-stm32.10.3-2021.10.win32_1.0.0.202111181127/tools/bin/../lib/gcc/arm-none-eabi/10.3.1/thumb/v7-m/nofp\libgcc.a(_arm_cmpdf2.o)
                              ./Core/Src/App/signal.o (__aeabi_dcmpge)
c:/direct/st/stm32cubeide_1.9.0/stm32cubeide/plugins/com.st.stm32cube.ide.mcu.externaltools.gnu-tools-for-stm32.10.3-2021.10.win32_1.0.0.202111181127/tools/bin/../lib/gcc/arm-none-eabi/10.3.1/thumb/v7-m/nofp\libgcc.a(_arm_addsubsf3.o)
                              ./Core/Src/App/pid.o (__aeabi_fsub)
c:/direct/st/stm32cubeide_1.9.0/stm32cubeide/plugins/com.st.stm32cube.ide.mcu.externaltools.gnu-tools-for-stm32.10.3-2021.10.win32_1.0.0.202111181127/tools/bin/../lib/gcc/arm-none-eabi/10.3.1/thumb/v7-m/nofp\libgcc.a(_arm_muldivsf3.o)
                              ./Core/Src/App/potentiometer.o (__aeabi_fdiv)
[...]
Memory Configuration

Name             Origin             Length             Attributes
RAM              0x0000000020000000 0x0000000000005000 xrw
FLASH            0x0000000008000000 0x0000000000010000 xr
*default*        0x0000000000000000 0xffffffffffffffff

Linker script and memory map

LOAD c:/direct/st/stm32cubeide_1.9.0/stm32cubeide/plugins/com.st.stm32cube.ide.mcu.externaltools.gnu-tools-for-stm32.10.3-2021.10.win32_1.0.0.202111181127/tools/bin/../lib/gcc/arm-none-eabi/10.3.1/thumb/v7-m/nofp/crti.o
LOAD c:/direct/st/stm32cubeide_1.9.0/stm32cubeide/plugins/com.st.stm32cube.ide.mcu.externaltools.gnu-tools-for-stm32.10.3-2021.10.win32_1.0.0.202111181127/tools/bin/../lib/gcc/arm-none-eabi/10.3.1/thumb/v7-m/nofp/crtbegin.o
LOAD c:/direct/st/stm32cubeide_1.9.0/stm32cubeide/plugins/com.st.stm32cube.ide.mcu.externaltools.gnu-tools-for-stm32.10.3-2021.10.win32_1.0.0.202111181127/tools/bin/../lib/gcc/arm-none-eabi/10.3.1/../../../../arm-none-eabi/lib/thumb/v7-m/nofp/crt0.o
LOAD ./Core/Src/App/app.o
LOAD ./Core/Src/App/flash.o
LOAD ./Core/Src/App/general.o
LOAD ./Core/Src/App/interrupts.o
LOAD ./Core/Src/App/led.o
LOAD ./Core/Src/App/motor.o
LOAD ./Core/Src/App/pid.o
LOAD ./Core/Src/App/potentiometer.o
LOAD ./Core/Src/App/settings.o
LOAD ./Core/Src/App/signal.o
LOAD ./Core/Src/App/usb.o
LOAD ./Core/Src/main.o
LOAD ./Core/Src/stm32f1xx_hal_msp.o
LOAD ./Core/Src/stm32f1xx_it.o
LOAD ./Core/Src/syscalls.o
LOAD ./Core/Src/sysmem.o
LOAD ./Core/Src/system_stm32f1xx.o
LOAD ./Core/Startup/startup_stm32f103c8tx.o
LOAD ./Drivers/STM32F1xx_HAL_Driver/Src/stm32f1xx_hal.o
LOAD ./Drivers/STM32F1xx_HAL_Driver/Src/stm32f1xx_hal_adc.o
LOAD ./Drivers/STM32F1xx_HAL_Driver/Src/stm32f1xx_hal_adc_ex.o
LOAD ./Drivers/STM32F1xx_HAL_Driver/Src/stm32f1xx_hal_cortex.o
LOAD ./Drivers/STM32F1xx_HAL_Driver/Src/stm32f1xx_hal_crc.o
LOAD ./Drivers/STM32F1xx_HAL_Driver/Src/stm32f1xx_hal_dma.o
LOAD ./Drivers/STM32F1xx_HAL_Driver/Src/stm32f1xx_hal_exti.o
LOAD ./Drivers/STM32F1xx_HAL_Driver/Src/stm32f1xx_hal_flash.o
LOAD ./Drivers/STM32F1xx_HAL_Driver/Src/stm32f1xx_hal_flash_ex.o
LOAD ./Drivers/STM32F1xx_HAL_Driver/Src/stm32f1xx_hal_gpio.o
LOAD ./Drivers/STM32F1xx_HAL_Driver/Src/stm32f1xx_hal_gpio_ex.o
LOAD ./Drivers/STM32F1xx_HAL_Driver/Src/stm32f1xx_hal_pcd.o
LOAD ./Drivers/STM32F1xx_HAL_Driver/Src/stm32f1xx_hal_pcd_ex.o
LOAD ./Drivers/STM32F1xx_HAL_Driver/Src/stm32f1xx_hal_pwr.o
LOAD ./Drivers/STM32F1xx_HAL_Driver/Src/stm32f1xx_hal_rcc.o
LOAD ./Drivers/STM32F1xx_HAL_Driver/Src/stm32f1xx_hal_rcc_ex.o
LOAD ./Drivers/STM32F1xx_HAL_Driver/Src/stm32f1xx_hal_tim.o
LOAD ./Drivers/STM32F1xx_HAL_Driver/Src/stm32f1xx_hal_tim_ex.o
LOAD ./Drivers/STM32F1xx_HAL_Driver/Src/stm32f1xx_ll_usb.o
LOAD ./Middlewares/ST/STM32_USB_Device_Library/Class/CDC/Src/usbd_cdc.o
LOAD ./Middlewares/ST/STM32_USB_Device_Library/Core/Src/usbd_core.o
LOAD ./Middlewares/ST/STM32_USB_Device_Library/Core/Src/usbd_ctlreq.o
LOAD ./Middlewares/ST/STM32_USB_Device_Library/Core/Src/usbd_ioreq.o
LOAD ./USB_DEVICE/App/usb_device.o
LOAD ./USB_DEVICE/App/usbd_cdc_if.o
LOAD ./USB_DEVICE/App/usbd_desc.o
LOAD ./USB_DEVICE/Target/usbd_conf.o
START GROUP
LOAD c:/direct/st/stm32cubeide_1.9.0/stm32cubeide/plugins/com.st.stm32cube.ide.mcu.externaltools.gnu-tools-for-stm32.10.3-2021.10.win32_1.0.0.202111181127/tools/bin/../lib/gcc/arm-none-eabi/10.3.1/../../../../arm-none-eabi/lib/thumb/v7-m/nofp\libc_nano.a
LOAD c:/direct/st/stm32cubeide_1.9.0/stm32cubeide/plugins/com.st.stm32cube.ide.mcu.externaltools.gnu-tools-for-stm32.10.3-2021.10.win32_1.0.0.202111181127/tools/bin/../lib/gcc/arm-none-eabi/10.3.1/../../../../arm-none-eabi/lib/thumb/v7-m/nofp\libm.a
END GROUP
START GROUP
LOAD c:/direct/st/stm32cubeide_1.9.0/stm32cubeide/plugins/com.st.stm32cube.ide.mcu.externaltools.gnu-tools-for-stm32.10.3-2021.10.win32_1.0.0.202111181127/tools/bin/../lib/gcc/arm-none-eabi/10.3.1/thumb/v7-m/nofp\libgcc.a
LOAD c:/direct/st/stm32cubeide_1.9.0/stm32cubeide/plugins/com.st.stm32cube.ide.mcu.externaltools.gnu-tools-for-stm32.10.3-2021.10.win32_1.0.0.202111181127/tools/bin/../lib/gcc/arm-none-eabi/10.3.1/../../../../arm-none-eabi/lib/thumb/v7-m/nofp\libc_nano.a
END GROUP
START GROUP
LOAD c:/direct/st/stm32cubeide_1.9.0/stm32cubeide/plugins/com.st.stm32cube.ide.mcu.externaltools.gnu-tools-for-stm32.10.3-2021.10.win32_1.0.0.202111181127/tools/bin/../lib/gcc/arm-none-eabi/10.3.1/thumb/v7-m/nofp\libgcc.a
LOAD c:/direct/st/stm32cubeide_1.9.0/stm32cubeide/plugins/com.st.stm32cube.ide.mcu.externaltools.gnu-tools-for-stm32.10.3-2021.10.win32_1.0.0.202111181127/tools/bin/../lib/gcc/arm-none-eabi/10.3.1/../../../../arm-none-eabi/lib/thumb/v7-m/nofp\libc_nano.a
LOAD c:/direct/st/stm32cubeide_1.9.0/stm32cubeide/plugins/com.st.stm32cube.ide.mcu.externaltools.gnu-tools-for-stm32.10.3-2021.10.win32_1.0.0.202111181127/tools/bin/../lib/gcc/arm-none-eabi/10.3.1/../../../../arm-none-eabi/lib/thumb/v7-m/nofp\libnosys.a
END GROUP
START GROUP
LOAD c:/direct/st/stm32cubeide_1.9.0/stm32cubeide/plugins/com.st.stm32cube.ide.mcu.externaltools.gnu-tools-for-stm32.10.3-2021.10.win32_1.0.0.202111181127/tools/bin/../lib/gcc/arm-none-eabi/10.3.1/thumb/v7-m/nofp\libgcc.a
LOAD c:/direct/st/stm32cubeide_1.9.0/stm32cubeide/plugins/com.st.stm32cube.ide.mcu.externaltools.gnu-tools-for-stm32.10.3-2021.10.win32_1.0.0.202111181127/tools/bin/../lib/gcc/arm-none-eabi/10.3.1/../../../../arm-none-eabi/lib/thumb/v7-m/nofp\libc_nano.a
LOAD c:/direct/st/stm32cubeide_1.9.0/stm32cubeide/plugins/com.st.stm32cube.ide.mcu.externaltools.gnu-tools-for-stm32.10.3-2021.10.win32_1.0.0.202111181127/tools/bin/../lib/gcc/arm-none-eabi/10.3.1/../../../../arm-none-eabi/lib/thumb/v7-m/nofp\libnosys.a
END GROUP
LOAD c:/direct/st/stm32cubeide_1.9.0/stm32cubeide/plugins/com.st.stm32cube.ide.mcu.externaltools.gnu-tools-for-stm32.10.3-2021.10.win32_1.0.0.202111181127/tools/bin/../lib/gcc/arm-none-eabi/10.3.1/thumb/v7-m/nofp/crtend.o
LOAD c:/direct/st/stm32cubeide_1.9.0/stm32cubeide/plugins/com.st.stm32cube.ide.mcu.externaltools.gnu-tools-for-stm32.10.3-2021.10.win32_1.0.0.202111181127/tools/bin/../lib/gcc/arm-none-eabi/10.3.1/thumb/v7-m/nofp/crtn.o
                0x0000000020005000                _estack = (ORIGIN (RAM) + LENGTH (RAM))
                0x0000000000000200                _Min_Heap_Size = 0x200
                0x0000000000000400                _Min_Stack_Size = 0x400

.isr_vector     0x0000000008000000      0x10c
                0x0000000008000000                . = ALIGN (0x4)
 *(.isr_vector)
 .isr_vector    0x0000000008000000      0x10c ./Core/Startup/startup_stm32f103c8tx.o
                0x0000000008000000                g_pfnVectors
                0x000000000800010c                . = ALIGN (0x4)

.text           0x0000000008000110     0xc920
                0x0000000008000110                . = ALIGN (0x4)
 *(.text)
 .text          0x0000000008000110       0x40 c:/direct/st/stm32cubeide_1.9.0/stm32cubeide/plugins/com.st.stm32cube.ide.mcu.externaltools.gnu-tools-for-stm32.10.3-2021.10.win32_1.0.0.202111181127/tools/bin/../lib/gcc/arm-none-eabi/10.3.1/thumb/v7-m/nofp/crtbegin.o
 .text          0x0000000008000150      0x378 c:/direct/st/stm32cubeide_1.9.0/stm32cubeide/plugins/com.st.stm32cube.ide.mcu.externaltools.gnu-tools-for-stm32.10.3-2021.10.win32_1.0.0.202111181127/tools/bin/../lib/gcc/arm-none-eabi/10.3.1/thumb/v7-m/nofp\libgcc.a(_arm_addsubdf3.o)
                0x0000000008000150                __aeabi_drsub
                0x0000000008000158                __aeabi_dsub
                0x0000000008000158                __subdf3
                0x000000000800015c                __aeabi_dadd
                0x000000000800015c                __adddf3
                0x00000000080003d4                __floatunsidf
                0x00000000080003d4                __aeabi_ui2d
                0x00000000080003f4                __floatsidf
                0x00000000080003f4                __aeabi_i2d
                0x0000000008000418                __aeabi_f2d
                0x0000000008000418                __extendsfdf2
                0x000000000800045c                __floatundidf
                0x000000000800045c                __aeabi_ul2d
                0x000000000800046c                __floatdidf
                0x000000000800046c                __aeabi_l2d
 .text          0x00000000080004c8      0x424 c:/direct/st/stm32cubeide_1.9.0/stm32cubeide/plugins/com.st.stm32cube.ide.mcu.externaltools.gnu-tools-for-stm32.10.3-2021.10.win32_1.0.0.202111181127/tools/bin/../lib/gcc/arm-none-eabi/10.3.1/thumb/v7-m/nofp\libgcc.a(_arm_muldivdf3.o)
                0x00000000080004c8                __aeabi_dmul
                0x00000000080004c8                __muldf3
                0x000000000800071c                __divdf3
                0x000000000800071c                __aeabi_ddiv
 .text          0x00000000080008ec      0x110 c:/direct/st/stm32cubeide_1.9.0/stm32cubeide/plugins/com.st.stm32cube.ide.mcu.externaltools.gnu-tools-for-stm32.10.3-2021.10.win32_1.0.0.202111181127/tools/bin/../lib/gcc/arm-none-eabi/10.3.1/thumb/v7-m/nofp\libgcc.a(_arm_cmpdf2.o)
                0x00000000080008ec                __gtdf2
                0x00000000080008ec                __gedf2
                0x00000000080008f4                __ltdf2
                0x00000000080008f4                __ledf2
                0x00000000080008fc                __nedf2
                0x00000000080008fc                __eqdf2
                0x00000000080008fc                __cmpdf2
                0x0000000008000978                __aeabi_cdrcmple
                0x0000000008000988                __aeabi_cdcmpeq
                0x0000000008000988                __aeabi_cdcmple
                0x0000000008000998                __aeabi_dcmpeq
                0x00000000080009ac                __aeabi_dcmplt
                0x00000000080009c0                __aeabi_dcmple
                0x00000000080009d4                __aeabi_dcmpge
                0x00000000080009e8                __aeabi_dcmpgt
 .text          0x00000000080009fc      0x21c c:/direct/st/stm32cubeide_1.9.0/stm32cubeide/plugins/com.st.stm32cube.ide.mcu.externaltools.gnu-tools-for-stm32.10.3-2021.10.win32_1.0.0.202111181127/tools/bin/../lib/gcc/arm-none-eabi/10.3.1/thumb/v7-m/nofp\libgcc.a(_arm_addsubsf3.o)
                0x00000000080009fc                __aeabi_frsub
                0x0000000008000a04                __subsf3
                0x0000000008000a04                __aeabi_fsub
                0x0000000008000a08                __aeabi_fadd
                0x0000000008000a08                __addsf3
                0x0000000008000b68                __aeabi_ui2f
                0x0000000008000b68                __floatunsisf
                0x0000000008000b70                __aeabi_i2f
                0x0000000008000b70                __floatsisf
                0x0000000008000b8c                __aeabi_ul2f
                0x0000000008000b8c                __floatundisf
                0x0000000008000b9c                __aeabi_l2f
                0x0000000008000b9c                __floatdisf
 .text          0x0000000008000c18      0x2a0 c:/direct/st/stm32cubeide_1.9.0/stm32cubeide/plugins/com.st.stm32cube.ide.mcu.externaltools.gnu-tools-for-stm32.10.3-2021.10.win32_1.0.0.202111181127/tools/bin/../lib/gcc/arm-none-eabi/10.3.1/thumb/v7-m/nofp\libgcc.a(_arm_muldivsf3.o)
                0x0000000008000c18                __mulsf3
                0x0000000008000c18                __aeabi_fmul
                0x0000000008000d80                __aeabi_fdiv
                0x0000000008000d80                __divsf3
 .text          0x0000000008000eb8       0xec c:/direct/st/stm32cubeide_1.9.0/stm32cubeide/plugins/com.st.stm32cube.ide.mcu.externaltools.gnu-tools-for-stm32.10.3-2021.10.win32_1.0.0.202111181127/tools/bin/../lib/gcc/arm-none-eabi/10.3.1/thumb/v7-m/nofp\libgcc.a(_arm_cmpsf2.o)
                0x0000000008000eb8                __gesf2
                0x0000000008000eb8                __gtsf2
                0x0000000008000ec0                __lesf2
                0x0000000008000ec0                __ltsf2
                0x0000000008000ec8                __nesf2
                0x0000000008000ec8                __eqsf2
                0x0000000008000ec8                __cmpsf2
                0x0000000008000f28                __aeabi_cfrcmple
                0x0000000008000f30                __aeabi_cfcmpeq
                0x0000000008000f30                __aeabi_cfcmple
                0x0000000008000f40                __aeabi_fcmpeq
                0x0000000008000f54                __aeabi_fcmplt
                0x0000000008000f68                __aeabi_fcmple
                0x0000000008000f7c                __aeabi_fcmpge
                0x0000000008000f90                __aeabi_fcmpgt
 .text          0x0000000008000fa4       0x4c c:/direct/st/stm32cubeide_1.9.0/stm32cubeide/plugins/com.st.stm32cube.ide.mcu.externaltools.gnu-tools-for-stm32.10.3-2021.10.win32_1.0.0.202111181127/tools/bin/../lib/gcc/arm-none-eabi/10.3.1/thumb/v7-m/nofp\libgcc.a(_arm_fixsfsi.o)
                0x0000000008000fa4                __aeabi_f2iz
                0x0000000008000fa4                __fixsfsi
 *(.text*)
 .text.Potentiometer_Ready
                0x0000000008000ff0       0x98 ./Core/Src/App/app.o
                0x0000000008000ff0                Potentiometer_Ready
 .text.PID_Ready
                0x0000000008001088       0x20 ./Core/Src/App/app.o
                0x0000000008001088                PID_Ready
 .text.App_Init
                0x00000000080010a8       0x1c ./Core/Src/App/app.o
                0x00000000080010a8                App_Init
 .text.App_Loop
                0x00000000080010c4      0x128 ./Core/Src/App/app.o
                0x00000000080010c4                App_Loop
 .text.Flash_Read
                0x00000000080011ec       0x3e ./Core/Src/App/flash.o
                0x00000000080011ec                Flash_Read
 .text.Flash_Write
                0x000000000800122a      0x13a ./Core/Src/App/flash.o
                0x000000000800122a                Flash_Write
 .text.General_Copy_32_Bit
                0x0000000008001364       0x3a ./Core/Src/App/general.o
                0x0000000008001364                General_Copy_32_Bit
 .text.General_Copy_16_Bit
                0x000000000800139e       0x3a ./Core/Src/App/general.o
                0x000000000800139e                General_Copy_16_Bit
 .text.HAL_ADC_ConvCpltCallback
                0x00000000080013d8       0x24 ./Core/Src/App/interrupts.o
                0x00000000080013d8                HAL_ADC_ConvCpltCallback
 .text.HAL_TIM_PeriodElapsedCallback
                0x00000000080013fc       0x38 ./Core/Src/App/interrupts.o
                0x00000000080013fc                HAL_TIM_PeriodElapsedCallback
 .text.Interrupts_SysTick
                0x0000000008001434       0x14 ./Core/Src/App/interrupts.o
                0x0000000008001434                Interrupts_SysTick
 .text.HAL_GPIO_EXTI_Callback
                0x0000000008001448       0x1c ./Core/Src/App/interrupts.o
                0x0000000008001448                HAL_GPIO_EXTI_Callback
 .text.LED_SysTick_Interrupt
                0x0000000008001464       0x38 ./Core/Src/App/led.o
                0x0000000008001464                LED_SysTick_Interrupt
 .text.LED_Set  0x000000000800149c       0x34 ./Core/Src/App/led.o
                0x000000000800149c                LED_Set
 .text.LED_Update
                0x00000000080014d0       0x7c ./Core/Src/App/led.o
                0x00000000080014d0                LED_Update
 .text.Motor_SysTick_Interrupt
                0x000000000800154c       0x44 ./Core/Src/App/motor.o
                0x000000000800154c                Motor_SysTick_Interrupt
 .text.Motor_Set
                0x0000000008001590       0xd0 ./Core/Src/App/motor.o
                0x0000000008001590                Motor_Set
 .text.Motor_Get
                0x0000000008001660       0x7c ./Core/Src/App/motor.o
                0x0000000008001660                Motor_Get
 .text.Motor_Init
                0x00000000080016dc       0x1c ./Core/Src/App/motor.o
                0x00000000080016dc                Motor_Init
 .text.PID_Timer_Stop
                0x00000000080016f8       0x14 ./Core/Src/App/pid.o
                0x00000000080016f8                PID_Timer_Stop
 .text.PID_Timer_Restart
                0x000000000800170c       0x20 ./Core/Src/App/pid.o
                0x000000000800170c                PID_Timer_Restart
 .text.PID_Timer_Interrupt
                0x000000000800172c       0x20 ./Core/Src/App/pid.o
                0x000000000800172c                PID_Timer_Interrupt
 .text.PID_Get_Sampling_Time
                0x000000000800174c       0x24 ./Core/Src/App/pid.o
                0x000000000800174c                PID_Get_Sampling_Time
 .text.PID_Set_Sampling_Time
                0x0000000008001770       0x34 ./Core/Src/App/pid.o
                0x0000000008001770                PID_Set_Sampling_Time
 .text.PID_Compute
                0x00000000080017a4      0x3b4 ./Core/Src/App/pid.o
                0x00000000080017a4                PID_Compute
 .text.PID_Start
                0x0000000008001b58       0x44 ./Core/Src/App/pid.o
                0x0000000008001b58                PID_Start
 .text.PID_Stop
                0x0000000008001b9c       0x20 ./Core/Src/App/pid.o
                0x0000000008001b9c                PID_Stop
 .text.Potentiometer_ADC_Interrupt
                0x0000000008001bbc       0x78 ./Core/Src/App/potentiometer.o
                0x0000000008001bbc                Potentiometer_ADC_Interrupt
 .text.Potentiometer_Init
                0x0000000008001c34       0x30 ./Core/Src/App/potentiometer.o
                0x0000000008001c34                Potentiometer_Init
 .text.Settings_Read
                0x0000000008001c64      0x630 ./Core/Src/App/settings.o
                0x0000000008001c64                Settings_Read
 .text.Settings_Write
                0x0000000008002294      0x1d8 ./Core/Src/App/settings.o
                0x0000000008002294                Settings_Write
 .text.Signal_SysTick_Interrupt
                0x000000000800246c       0x78 ./Core/Src/App/signal.o
                0x000000000800246c                Signal_SysTick_Interrupt
 .text.Signal_Timer_Interrupt
                0x00000000080024e4       0x18 ./Core/Src/App/signal.o
                0x00000000080024e4                Signal_Timer_Interrupt
 *fill*         0x00000000080024fc        0x4 
 .text.Signal_Interrupt
                0x0000000008002500      0x21c ./Core/Src/App/signal.o
                0x0000000008002500                Signal_Interrupt
 .text.Signal_Read_Timer
                0x000000000800271c       0x18 ./Core/Src/App/signal.o
                0x000000000800271c                Signal_Read_Timer
 .text.Signal_Timer_Reset
                0x0000000008002734       0x18 ./Core/Src/App/signal.o
                0x0000000008002734                Signal_Timer_Reset
 .text.Signal_Read
                0x000000000800274c       0x60 ./Core/Src/App/signal.o
                0x000000000800274c                Signal_Read
 .text.Signal_Init
                0x00000000080027ac       0x14 ./Core/Src/App/signal.o
                0x00000000080027ac                Signal_Init
 .text.USB_Det  0x00000000080027c0       0x4c ./Core/Src/App/usb.o
                0x00000000080027c0                USB_Det
 .text.USB_Packet_Received
                0x000000000800280c       0xe0 ./Core/Src/App/usb.o
                0x000000000800280c                USB_Packet_Received
 .text.USB_Parse_Config
                0x00000000080028ec       0x20 ./Core/Src/App/usb.o
                0x00000000080028ec                USB_Parse_Config
 .text.USB_Send_Config
                0x000000000800290c      0x1c4 ./Core/Src/App/usb.o
                0x000000000800290c                USB_Send_Config
 .text.USB_Parse_Status
                0x0000000008002ad0      0x1fc ./Core/Src/App/usb.o
                0x0000000008002ad0                USB_Parse_Status
 .text.USB_Send_Status
                0x0000000008002ccc       0xa8 ./Core/Src/App/usb.o
                0x0000000008002ccc                USB_Send_Status
 .text.main     0x0000000008002d74       0x32 ./Core/Src/main.o
                0x0000000008002d74                main
 .text.SystemClock_Config
                0x0000000008002da6       0xba ./Core/Src/main.o
                0x0000000008002da6                SystemClock_Config
 .text.MX_ADC1_Init
                0x0000000008002e60       0x7c ./Core/Src/main.o
 .text.MX_CRC_Init
                0x0000000008002edc       0x28 ./Core/Src/main.o
 .text.MX_TIM2_Init
                0x0000000008002f04      0x104 ./Core/Src/main.o
 .text.MX_TIM3_Init
                0x0000000008003008       0x9c ./Core/Src/main.o
 .text.MX_TIM4_Init
                0x00000000080030a4       0x9c ./Core/Src/main.o
 .text.MX_GPIO_Init
                0x0000000008003140       0xc4 ./Core/Src/main.o
 .text.Error_Handler
                0x0000000008003204        0xa ./Core/Src/main.o
                0x0000000008003204                Error_Handler
 *fill*         0x000000000800320e        0x2 
 .text.HAL_MspInit
                0x0000000008003210       0x64 ./Core/Src/stm32f1xx_hal_msp.o
                0x0000000008003210                HAL_MspInit
 .text.HAL_ADC_MspInit
                0x0000000008003274       0x88 ./Core/Src/stm32f1xx_hal_msp.o
                0x0000000008003274                HAL_ADC_MspInit
 .text.HAL_CRC_MspInit
                0x00000000080032fc       0x3c ./Core/Src/stm32f1xx_hal_msp.o
                0x00000000080032fc                HAL_CRC_MspInit
 .text.HAL_TIM_Base_MspInit
                0x0000000008003338       0xa8 ./Core/Src/stm32f1xx_hal_msp.o
                0x0000000008003338                HAL_TIM_Base_MspInit
 .text.HAL_TIM_MspPostInit
                0x00000000080033e0       0x60 ./Core/Src/stm32f1xx_hal_msp.o
                0x00000000080033e0                HAL_TIM_MspPostInit
 .text.NMI_Handler
                0x0000000008003440        0x6 ./Core/Src/stm32f1xx_it.o
                0x0000000008003440                NMI_Handler
 .text.HardFault_Handler
                0x0000000008003446        0x6 ./Core/Src/stm32f1xx_it.o
                0x0000000008003446                HardFault_Handler
 .text.MemManage_Handler
                0x000000000800344c        0x6 ./Core/Src/stm32f1xx_it.o
                0x000000000800344c                MemManage_Handler
 .text.BusFault_Handler
                0x0000000008003452        0x6 ./Core/Src/stm32f1xx_it.o
                0x0000000008003452                BusFault_Handler
 .text.UsageFault_Handler
                0x0000000008003458        0x6 ./Core/Src/stm32f1xx_it.o
                0x0000000008003458                UsageFault_Handler
 .text.SVC_Handler
                0x000000000800345e        0xc ./Core/Src/stm32f1xx_it.o
                0x000000000800345e                SVC_Handler
 .text.DebugMon_Handler
                0x000000000800346a        0xc ./Core/Src/stm32f1xx_it.o
                0x000000000800346a                DebugMon_Handler
 .text.PendSV_Handler
                0x0000000008003476        0xc ./Core/Src/stm32f1xx_it.o
                0x0000000008003476                PendSV_Handler
 .text.SysTick_Handler
                0x0000000008003482       0x10 ./Core/Src/stm32f1xx_it.o
                0x0000000008003482                SysTick_Handler
 .text.EXTI1_IRQHandler
                0x0000000008003492        0xe ./Core/Src/stm32f1xx_it.o
                0x0000000008003492                EXTI1_IRQHandler
 .text.ADC1_2_IRQHandler
                0x00000000080034a0       0x14 ./Core/Src/stm32f1xx_it.o
                0x00000000080034a0                ADC1_2_IRQHandler
 .text.USB_LP_CAN1_RX0_IRQHandler
                0x00000000080034b4       0x14 ./Core/Src/stm32f1xx_it.o
                0x00000000080034b4                USB_LP_CAN1_RX0_IRQHandler
 .text.TIM3_IRQHandler
                0x00000000080034c8       0x14 ./Core/Src/stm32f1xx_it.o
                0x00000000080034c8                TIM3_IRQHandler
 .text.TIM4_IRQHandler
                0x00000000080034dc       0x14 ./Core/Src/stm32f1xx_it.o
                0x00000000080034dc                TIM4_IRQHandler
 .text.SystemInit
                0x00000000080034f0        0xc ./Core/Src/system_stm32f1xx.o
                0x00000000080034f0                SystemInit
 .text.Reset_Handler
                0x00000000080034fc       0x48 ./Core/Startup/startup_stm32f103c8tx.o
                0x00000000080034fc                Reset_Handler
 .text.Default_Handler
                0x0000000008003544        0x2 ./Core/Startup/startup_stm32f103c8tx.o
                0x0000000008003544                RTC_Alarm_IRQHandler
                0x0000000008003544                EXTI2_IRQHandler
                0x0000000008003544                TIM1_CC_IRQHandler
                0x0000000008003544                PVD_IRQHandler
                0x0000000008003544                EXTI3_IRQHandler
                0x0000000008003544                EXTI0_IRQHandler
                0x0000000008003544                I2C2_EV_IRQHandler
                0x0000000008003544                SPI1_IRQHandler
                0x0000000008003544                TAMPER_IRQHandler
                0x0000000008003544                DMA1_Channel4_IRQHandler
                0x0000000008003544                USART3_IRQHandler
                0x0000000008003544                RTC_IRQHandler
                0x0000000008003544                DMA1_Channel7_IRQHandler
                0x0000000008003544                CAN1_RX1_IRQHandler
                0x0000000008003544                I2C1_EV_IRQHandler
                0x0000000008003544                DMA1_Channel6_IRQHandler
                0x0000000008003544                RCC_IRQHandler
                0x0000000008003544                TIM1_TRG_COM_IRQHandler
                0x0000000008003544                DMA1_Channel1_IRQHandler
                0x0000000008003544                Default_Handler
                0x0000000008003544                EXTI15_10_IRQHandler
                0x0000000008003544                EXTI9_5_IRQHandler
                0x0000000008003544                SPI2_IRQHandler
                0x0000000008003544                DMA1_Channel5_IRQHandler
                0x0000000008003544                EXTI4_IRQHandler
                0x0000000008003544                USB_HP_CAN1_TX_IRQHandler
                0x0000000008003544                DMA1_Channel3_IRQHandler
                0x0000000008003544                TIM1_UP_IRQHandler
                0x0000000008003544                WWDG_IRQHandler
                0x0000000008003544                TIM2_IRQHandler
                0x0000000008003544                TIM1_BRK_IRQHandler
                0x0000000008003544                USART2_IRQHandler
                0x0000000008003544                I2C2_ER_IRQHandler
                0x0000000008003544                DMA1_Channel2_IRQHandler
                0x0000000008003544                CAN1_SCE_IRQHandler
                0x0000000008003544                FLASH_IRQHandler
                0x0000000008003544                USART1_IRQHandler
                0x0000000008003544                I2C1_ER_IRQHandler
                0x0000000008003544                USBWakeUp_IRQHandler
 *fill*         0x0000000008003546        0x2 
 .text.HAL_Init
                0x0000000008003548       0x2c ./Drivers/STM32F1xx_HAL_Driver/Src/stm32f1xx_hal.o
                0x0000000008003548                HAL_Init
 .text.HAL_InitTick
                0x0000000008003574       0x60 ./Drivers/STM32F1xx_HAL_Driver/Src/stm32f1xx_hal.o
                0x0000000008003574                HAL_InitTick
 .text.HAL_IncTick
                0x00000000080035d4       0x24 ./Drivers/STM32F1xx_HAL_Driver/Src/stm32f1xx_hal.o
                0x00000000080035d4                HAL_IncTick
 .text.HAL_GetTick
                0x00000000080035f8       0x14 ./Drivers/STM32F1xx_HAL_Driver/Src/stm32f1xx_hal.o
                0x00000000080035f8                HAL_GetTick
 .text.HAL_ADC_Init
                0x000000000800360c      0x1b0 ./Drivers/STM32F1xx_HAL_Driver/Src/stm32f1xx_hal_adc.o
                0x000000000800360c                HAL_ADC_Init
 .text.HAL_ADC_Start_IT
                0x00000000080037bc      0x16c ./Drivers/STM32F1xx_HAL_Driver/Src/stm32f1xx_hal_adc.o
                0x00000000080037bc                HAL_ADC_Start_IT
 .text.HAL_ADC_GetValue
                0x0000000008003928       0x18 ./Drivers/STM32F1xx_HAL_Driver/Src/stm32f1xx_hal_adc.o
                0x0000000008003928                HAL_ADC_GetValue
 .text.HAL_ADC_IRQHandler
                0x0000000008003940      0x186 ./Drivers/STM32F1xx_HAL_Driver/Src/stm32f1xx_hal_adc.o
                0x0000000008003940                HAL_ADC_IRQHandler
 .text.HAL_ADC_LevelOutOfWindowCallback
                0x0000000008003ac6       0x12 ./Drivers/STM32F1xx_HAL_Driver/Src/stm32f1xx_hal_adc.o
                0x0000000008003ac6                HAL_ADC_LevelOutOfWindowCallback
 .text.HAL_ADC_ConfigChannel
                0x0000000008003ad8      0x1f0 ./Drivers/STM32F1xx_HAL_Driver/Src/stm32f1xx_hal_adc.o
                0x0000000008003ad8                HAL_ADC_ConfigChannel
 .text.ADC_Enable
                0x0000000008003cc8       0xb4 ./Drivers/STM32F1xx_HAL_Driver/Src/stm32f1xx_hal_adc.o
                0x0000000008003cc8                ADC_Enable
 .text.ADC_ConversionStop_Disable
                0x0000000008003d7c       0x82 ./Drivers/STM32F1xx_HAL_Driver/Src/stm32f1xx_hal_adc.o
                0x0000000008003d7c                ADC_ConversionStop_Disable
 *fill*         0x0000000008003dfe        0x2 
 .text.HAL_ADCEx_Calibration_Start
                0x0000000008003e00      0x158 ./Drivers/STM32F1xx_HAL_Driver/Src/stm32f1xx_hal_adc_ex.o
                0x0000000008003e00                HAL_ADCEx_Calibration_Start
 .text.HAL_ADCEx_InjectedConvCpltCallback
                0x0000000008003f58       0x12 ./Drivers/STM32F1xx_HAL_Driver/Src/stm32f1xx_hal_adc_ex.o
                0x0000000008003f58                HAL_ADCEx_InjectedConvCpltCallback
 *fill*         0x0000000008003f6a        0x2 
 .text.__NVIC_SetPriorityGrouping
                0x0000000008003f6c       0x48 ./Drivers/STM32F1xx_HAL_Driver/Src/stm32f1xx_hal_cortex.o
 .text.__NVIC_GetPriorityGrouping
                0x0000000008003fb4       0x1c ./Drivers/STM32F1xx_HAL_Driver/Src/stm32f1xx_hal_cortex.o
 .text.__NVIC_EnableIRQ
                0x0000000008003fd0       0x38 ./Drivers/STM32F1xx_HAL_Driver/Src/stm32f1xx_hal_cortex.o
 .text.__NVIC_SetPriority
                0x0000000008004008       0x54 ./Drivers/STM32F1xx_HAL_Driver/Src/stm32f1xx_hal_cortex.o
 .text.NVIC_EncodePriority
                0x000000000800405c       0x64 ./Drivers/STM32F1xx_HAL_Driver/Src/stm32f1xx_hal_cortex.o
 .text.SysTick_Config
                0x00000000080040c0       0x44 ./Drivers/STM32F1xx_HAL_Driver/Src/stm32f1xx_hal_cortex.o
 .text.HAL_NVIC_SetPriorityGrouping
                0x0000000008004104       0x16 ./Drivers/STM32F1xx_HAL_Driver/Src/stm32f1xx_hal_cortex.o
                0x0000000008004104                HAL_NVIC_SetPriorityGrouping
 .text.HAL_NVIC_SetPriority
                0x000000000800411a       0x38 ./Drivers/STM32F1xx_HAL_Driver/Src/stm32f1xx_hal_cortex.o
                0x000000000800411a                HAL_NVIC_SetPriority
 .text.HAL_NVIC_EnableIRQ
                0x0000000008004152       0x1c ./Drivers/STM32F1xx_HAL_Driver/Src/stm32f1xx_hal_cortex.o
                0x0000000008004152                HAL_NVIC_EnableIRQ
 .text.HAL_SYSTICK_Config
                0x000000000800416e       0x18 ./Drivers/STM32F1xx_HAL_Driver/Src/stm32f1xx_hal_cortex.o
                0x000000000800416e                HAL_SYSTICK_Config
 .text.HAL_CRC_Init
                0x0000000008004186       0x38 ./Drivers/STM32F1xx_HAL_Driver/Src/stm32f1xx_hal_crc.o
                0x0000000008004186                HAL_CRC_Init
 .text.HAL_CRC_Calculate
                0x00000000080041be       0x64 ./Drivers/STM32F1xx_HAL_Driver/Src/stm32f1xx_hal_crc.o
                0x00000000080041be                HAL_CRC_Calculate
 *fill*         0x0000000008004222        0x2 
 .text.HAL_FLASH_Program
                0x0000000008004224       0xe0 ./Drivers/STM32F1xx_HAL_Driver/Src/stm32f1xx_hal_flash.o
                0x0000000008004224                HAL_FLASH_Program
 .text.HAL_FLASH_Unlock
                0x0000000008004304       0x4c ./Drivers/STM32F1xx_HAL_Driver/Src/stm32f1xx_hal_flash.o
                0x0000000008004304                HAL_FLASH_Unlock
 .text.HAL_FLASH_Lock
                0x0000000008004350       0x20 ./Drivers/STM32F1xx_HAL_Driver/Src/stm32f1xx_hal_flash.o
                0x0000000008004350                HAL_FLASH_Lock
 .text.FLASH_Program_HalfWord
                0x0000000008004370       0x38 ./Drivers/STM32F1xx_HAL_Driver/Src/stm32f1xx_hal_flash.o
 .text.FLASH_WaitForLastOperation
                0x00000000080043a8       0x8c ./Drivers/STM32F1xx_HAL_Driver/Src/stm32f1xx_hal_flash.o
                0x00000000080043a8                FLASH_WaitForLastOperation
 .text.FLASH_SetErrorCode
                0x0000000008004434       0xa0 ./Drivers/STM32F1xx_HAL_Driver/Src/stm32f1xx_hal_flash.o
 .text.HAL_FLASHEx_Erase
                0x00000000080044d4       0xd8 ./Drivers/STM32F1xx_HAL_Driver/Src/stm32f1xx_hal_flash_ex.o
                0x00000000080044d4                HAL_FLASHEx_Erase
 .text.FLASH_MassErase
                0x00000000080045ac       0x38 ./Drivers/STM32F1xx_HAL_Driver/Src/stm32f1xx_hal_flash_ex.o
 .text.FLASH_PageErase
                0x00000000080045e4       0x40 ./Drivers/STM32F1xx_HAL_Driver/Src/stm32f1xx_hal_flash_ex.o
                0x00000000080045e4                FLASH_PageErase
 .text.HAL_GPIO_Init
                0x0000000008004624      0x308 ./Drivers/STM32F1xx_HAL_Driver/Src/stm32f1xx_hal_gpio.o
                0x0000000008004624                HAL_GPIO_Init
 .text.HAL_GPIO_ReadPin
                0x000000000800492c       0x2e ./Drivers/STM32F1xx_HAL_Driver/Src/stm32f1xx_hal_gpio.o
                0x000000000800492c                HAL_GPIO_ReadPin
 .text.HAL_GPIO_WritePin
                0x000000000800495a       0x30 ./Drivers/STM32F1xx_HAL_Driver/Src/stm32f1xx_hal_gpio.o
                0x000000000800495a                HAL_GPIO_WritePin
 *fill*         0x000000000800498a        0x2 
 .text.HAL_GPIO_EXTI_IRQHandler
                0x000000000800498c       0x30 ./Drivers/STM32F1xx_HAL_Driver/Src/stm32f1xx_hal_gpio.o
                0x000000000800498c                HAL_GPIO_EXTI_IRQHandler
 .text.HAL_PCD_Init
                0x00000000080049bc      0x216 ./Drivers/STM32F1xx_HAL_Driver/Src/stm32f1xx_hal_pcd.o
                0x00000000080049bc                HAL_PCD_Init
 .text.HAL_PCD_Start
                0x0000000008004bd2       0x4c ./Drivers/STM32F1xx_HAL_Driver/Src/stm32f1xx_hal_pcd.o
                0x0000000008004bd2                HAL_PCD_Start
 .text.HAL_PCD_IRQHandler
                0x0000000008004c1e      0x2a6 ./Drivers/STM32F1xx_HAL_Driver/Src/stm32f1xx_hal_pcd.o
                0x0000000008004c1e                HAL_PCD_IRQHandler
 .text.HAL_PCD_SetAddress
                0x0000000008004ec4       0x4a ./Drivers/STM32F1xx_HAL_Driver/Src/stm32f1xx_hal_pcd.o
                0x0000000008004ec4                HAL_PCD_SetAddress
 .text.HAL_PCD_EP_Open
                0x0000000008004f0e       0xcc ./Drivers/STM32F1xx_HAL_Driver/Src/stm32f1xx_hal_pcd.o
                0x0000000008004f0e                HAL_PCD_EP_Open
 .text.HAL_PCD_EP_Close
                0x0000000008004fda       0x90 ./Drivers/STM32F1xx_HAL_Driver/Src/stm32f1xx_hal_pcd.o
                0x0000000008004fda                HAL_PCD_EP_Close
 .text.HAL_PCD_EP_Receive
                0x000000000800506a       0x7a ./Drivers/STM32F1xx_HAL_Driver/Src/stm32f1xx_hal_pcd.o
                0x000000000800506a                HAL_PCD_EP_Receive
 .text.HAL_PCD_EP_GetRxCount
                0x00000000080050e4       0x2e ./Drivers/STM32F1xx_HAL_Driver/Src/stm32f1xx_hal_pcd.o
                0x00000000080050e4                HAL_PCD_EP_GetRxCount
 .text.HAL_PCD_EP_Transmit
                0x0000000008005112       0x86 ./Drivers/STM32F1xx_HAL_Driver/Src/stm32f1xx_hal_pcd.o
                0x0000000008005112                HAL_PCD_EP_Transmit
 .text.HAL_PCD_EP_SetStall
                0x0000000008005198       0xc0 ./Drivers/STM32F1xx_HAL_Driver/Src/stm32f1xx_hal_pcd.o
                0x0000000008005198                HAL_PCD_EP_SetStall
 .text.HAL_PCD_EP_ClrStall
                0x0000000008005258       0xa8 ./Drivers/STM32F1xx_HAL_Driver/Src/stm32f1xx_hal_pcd.o
                0x0000000008005258                HAL_PCD_EP_ClrStall
 .text.PCD_EP_ISR_Handler
                0x0000000008005300      0x600 ./Drivers/STM32F1xx_HAL_Driver/Src/stm32f1xx_hal_pcd.o
 .text.HAL_PCD_EP_DB_Receive
                0x0000000008005900      0x21a ./Drivers/STM32F1xx_HAL_Driver/Src/stm32f1xx_hal_pcd.o
 .text.HAL_PCD_EP_DB_Transmit
                0x0000000008005b1a      0x7a4 ./Drivers/STM32F1xx_HAL_Driver/Src/stm32f1xx_hal_pcd.o
 .text.HAL_PCDEx_PMAConfig
                0x00000000080062be       0x84 ./Drivers/STM32F1xx_HAL_Driver/Src/stm32f1xx_hal_pcd_ex.o
                0x00000000080062be                HAL_PCDEx_PMAConfig
 *fill*         0x0000000008006342        0x2 
 .text.HAL_RCC_OscConfig
                0x0000000008006344      0x504 ./Drivers/STM32F1xx_HAL_Driver/Src/stm32f1xx_hal_rcc.o
                0x0000000008006344                HAL_RCC_OscConfig
 .text.HAL_RCC_ClockConfig
                0x0000000008006848      0x1d4 ./Drivers/STM32F1xx_HAL_Driver/Src/stm32f1xx_hal_rcc.o
                0x0000000008006848                HAL_RCC_ClockConfig
 .text.HAL_RCC_GetSysClockFreq
                0x0000000008006a1c       0xbc ./Drivers/STM32F1xx_HAL_Driver/Src/stm32f1xx_hal_rcc.o
                0x0000000008006a1c                HAL_RCC_GetSysClockFreq
 .text.HAL_RCC_GetHCLKFreq
                0x0000000008006ad8       0x14 ./Drivers/STM32F1xx_HAL_Driver/Src/stm32f1xx_hal_rcc.o
                0x0000000008006ad8                HAL_RCC_GetHCLKFreq
 .text.HAL_RCC_GetPCLK2Freq
                0x0000000008006aec       0x28 ./Drivers/STM32F1xx_HAL_Driver/Src/stm32f1xx_hal_rcc.o
                0x0000000008006aec                HAL_RCC_GetPCLK2Freq
 .text.RCC_Delay
                0x0000000008006b14       0x3c ./Drivers/STM32F1xx_HAL_Driver/Src/stm32f1xx_hal_rcc.o
 .text.HAL_RCCEx_PeriphCLKConfig
                0x0000000008006b50      0x16c ./Drivers/STM32F1xx_HAL_Driver/Src/stm32f1xx_hal_rcc_ex.o
                0x0000000008006b50                HAL_RCCEx_PeriphCLKConfig
 .text.HAL_RCCEx_GetPeriphCLKFreq
                0x0000000008006cbc      0x180 ./Drivers/STM32F1xx_HAL_Driver/Src/stm32f1xx_hal_rcc_ex.o
                0x0000000008006cbc                HAL_RCCEx_GetPeriphCLKFreq
 .text.HAL_TIM_Base_Init
                0x0000000008006e3c       0x9e ./Drivers/STM32F1xx_HAL_Driver/Src/stm32f1xx_hal_tim.o
                0x0000000008006e3c                HAL_TIM_Base_Init
 *fill*         0x0000000008006eda        0x2 
 .text.HAL_TIM_Base_Start
                0x0000000008006edc       0x94 ./Drivers/STM32F1xx_HAL_Driver/Src/stm32f1xx_hal_tim.o
                0x0000000008006edc                HAL_TIM_Base_Start
 .text.HAL_TIM_Base_Start_IT
                0x0000000008006f70       0xa4 ./Drivers/STM32F1xx_HAL_Driver/Src/stm32f1xx_hal_tim.o
                0x0000000008006f70                HAL_TIM_Base_Start_IT
 .text.HAL_TIM_Base_Stop_IT
                0x0000000008007014       0x5c ./Drivers/STM32F1xx_HAL_Driver/Src/stm32f1xx_hal_tim.o
                0x0000000008007014                HAL_TIM_Base_Stop_IT
 .text.HAL_TIM_PWM_Init
                0x0000000008007070       0x9e ./Drivers/STM32F1xx_HAL_Driver/Src/stm32f1xx_hal_tim.o
                0x0000000008007070                HAL_TIM_PWM_Init
 .text.HAL_TIM_PWM_MspInit
                0x000000000800710e       0x12 ./Drivers/STM32F1xx_HAL_Driver/Src/stm32f1xx_hal_tim.o
                0x000000000800710e                HAL_TIM_PWM_MspInit
 .text.HAL_TIM_PWM_Start
                0x0000000008007120      0x144 ./Drivers/STM32F1xx_HAL_Driver/Src/stm32f1xx_hal_tim.o
                0x0000000008007120                HAL_TIM_PWM_Start
 .text.HAL_TIM_IRQHandler
                0x0000000008007264      0x210 ./Drivers/STM32F1xx_HAL_Driver/Src/stm32f1xx_hal_tim.o
                0x0000000008007264                HAL_TIM_IRQHandler
 .text.HAL_TIM_PWM_ConfigChannel
                0x0000000008007474      0x17c ./Drivers/STM32F1xx_HAL_Driver/Src/stm32f1xx_hal_tim.o
                0x0000000008007474                HAL_TIM_PWM_ConfigChannel
 .text.HAL_TIM_ConfigClockSource
                0x00000000080075f0      0x188 ./Drivers/STM32F1xx_HAL_Driver/Src/stm32f1xx_hal_tim.o
                0x00000000080075f0                HAL_TIM_ConfigClockSource
 .text.HAL_TIM_OC_DelayElapsedCallback
                0x0000000008007778       0x12 ./Drivers/STM32F1xx_HAL_Driver/Src/stm32f1xx_hal_tim.o
                0x0000000008007778                HAL_TIM_OC_DelayElapsedCallback
 .text.HAL_TIM_IC_CaptureCallback
                0x000000000800778a       0x12 ./Drivers/STM32F1xx_HAL_Driver/Src/stm32f1xx_hal_tim.o
                0x000000000800778a                HAL_TIM_IC_CaptureCallback
 .text.HAL_TIM_PWM_PulseFinishedCallback
                0x000000000800779c       0x12 ./Drivers/STM32F1xx_HAL_Driver/Src/stm32f1xx_hal_tim.o
                0x000000000800779c                HAL_TIM_PWM_PulseFinishedCallback
 .text.HAL_TIM_TriggerCallback
                0x00000000080077ae       0x12 ./Drivers/STM32F1xx_HAL_Driver/Src/stm32f1xx_hal_tim.o
                0x00000000080077ae                HAL_TIM_TriggerCallback
 .text.TIM_Base_SetConfig
                0x00000000080077c0       0xc4 ./Drivers/STM32F1xx_HAL_Driver/Src/stm32f1xx_hal_tim.o
                0x00000000080077c0                TIM_Base_SetConfig
 .text.TIM_OC1_SetConfig
                0x0000000008007884       0xcc ./Drivers/STM32F1xx_HAL_Driver/Src/stm32f1xx_hal_tim.o
 .text.TIM_OC2_SetConfig
                0x0000000008007950       0xd4 ./Drivers/STM32F1xx_HAL_Driver/Src/stm32f1xx_hal_tim.o
                0x0000000008007950                TIM_OC2_SetConfig
 .text.TIM_OC3_SetConfig
                0x0000000008007a24       0xd4 ./Drivers/STM32F1xx_HAL_Driver/Src/stm32f1xx_hal_tim.o
 .text.TIM_OC4_SetConfig
                0x0000000008007af8       0x9c ./Drivers/STM32F1xx_HAL_Driver/Src/stm32f1xx_hal_tim.o
 .text.TIM_TI1_ConfigInputStage
                0x0000000008007b94       0x5c ./Drivers/STM32F1xx_HAL_Driver/Src/stm32f1xx_hal_tim.o
 .text.TIM_TI2_ConfigInputStage
                0x0000000008007bf0       0x5e ./Drivers/STM32F1xx_HAL_Driver/Src/stm32f1xx_hal_tim.o
 .text.TIM_ITRx_SetConfig
                0x0000000008007c4e       0x34 ./Drivers/STM32F1xx_HAL_Driver/Src/stm32f1xx_hal_tim.o
 .text.TIM_ETR_SetConfig
                0x0000000008007c82       0x3e ./Drivers/STM32F1xx_HAL_Driver/Src/stm32f1xx_hal_tim.o
                0x0000000008007c82                TIM_ETR_SetConfig
 .text.TIM_CCxChannelCmd
                0x0000000008007cc0       0x48 ./Drivers/STM32F1xx_HAL_Driver/Src/stm32f1xx_hal_tim.o
                0x0000000008007cc0                TIM_CCxChannelCmd
 .text.HAL_TIMEx_MasterConfigSynchronization
                0x0000000008007d08       0xbc ./Drivers/STM32F1xx_HAL_Driver/Src/stm32f1xx_hal_tim_ex.o
                0x0000000008007d08                HAL_TIMEx_MasterConfigSynchronization
 .text.HAL_TIMEx_CommutCallback
                0x0000000008007dc4       0x12 ./Drivers/STM32F1xx_HAL_Driver/Src/stm32f1xx_hal_tim_ex.o
                0x0000000008007dc4                HAL_TIMEx_CommutCallback
 .text.HAL_TIMEx_BreakCallback
                0x0000000008007dd6       0x12 ./Drivers/STM32F1xx_HAL_Driver/Src/stm32f1xx_hal_tim_ex.o
                0x0000000008007dd6                HAL_TIMEx_BreakCallback
 .text.USB_CoreInit
                0x0000000008007de8       0x20 ./Drivers/STM32F1xx_HAL_Driver/Src/stm32f1xx_ll_usb.o
                0x0000000008007de8                USB_CoreInit
 .text.USB_EnableGlobalInt
                0x0000000008007e08       0x2c ./Drivers/STM32F1xx_HAL_Driver/Src/stm32f1xx_ll_usb.o
                0x0000000008007e08                USB_EnableGlobalInt
 .text.USB_DisableGlobalInt
                0x0000000008007e34       0x34 ./Drivers/STM32F1xx_HAL_Driver/Src/stm32f1xx_ll_usb.o
                0x0000000008007e34                USB_DisableGlobalInt
 .text.USB_SetCurrentMode
                0x0000000008007e68       0x18 ./Drivers/STM32F1xx_HAL_Driver/Src/stm32f1xx_ll_usb.o
                0x0000000008007e68                USB_SetCurrentMode
 .text.USB_DevInit
                0x0000000008007e80       0x40 ./Drivers/STM32F1xx_HAL_Driver/Src/stm32f1xx_ll_usb.o
                0x0000000008007e80                USB_DevInit
 .text.USB_ActivateEndpoint
                0x0000000008007ec0      0x6d4 ./Drivers/STM32F1xx_HAL_Driver/Src/stm32f1xx_ll_usb.o
                0x0000000008007ec0                USB_ActivateEndpoint
 .text.USB_DeactivateEndpoint
                0x0000000008008594      0x3d8 ./Drivers/STM32F1xx_HAL_Driver/Src/stm32f1xx_ll_usb.o
                0x0000000008008594                USB_DeactivateEndpoint
 .text.USB_EPStartXfer
                0x000000000800896c     0x1c70 ./Drivers/STM32F1xx_HAL_Driver/Src/stm32f1xx_ll_usb.o
                0x000000000800896c                USB_EPStartXfer
 .text.USB_EPSetStall
                0x000000000800a5dc       0xa0 ./Drivers/STM32F1xx_HAL_Driver/Src/stm32f1xx_ll_usb.o
                0x000000000800a5dc                USB_EPSetStall
 .text.USB_EPClearStall
                0x000000000800a67c      0x15a ./Drivers/STM32F1xx_HAL_Driver/Src/stm32f1xx_ll_usb.o
                0x000000000800a67c                USB_EPClearStall
 .text.USB_SetDevAddress
                0x000000000800a7d6       0x26 ./Drivers/STM32F1xx_HAL_Driver/Src/stm32f1xx_ll_usb.o
                0x000000000800a7d6                USB_SetDevAddress
 .text.USB_DevConnect
                0x000000000800a7fc       0x14 ./Drivers/STM32F1xx_HAL_Driver/Src/stm32f1xx_ll_usb.o
                0x000000000800a7fc                USB_DevConnect
 .text.USB_DevDisconnect
                0x000000000800a810       0x14 ./Drivers/STM32F1xx_HAL_Driver/Src/stm32f1xx_ll_usb.o
                0x000000000800a810                USB_DevDisconnect
 .text.USB_ReadInterrupts
                0x000000000800a824       0x1e ./Drivers/STM32F1xx_HAL_Driver/Src/stm32f1xx_ll_usb.o
                0x000000000800a824                USB_ReadInterrupts
 .text.USB_EP0_OutStart
                0x000000000800a842       0x16 ./Drivers/STM32F1xx_HAL_Driver/Src/stm32f1xx_ll_usb.o
                0x000000000800a842                USB_EP0_OutStart
 .text.USB_WritePMA
                0x000000000800a858       0x8a ./Drivers/STM32F1xx_HAL_Driver/Src/stm32f1xx_ll_usb.o
                0x000000000800a858                USB_WritePMA
 .text.USB_ReadPMA
                0x000000000800a8e2       0x9e ./Drivers/STM32F1xx_HAL_Driver/Src/stm32f1xx_ll_usb.o
                0x000000000800a8e2                USB_ReadPMA
 .text.USBD_CDC_Init
                0x000000000800a980       0xf4 ./Middlewares/ST/STM32_USB_Device_Library/Class/CDC/Src/usbd_cdc.o
 .text.USBD_CDC_DeInit
                0x000000000800aa74       0x6e ./Middlewares/ST/STM32_USB_Device_Library/Class/CDC/Src/usbd_cdc.o
 .text.USBD_CDC_Setup
                0x000000000800aae2      0x146 ./Middlewares/ST/STM32_USB_Device_Library/Class/CDC/Src/usbd_cdc.o
 .text.USBD_CDC_DataIn
                0x000000000800ac28       0xa6 ./Middlewares/ST/STM32_USB_Device_Library/Class/CDC/Src/usbd_cdc.o
 .text.USBD_CDC_DataOut
                0x000000000800acce       0x56 ./Middlewares/ST/STM32_USB_Device_Library/Class/CDC/Src/usbd_cdc.o
 .text.USBD_CDC_EP0_RxReady
                0x000000000800ad24       0x50 ./Middlewares/ST/STM32_USB_Device_Library/Class/CDC/Src/usbd_cdc.o
 .text.USBD_CDC_GetFSCfgDesc
                0x000000000800ad74       0x20 ./Middlewares/ST/STM32_USB_Device_Library/Class/CDC/Src/usbd_cdc.o
 .text.USBD_CDC_GetHSCfgDesc
                0x000000000800ad94       0x20 ./Middlewares/ST/STM32_USB_Device_Library/Class/CDC/Src/usbd_cdc.o
 .text.USBD_CDC_GetOtherSpeedCfgDesc
                0x000000000800adb4       0x20 ./Middlewares/ST/STM32_USB_Device_Library/Class/CDC/Src/usbd_cdc.o
 .text.USBD_CDC_GetDeviceQualifierDescriptor
                0x000000000800add4       0x20 ./Middlewares/ST/STM32_USB_Device_Library/Class/CDC/Src/usbd_cdc.o
                0x000000000800add4                USBD_CDC_GetDeviceQualifierDescriptor
 .text.USBD_CDC_RegisterInterface
                0x000000000800adf4       0x2c ./Middlewares/ST/STM32_USB_Device_Library/Class/CDC/Src/usbd_cdc.o
                0x000000000800adf4                USBD_CDC_RegisterInterface
 .text.USBD_CDC_SetTxBuffer
                0x000000000800ae20       0x32 ./Middlewares/ST/STM32_USB_Device_Library/Class/CDC/Src/usbd_cdc.o
                0x000000000800ae20                USBD_CDC_SetTxBuffer
 .text.USBD_CDC_SetRxBuffer
                0x000000000800ae52       0x26 ./Middlewares/ST/STM32_USB_Device_Library/Class/CDC/Src/usbd_cdc.o
                0x000000000800ae52                USBD_CDC_SetRxBuffer
 .text.USBD_CDC_TransmitPacket
                0x000000000800ae78       0x5e ./Middlewares/ST/STM32_USB_Device_Library/Class/CDC/Src/usbd_cdc.o
                0x000000000800ae78                USBD_CDC_TransmitPacket
 .text.USBD_CDC_ReceivePacket
                0x000000000800aed6       0x54 ./Middlewares/ST/STM32_USB_Device_Library/Class/CDC/Src/usbd_cdc.o
                0x000000000800aed6                USBD_CDC_ReceivePacket
 .text.USBD_Init
                0x000000000800af2a       0x56 ./Middlewares/ST/STM32_USB_Device_Library/Core/Src/usbd_core.o
                0x000000000800af2a                USBD_Init
 .text.USBD_RegisterClass
                0x000000000800af80       0x32 ./Middlewares/ST/STM32_USB_Device_Library/Core/Src/usbd_core.o
                0x000000000800af80                USBD_RegisterClass
 .text.USBD_Start
                0x000000000800afb2       0x18 ./Middlewares/ST/STM32_USB_Device_Library/Core/Src/usbd_core.o
                0x000000000800afb2                USBD_Start
 .text.USBD_RunTestMode
                0x000000000800afca       0x14 ./Middlewares/ST/STM32_USB_Device_Library/Core/Src/usbd_core.o
                0x000000000800afca                USBD_RunTestMode
 .text.USBD_SetClassConfig
                0x000000000800afde       0x3e ./Middlewares/ST/STM32_USB_Device_Library/Core/Src/usbd_core.o
                0x000000000800afde                USBD_SetClassConfig
 .text.USBD_ClrClassConfig
                0x000000000800b01c       0x26 ./Middlewares/ST/STM32_USB_Device_Library/Core/Src/usbd_core.o
                0x000000000800b01c                USBD_ClrClassConfig
 .text.USBD_LL_SetupStage
                0x000000000800b042       0x9a ./Middlewares/ST/STM32_USB_Device_Library/Core/Src/usbd_core.o
                0x000000000800b042                USBD_LL_SetupStage
 .text.USBD_LL_DataOutStage
                0x000000000800b0dc       0xe2 ./Middlewares/ST/STM32_USB_Device_Library/Core/Src/usbd_core.o
                0x000000000800b0dc                USBD_LL_DataOutStage
 .text.USBD_LL_DataInStage
                0x000000000800b1be      0x14a ./Middlewares/ST/STM32_USB_Device_Library/Core/Src/usbd_core.o
                0x000000000800b1be                USBD_LL_DataInStage
 .text.USBD_LL_Reset
                0x000000000800b308       0x82 ./Middlewares/ST/STM32_USB_Device_Library/Core/Src/usbd_core.o
                0x000000000800b308                USBD_LL_Reset
 .text.USBD_LL_SetSpeed
                0x000000000800b38a       0x1e ./Middlewares/ST/STM32_USB_Device_Library/Core/Src/usbd_core.o
                0x000000000800b38a                USBD_LL_SetSpeed
 .text.USBD_LL_Suspend
                0x000000000800b3a8       0x28 ./Middlewares/ST/STM32_USB_Device_Library/Core/Src/usbd_core.o
                0x000000000800b3a8                USBD_LL_Suspend
 .text.USBD_LL_Resume
                0x000000000800b3d0       0x2a ./Middlewares/ST/STM32_USB_Device_Library/Core/Src/usbd_core.o
                0x000000000800b3d0                USBD_LL_Resume
 .text.USBD_LL_SOF
                0x000000000800b3fa       0x34 ./Middlewares/ST/STM32_USB_Device_Library/Core/Src/usbd_core.o
                0x000000000800b3fa                USBD_LL_SOF
 *fill*         0x000000000800b42e        0x2 
 .text.USBD_StdDevReq
                0x000000000800b430       0xd4 ./Middlewares/ST/STM32_USB_Device_Library/Core/Src/usbd_ctlreq.o
                0x000000000800b430                USBD_StdDevReq
 .text.USBD_StdItfReq
                0x000000000800b504       0x90 ./Middlewares/ST/STM32_USB_Device_Library/Core/Src/usbd_ctlreq.o
                0x000000000800b504                USBD_StdItfReq
 .text.USBD_StdEPReq
                0x000000000800b594      0x2c6 ./Middlewares/ST/STM32_USB_Device_Library/Core/Src/usbd_ctlreq.o
                0x000000000800b594                USBD_StdEPReq
 *fill*         0x000000000800b85a        0x2 
 .text.USBD_GetDescriptor
                0x000000000800b85c      0x2d0 ./Middlewares/ST/STM32_USB_Device_Library/Core/Src/usbd_ctlreq.o
 .text.USBD_SetAddress
                0x000000000800bb2c       0x86 ./Middlewares/ST/STM32_USB_Device_Library/Core/Src/usbd_ctlreq.o
 *fill*         0x000000000800bbb2        0x2 
 .text.USBD_SetConfig
                0x000000000800bbb4      0x11c ./Middlewares/ST/STM32_USB_Device_Library/Core/Src/usbd_ctlreq.o
 .text.USBD_GetConfig
                0x000000000800bcd0       0x6a ./Middlewares/ST/STM32_USB_Device_Library/Core/Src/usbd_ctlreq.o
 .text.USBD_GetStatus
                0x000000000800bd3a       0x66 ./Middlewares/ST/STM32_USB_Device_Library/Core/Src/usbd_ctlreq.o
 .text.USBD_SetFeature
                0x000000000800bda0       0x28 ./Middlewares/ST/STM32_USB_Device_Library/Core/Src/usbd_ctlreq.o
 .text.USBD_ClrFeature
                0x000000000800bdc8       0x42 ./Middlewares/ST/STM32_USB_Device_Library/Core/Src/usbd_ctlreq.o
 .text.USBD_ParseSetupRequest
                0x000000000800be0a       0x78 ./Middlewares/ST/STM32_USB_Device_Library/Core/Src/usbd_ctlreq.o
                0x000000000800be0a                USBD_ParseSetupRequest
 .text.USBD_CtlError
                0x000000000800be82       0x22 ./Middlewares/ST/STM32_USB_Device_Library/Core/Src/usbd_ctlreq.o
                0x000000000800be82                USBD_CtlError
 .text.USBD_GetString
                0x000000000800bea4       0x84 ./Middlewares/ST/STM32_USB_Device_Library/Core/Src/usbd_ctlreq.o
                0x000000000800bea4                USBD_GetString
 .text.USBD_GetLen
                0x000000000800bf28       0x2e ./Middlewares/ST/STM32_USB_Device_Library/Core/Src/usbd_ctlreq.o
 .text.USBD_CtlSendData
                0x000000000800bf56       0x38 ./Middlewares/ST/STM32_USB_Device_Library/Core/Src/usbd_ioreq.o
                0x000000000800bf56                USBD_CtlSendData
 .text.USBD_CtlContinueSendData
                0x000000000800bf8e       0x24 ./Middlewares/ST/STM32_USB_Device_Library/Core/Src/usbd_ioreq.o
                0x000000000800bf8e                USBD_CtlContinueSendData
 .text.USBD_CtlPrepareRx
                0x000000000800bfb2       0x3c ./Middlewares/ST/STM32_USB_Device_Library/Core/Src/usbd_ioreq.o
                0x000000000800bfb2                USBD_CtlPrepareRx
 .text.USBD_CtlContinueRx
                0x000000000800bfee       0x24 ./Middlewares/ST/STM32_USB_Device_Library/Core/Src/usbd_ioreq.o
                0x000000000800bfee                USBD_CtlContinueRx
 .text.USBD_CtlSendStatus
                0x000000000800c012       0x26 ./Middlewares/ST/STM32_USB_Device_Library/Core/Src/usbd_ioreq.o
                0x000000000800c012                USBD_CtlSendStatus
 .text.USBD_CtlReceiveStatus
                0x000000000800c038       0x26 ./Middlewares/ST/STM32_USB_Device_Library/Core/Src/usbd_ioreq.o
                0x000000000800c038                USBD_CtlReceiveStatus
 *fill*         0x000000000800c05e        0x2 
 .text.MX_USB_DEVICE_Init
                0x000000000800c060       0x60 ./USB_DEVICE/App/usb_device.o
                0x000000000800c060                MX_USB_DEVICE_Init
 .text.CDC_Init_FS
                0x000000000800c0c0       0x28 ./USB_DEVICE/App/usbd_cdc_if.o
 .text.CDC_DeInit_FS
                0x000000000800c0e8        0xe ./USB_DEVICE/App/usbd_cdc_if.o
 *fill*         0x000000000800c0f6        0x2 
 .text.CDC_Control_FS
                0x000000000800c0f8       0xbc ./USB_DEVICE/App/usbd_cdc_if.o
 .text.CDC_Receive_FS
                0x000000000800c1b4       0x34 ./USB_DEVICE/App/usbd_cdc_if.o
 .text.CDC_Transmit_FS
                0x000000000800c1e8       0x4c ./USB_DEVICE/App/usbd_cdc_if.o
                0x000000000800c1e8                CDC_Transmit_FS
 .text.USBD_FS_DeviceDescriptor
                0x000000000800c234       0x24 ./USB_DEVICE/App/usbd_desc.o
                0x000000000800c234                USBD_FS_DeviceDescriptor
 .text.USBD_FS_LangIDStrDescriptor
                0x000000000800c258       0x24 ./USB_DEVICE/App/usbd_desc.o
                0x000000000800c258                USBD_FS_LangIDStrDescriptor
 .text.USBD_FS_ProductStrDescriptor
                0x000000000800c27c       0x3c ./USB_DEVICE/App/usbd_desc.o
                0x000000000800c27c                USBD_FS_ProductStrDescriptor
 .text.USBD_FS_ManufacturerStrDescriptor
                0x000000000800c2b8       0x28 ./USB_DEVICE/App/usbd_desc.o
                0x000000000800c2b8                USBD_FS_ManufacturerStrDescriptor
 .text.USBD_FS_SerialStrDescriptor
                0x000000000800c2e0       0x24 ./USB_DEVICE/App/usbd_desc.o
                0x000000000800c2e0                USBD_FS_SerialStrDescriptor
 .text.USBD_FS_ConfigStrDescriptor
                0x000000000800c304       0x3c ./USB_DEVICE/App/usbd_desc.o
                0x000000000800c304                USBD_FS_ConfigStrDescriptor
 .text.USBD_FS_InterfaceStrDescriptor
                0x000000000800c340       0x3c ./USB_DEVICE/App/usbd_desc.o
                0x000000000800c340                USBD_FS_InterfaceStrDescriptor
 .text.Get_SerialNum
                0x000000000800c37c       0x58 ./USB_DEVICE/App/usbd_desc.o
 .text.IntToUnicode
                0x000000000800c3d4       0x7c ./USB_DEVICE/App/usbd_desc.o
 .text.HAL_PCD_MspInit
                0x000000000800c450       0x4c ./USB_DEVICE/Target/usbd_conf.o
                0x000000000800c450                HAL_PCD_MspInit
 .text.HAL_PCD_SetupStageCallback
                0x000000000800c49c       0x24 ./USB_DEVICE/Target/usbd_conf.o
                0x000000000800c49c                HAL_PCD_SetupStageCallback
 .text.HAL_PCD_DataOutStageCallback
                0x000000000800c4c0       0x36 ./USB_DEVICE/Target/usbd_conf.o
                0x000000000800c4c0                HAL_PCD_DataOutStageCallback
 .text.HAL_PCD_DataInStageCallback
                0x000000000800c4f6       0x34 ./USB_DEVICE/Target/usbd_conf.o
                0x000000000800c4f6                HAL_PCD_DataInStageCallback
 .text.HAL_PCD_SOFCallback
                0x000000000800c52a       0x1c ./USB_DEVICE/Target/usbd_conf.o
                0x000000000800c52a                HAL_PCD_SOFCallback
 .text.HAL_PCD_ResetCallback
                0x000000000800c546       0x3c ./USB_DEVICE/Target/usbd_conf.o
                0x000000000800c546                HAL_PCD_ResetCallback
 *fill*         0x000000000800c582        0x2 
 .text.HAL_PCD_SuspendCallback
                0x000000000800c584       0x34 ./USB_DEVICE/Target/usbd_conf.o
                0x000000000800c584                HAL_PCD_SuspendCallback
 .text.HAL_PCD_ResumeCallback
                0x000000000800c5b8       0x1c ./USB_DEVICE/Target/usbd_conf.o
                0x000000000800c5b8                HAL_PCD_ResumeCallback
 .text.USBD_LL_Init
                0x000000000800c5d4       0xb4 ./USB_DEVICE/Target/usbd_conf.o
                0x000000000800c5d4                USBD_LL_Init
 .text.USBD_LL_Start
                0x000000000800c688       0x36 ./USB_DEVICE/Target/usbd_conf.o
                0x000000000800c688                USBD_LL_Start
 .text.USBD_LL_OpenEP
                0x000000000800c6be       0x4c ./USB_DEVICE/Target/usbd_conf.o
                0x000000000800c6be                USBD_LL_OpenEP
 .text.USBD_LL_CloseEP
                0x000000000800c70a       0x3e ./USB_DEVICE/Target/usbd_conf.o
                0x000000000800c70a                USBD_LL_CloseEP
 .text.USBD_LL_StallEP
                0x000000000800c748       0x3e ./USB_DEVICE/Target/usbd_conf.o
                0x000000000800c748                USBD_LL_StallEP
 .text.USBD_LL_ClearStallEP
                0x000000000800c786       0x3e ./USB_DEVICE/Target/usbd_conf.o
                0x000000000800c786                USBD_LL_ClearStallEP
 .text.USBD_LL_IsStallEP
                0x000000000800c7c4       0x58 ./USB_DEVICE/Target/usbd_conf.o
                0x000000000800c7c4                USBD_LL_IsStallEP
 .text.USBD_LL_SetUSBAddress
                0x000000000800c81c       0x3e ./USB_DEVICE/Target/usbd_conf.o
                0x000000000800c81c                USBD_LL_SetUSBAddress
 .text.USBD_LL_Transmit
                0x000000000800c85a       0x46 ./USB_DEVICE/Target/usbd_conf.o
                0x000000000800c85a                USBD_LL_Transmit
 .text.USBD_LL_PrepareReceive
                0x000000000800c8a0       0x46 ./USB_DEVICE/Target/usbd_conf.o
                0x000000000800c8a0                USBD_LL_PrepareReceive
 .text.USBD_LL_GetRxDataSize
                0x000000000800c8e6       0x26 ./USB_DEVICE/Target/usbd_conf.o
                0x000000000800c8e6                USBD_LL_GetRxDataSize
 .text.USBD_static_malloc
                0x000000000800c90c       0x18 ./USB_DEVICE/Target/usbd_conf.o
                0x000000000800c90c                USBD_static_malloc
 .text.USBD_static_free
                0x000000000800c924       0x12 ./USB_DEVICE/Target/usbd_conf.o
                0x000000000800c924                USBD_static_free
 .text.HAL_PCDEx_SetConnectionState
                0x000000000800c936       0x16 ./USB_DEVICE/Target/usbd_conf.o
                0x000000000800c936                HAL_PCDEx_SetConnectionState
 .text.USBD_Get_USB_Status
                0x000000000800c94c       0x58 ./USB_DEVICE/Target/usbd_conf.o
 .text.__libc_init_array
                0x000000000800c9a4       0x48 c:/direct/st/stm32cubeide_1.9.0/stm32cubeide/plugins/com.st.stm32cube.ide.mcu.externaltools.gnu-tools-for-stm32.10.3-2021.10.win32_1.0.0.202111181127/tools/bin/../lib/gcc/arm-none-eabi/10.3.1/../../../../arm-none-eabi/lib/thumb/v7-m/nofp\libc_nano.a(lib_a-init.o)
                0x000000000800c9a4                __libc_init_array
 .text.memcpy   0x000000000800c9ec       0x1c c:/direct/st/stm32cubeide_1.9.0/stm32cubeide/plugins/com.st.stm32cube.ide.mcu.externaltools.gnu-tools-for-stm32.10.3-2021.10.win32_1.0.0.202111181127/tools/bin/../lib/gcc/arm-none-eabi/10.3.1/../../../../arm-none-eabi/lib/thumb/v7-m/nofp\libc_nano.a(lib_a-memcpy-stub.o)
                0x000000000800c9ec                memcpy
 .text.memset   0x000000000800ca08       0x10 c:/direct/st/stm32cubeide_1.9.0/stm32cubeide/plugins/com.st.stm32cube.ide.mcu.externaltools.gnu-tools-for-stm32.10.3-2021.10.win32_1.0.0.202111181127/tools/bin/../lib/gcc/arm-none-eabi/10.3.1/../../../../arm-none-eabi/lib/thumb/v7-m/nofp\libc_nano.a(lib_a-memset.o)
                0x000000000800ca08                memset
 *(.glue_7)
 .glue_7        0x000000000800ca18        0x0 linker stubs
 *(.glue_7t)
 .glue_7t       0x000000000800ca18        0x0 linker stubs
 *(.eh_frame)
 .eh_frame      0x000000000800ca18        0x0 c:/direct/st/stm32cubeide_1.9.0/stm32cubeide/plugins/com.st.stm32cube.ide.mcu.externaltools.gnu-tools-for-stm32.10.3-2021.10.win32_1.0.0.202111181127/tools/bin/../lib/gcc/arm-none-eabi/10.3.1/thumb/v7-m/nofp/crtbegin.o
 *(.init)
 .init          0x000000000800ca18        0x4 c:/direct/st/stm32cubeide_1.9.0/stm32cubeide/plugins/com.st.stm32cube.ide.mcu.externaltools.gnu-tools-for-stm32.10.3-2021.10.win32_1.0.0.202111181127/tools/bin/../lib/gcc/arm-none-eabi/10.3.1/thumb/v7-m/nofp/crti.o
                0x000000000800ca18                _init
 .init          0x000000000800ca1c        0x8 c:/direct/st/stm32cubeide_1.9.0/stm32cubeide/plugins/com.st.stm32cube.ide.mcu.externaltools.gnu-tools-for-stm32.10.3-2021.10.win32_1.0.0.202111181127/tools/bin/../lib/gcc/arm-none-eabi/10.3.1/thumb/v7-m/nofp/crtn.o
 *(.fini)
 .fini          0x000000000800ca24        0x4 c:/direct/st/stm32cubeide_1.9.0/stm32cubeide/plugins/com.st.stm32cube.ide.mcu.externaltools.gnu-tools-for-stm32.10.3-2021.10.win32_1.0.0.202111181127/tools/bin/../lib/gcc/arm-none-eabi/10.3.1/thumb/v7-m/nofp/crti.o
                0x000000000800ca24                _fini
 .fini          0x000000000800ca28        0x8 c:/direct/st/stm32cubeide_1.9.0/stm32cubeide/plugins/com.st.stm32cube.ide.mcu.externaltools.gnu-tools-for-stm32.10.3-2021.10.win32_1.0.0.202111181127/tools/bin/../lib/gcc/arm-none-eabi/10.3.1/thumb/v7-m/nofp/crtn.o
                0x000000000800ca30                . = ALIGN (0x4)
                0x000000000800ca30                _etext = .

.vfp11_veneer   0x000000000800ca30        0x0
 .vfp11_veneer  0x000000000800ca30        0x0 linker stubs

.v4_bx          0x000000000800ca30        0x0
 .v4_bx         0x000000000800ca30        0x0 linker stubs

.iplt           0x000000000800ca30        0x0
 .iplt          0x000000000800ca30        0x0 c:/direct/st/stm32cubeide_1.9.0/stm32cubeide/plugins/com.st.stm32cube.ide.mcu.externaltools.gnu-tools-for-stm32.10.3-2021.10.win32_1.0.0.202111181127/tools/bin/../lib/gcc/arm-none-eabi/10.3.1/thumb/v7-m/nofp/crtbegin.o

.rodata         0x000000000800ca30       0x7c
                0x000000000800ca30                . = ALIGN (0x4)
 *(.rodata)
 .rodata        0x000000000800ca30       0x10 ./Drivers/STM32F1xx_HAL_Driver/Src/stm32f1xx_hal_rcc.o
 .rodata        0x000000000800ca40       0x10 ./Drivers/STM32F1xx_HAL_Driver/Src/stm32f1xx_hal_rcc_ex.o
 .rodata        0x000000000800ca50       0x42 ./USB_DEVICE/App/usbd_desc.o
 *(.rodata*)
 *fill*         0x000000000800ca92        0x2 
 .rodata.AHBPrescTable
                0x000000000800ca94       0x10 ./Core/Src/system_stm32f1xx.o
                0x000000000800ca94                AHBPrescTable
 .rodata.APBPrescTable
                0x000000000800caa4        0x8 ./Core/Src/system_stm32f1xx.o
                0x000000000800caa4                APBPrescTable
                0x000000000800caac                . = ALIGN (0x4)

.rel.dyn        0x000000000800caac        0x0
 .rel.iplt      0x000000000800caac        0x0 c:/direct/st/stm32cubeide_1.9.0/stm32cubeide/plugins/com.st.stm32cube.ide.mcu.externaltools.gnu-tools-for-stm32.10.3-2021.10.win32_1.0.0.202111181127/tools/bin/../lib/gcc/arm-none-eabi/10.3.1/thumb/v7-m/nofp/crtbegin.o

.ARM.extab      0x000000000800caac        0x0
                0x000000000800caac                . = ALIGN (0x4)
 *(.ARM.extab* .gnu.linkonce.armextab.*)
                0x000000000800caac                . = ALIGN (0x4)

.ARM            0x000000000800caac        0x0
                0x000000000800caac                . = ALIGN (0x4)
                0x000000000800caac                __exidx_start = .
 *(.ARM.exidx*)
                0x000000000800caac                __exidx_end = .
                0x000000000800caac                . = ALIGN (0x4)

.preinit_array  0x000000000800caac        0x0
                0x000000000800caac                . = ALIGN (0x4)
                0x000000000800caac                PROVIDE (__preinit_array_start = .)
 *(.preinit_array*)
                0x000000000800caac                PROVIDE (__preinit_array_end = .)
                0x000000000800caac                . = ALIGN (0x4)

.init_array     0x000000000800caac        0x4
                0x000000000800caac                . = ALIGN (0x4)
                0x000000000800caac                PROVIDE (__init_array_start = .)
 *(SORT_BY_NAME(.init_array.*))
 *(.init_array*)
 .init_array    0x000000000800caac        0x4 c:/direct/st/stm32cubeide_1.9.0/stm32cubeide/plugins/com.st.stm32cube.ide.mcu.externaltools.gnu-tools-for-stm32.10.3-2021.10.win32_1.0.0.202111181127/tools/bin/../lib/gcc/arm-none-eabi/10.3.1/thumb/v7-m/nofp/crtbegin.o
                0x000000000800cab0                PROVIDE (__init_array_end = .)
                0x000000000800cab0                . = ALIGN (0x4)

.fini_array     0x000000000800cab0        0x4
                0x000000000800cab0                . = ALIGN (0x4)
                [!provide]                        PROVIDE (__fini_array_start = .)
 *(SORT_BY_NAME(.fini_array.*))
 *(.fini_array*)
 .fini_array    0x000000000800cab0        0x4 c:/direct/st/stm32cubeide_1.9.0/stm32cubeide/plugins/com.st.stm32cube.ide.mcu.externaltools.gnu-tools-for-stm32.10.3-2021.10.win32_1.0.0.202111181127/tools/bin/../lib/gcc/arm-none-eabi/10.3.1/thumb/v7-m/nofp/crtbegin.o
                [!provide]                        PROVIDE (__fini_array_end = .)
                0x000000000800cab4                . = ALIGN (0x4)
                0x000000000800cab4                _sidata = LOADADDR (.data)

.data           0x0000000020000000      0x1a4 load address 0x000000000800cab4
                0x0000000020000000                . = ALIGN (0x4)
                0x0000000020000000                _sdata = .
 *(.data)
 *(.data*)
 .data.motor_max_power
                0x0000000020000000        0x2 ./Core/Src/App/motor.o
                0x0000000020000000                motor_max_power
 .data.pid_sampling_time
                0x0000000020000002        0x1 ./Core/Src/App/pid.o
                0x0000000020000002                pid_sampling_time
 *fill*         0x0000000020000003        0x1 
 .data.pid_kp_1
                0x0000000020000004        0x4 ./Core/Src/App/pid.o
                0x0000000020000004                pid_kp_1
 .data.pid_kd_1
                0x0000000020000008        0x4 ./Core/Src/App/pid.o
                0x0000000020000008                pid_kd_1
 .data.pid_kp_2
                0x000000002000000c        0x4 ./Core/Src/App/pid.o
                0x000000002000000c                pid_kp_2
 .data.pid_kd_2
                0x0000000020000010        0x4 ./Core/Src/App/pid.o
                0x0000000020000010                pid_kd_2
 .data.pid_kp_3
                0x0000000020000014        0x4 ./Core/Src/App/pid.o
                0x0000000020000014                pid_kp_3
 .data.pid_kd_3
                0x0000000020000018        0x4 ./Core/Src/App/pid.o
                0x0000000020000018                pid_kd_3
 .data.pid_split_1
                0x000000002000001c        0x2 ./Core/Src/App/pid.o
                0x000000002000001c                pid_split_1
 .data.pid_split_2
                0x000000002000001e        0x2 ./Core/Src/App/pid.o
                0x000000002000001e                pid_split_2
 .data.pid_on   0x0000000020000020        0x1 ./Core/Src/App/pid.o
                0x0000000020000020                pid_on
 *fill*         0x0000000020000021        0x3 
 .data.pid_setpoint
                0x0000000020000024        0x4 ./Core/Src/App/pid.o
                0x0000000020000024                pid_setpoint
 .data.SystemCoreClock
                0x0000000020000028        0x4 ./Core/Src/system_stm32f1xx.o
                0x0000000020000028                SystemCoreClock
 .data.uwTickPrio
                0x000000002000002c        0x4 ./Drivers/STM32F1xx_HAL_Driver/Src/stm32f1xx_hal.o
                0x000000002000002c                uwTickPrio
 .data.uwTickFreq
                0x0000000020000030        0x1 ./Drivers/STM32F1xx_HAL_Driver/Src/stm32f1xx_hal.o
                0x0000000020000030                uwTickFreq
 *fill*         0x0000000020000031        0x3 
 .data.USBD_CDC_DeviceQualifierDesc
                0x0000000020000034        0xa ./Middlewares/ST/STM32_USB_Device_Library/Class/CDC/Src/usbd_cdc.o
 *fill*         0x000000002000003e        0x2 
 .data.USBD_CDC
                0x0000000020000040       0x38 ./Middlewares/ST/STM32_USB_Device_Library/Class/CDC/Src/usbd_cdc.o
                0x0000000020000040                USBD_CDC
 .data.USBD_CDC_CfgHSDesc
                0x0000000020000078       0x43 ./Middlewares/ST/STM32_USB_Device_Library/Class/CDC/Src/usbd_cdc.o
                0x0000000020000078                USBD_CDC_CfgHSDesc
 *fill*         0x00000000200000bb        0x1 
 .data.USBD_CDC_CfgFSDesc
                0x00000000200000bc       0x43 ./Middlewares/ST/STM32_USB_Device_Library/Class/CDC/Src/usbd_cdc.o
                0x00000000200000bc                USBD_CDC_CfgFSDesc
 *fill*         0x00000000200000ff        0x1 
 .data.USBD_CDC_OtherSpeedCfgDesc
                0x0000000020000100       0x43 ./Middlewares/ST/STM32_USB_Device_Library/Class/CDC/Src/usbd_cdc.o
                0x0000000020000100                USBD_CDC_OtherSpeedCfgDesc
 *fill*         0x0000000020000143        0x1 
 .data.USBD_Interface_fops_FS
                0x0000000020000144       0x10 ./USB_DEVICE/App/usbd_cdc_if.o
                0x0000000020000144                USBD_Interface_fops_FS
 .data.FS_Desc  0x0000000020000154       0x1c ./USB_DEVICE/App/usbd_desc.o
                0x0000000020000154                FS_Desc
 .data.USBD_FS_DeviceDesc
                0x0000000020000170       0x12 ./USB_DEVICE/App/usbd_desc.o
                0x0000000020000170                USBD_FS_DeviceDesc
 *fill*         0x0000000020000182        0x2 
 .data.USBD_LangIDDesc
                0x0000000020000184        0x4 ./USB_DEVICE/App/usbd_desc.o
                0x0000000020000184                USBD_LangIDDesc
 .data.USBD_StringSerial
                0x0000000020000188       0x1a ./USB_DEVICE/App/usbd_desc.o
                0x0000000020000188                USBD_StringSerial
 *(.RamFunc)
 *(.RamFunc*)
                0x00000000200001a4                . = ALIGN (0x4)
 *fill*         0x00000000200001a2        0x2 
                0x00000000200001a4                _edata = .

.igot.plt       0x00000000200001a4        0x0 load address 0x000000000800cc58
 .igot.plt      0x00000000200001a4        0x0 c:/direct/st/stm32cubeide_1.9.0/stm32cubeide/plugins/com.st.stm32cube.ide.mcu.externaltools.gnu-tools-for-stm32.10.3-2021.10.win32_1.0.0.202111181127/tools/bin/../lib/gcc/arm-none-eabi/10.3.1/thumb/v7-m/nofp/crtbegin.o
                0x00000000200001a4                . = ALIGN (0x4)

.bss            0x00000000200001a8     0x14d4 load address 0x000000000800cc58
                0x00000000200001a8                _sbss = .
                0x00000000200001a8                __bss_start__ = _sbss
 *(.bss)
 .bss           0x00000000200001a8       0x1c c:/direct/st/stm32cubeide_1.9.0/stm32cubeide/plugins/com.st.stm32cube.ide.mcu.externaltools.gnu-tools-for-stm32.10.3-2021.10.win32_1.0.0.202111181127/tools/bin/../lib/gcc/arm-none-eabi/10.3.1/thumb/v7-m/nofp/crtbegin.o
 *(.bss*)
 .bss.led_mode  0x00000000200001c4        0x1 ./Core/Src/App/led.o
                0x00000000200001c4                led_mode
 .bss.led_position_changed
                0x00000000200001c5        0x1 ./Core/Src/App/led.o
                0x00000000200001c5                led_position_changed
 .bss.led_systick
                0x00000000200001c6        0x1 ./Core/Src/App/led.o
                0x00000000200001c6                led_systick
 .bss.motor_invert
                0x00000000200001c7        0x1 ./Core/Src/App/motor.o
                0x00000000200001c7                motor_invert
 .bss.motor_running
                0x00000000200001c8        0x1 ./Core/Src/App/motor.o
                0x00000000200001c8                motor_running
 .bss.motor_systick
                0x00000000200001c9        0x1 ./Core/Src/App/motor.o
                0x00000000200001c9                motor_systick
 *fill*         0x00000000200001ca        0x2 
 .bss.pid_ki_1  0x00000000200001cc        0x4 ./Core/Src/App/pid.o
                0x00000000200001cc                pid_ki_1
 .bss.pid_ki_2  0x00000000200001d0        0x4 ./Core/Src/App/pid.o
                0x00000000200001d0                pid_ki_2
 .bss.pid_ki_3  0x00000000200001d4        0x4 ./Core/Src/App/pid.o
                0x00000000200001d4                pid_ki_3
 .bss.pid_running
                0x00000000200001d8        0x1 ./Core/Src/App/pid.o
                0x00000000200001d8                pid_running
 *fill*         0x00000000200001d9        0x3 
 .bss.pid_input
                0x00000000200001dc        0x4 ./Core/Src/App/pid.o
                0x00000000200001dc                pid_input
 .bss.pid_output
                0x00000000200001e0        0x4 ./Core/Src/App/pid.o
                0x00000000200001e0                pid_output
 .bss.pid_last_input
                0x00000000200001e4        0x4 ./Core/Src/App/pid.o
                0x00000000200001e4                pid_last_input
 .bss.pid_output_sum
                0x00000000200001e8        0x4 ./Core/Src/App/pid.o
                0x00000000200001e8                pid_output_sum
 .bss.potentiometer_min
                0x00000000200001ec        0x2 ./Core/Src/App/potentiometer.o
                0x00000000200001ec                potentiometer_min
 .bss.potentiometer_max
                0x00000000200001ee        0x2 ./Core/Src/App/potentiometer.o
                0x00000000200001ee                potentiometer_max
 .bss.potentiometer_adctmp
                0x00000000200001f0        0x4 ./Core/Src/App/potentiometer.o
                0x00000000200001f0                potentiometer_adctmp
 .bss.potentiometer_adccnt
                0x00000000200001f4        0x2 ./Core/Src/App/potentiometer.o
                0x00000000200001f4                potentiometer_adccnt
 .bss.potentiometer_init_cplt
                0x00000000200001f6        0x1 ./Core/Src/App/potentiometer.o
                0x00000000200001f6                potentiometer_init_cplt
 *fill*         0x00000000200001f7        0x1 
 .bss.potentiometer_position
                0x00000000200001f8        0x4 ./Core/Src/App/potentiometer.o
                0x00000000200001f8                potentiometer_position
 .bss.settings  0x00000000200001fc       0x44 ./Core/Src/App/settings.o
                0x00000000200001fc                settings
 .bss.signal_ignore
                0x0000000020000240        0x1 ./Core/Src/App/signal.o
                0x0000000020000240                signal_ignore
 *fill*         0x0000000020000241        0x3 
 .bss.signal_min
                0x0000000020000244        0x4 ./Core/Src/App/signal.o
                0x0000000020000244                signal_min
 .bss.signal_max
                0x0000000020000248        0x4 ./Core/Src/App/signal.o
                0x0000000020000248                signal_max
 .bss.signal_timeout
                0x000000002000024c        0x4 ./Core/Src/App/signal.o
                0x000000002000024c                signal_timeout
 .bss.signal_present
                0x0000000020000250        0x1 ./Core/Src/App/signal.o
                0x0000000020000250                signal_present
 *fill*         0x0000000020000251        0x3 
 .bss.signal_timeout_passed_ms
                0x0000000020000254        0x4 ./Core/Src/App/signal.o
                0x0000000020000254                signal_timeout_passed_ms
 .bss.usb_rq    0x0000000020000258        0x1 ./Core/Src/App/usb.o
                0x0000000020000258                usb_rq
 .bss.usb_rq_sett_revert_flash
                0x0000000020000259        0x1 ./Core/Src/App/usb.o
                0x0000000020000259                usb_rq_sett_revert_flash
 .bss.usb_rq_stat_motor
                0x000000002000025a        0x1 ./Core/Src/App/usb.o
                0x000000002000025a                usb_rq_stat_motor
 .bss.usb_rq_stat_phold
                0x000000002000025b        0x1 ./Core/Src/App/usb.o
                0x000000002000025b                usb_rq_stat_phold
 .bss.usb_present
                0x000000002000025c        0x1 ./Core/Src/App/usb.o
                0x000000002000025c                usb_present
 *fill*         0x000000002000025d        0x3 
 .bss.usb_tx_buffer
                0x0000000020000260       0x40 ./Core/Src/App/usb.o
                0x0000000020000260                usb_tx_buffer
 .bss.usb_long_buffer
                0x00000000200002a0      0x100 ./Core/Src/App/usb.o
                0x00000000200002a0                usb_long_buffer
 .bss.hadc1     0x00000000200003a0       0x30 ./Core/Src/main.o
                0x00000000200003a0                hadc1
 .bss.hcrc      0x00000000200003d0        0x8 ./Core/Src/main.o
                0x00000000200003d0                hcrc
 .bss.htim2     0x00000000200003d8       0x48 ./Core/Src/main.o
                0x00000000200003d8                htim2
 .bss.htim3     0x0000000020000420       0x48 ./Core/Src/main.o
                0x0000000020000420                htim3
 .bss.htim4     0x0000000020000468       0x48 ./Core/Src/main.o
                0x0000000020000468                htim4
 .bss.uwTick    0x00000000200004b0        0x4 ./Drivers/STM32F1xx_HAL_Driver/Src/stm32f1xx_hal.o
                0x00000000200004b0                uwTick
 *fill*         0x00000000200004b4        0x4 
 .bss.pFlash    0x00000000200004b8       0x20 ./Drivers/STM32F1xx_HAL_Driver/Src/stm32f1xx_hal_flash.o
                0x00000000200004b8                pFlash
 .bss.cfgidx.0  0x00000000200004d8        0x1 ./Middlewares/ST/STM32_USB_Device_Library/Core/Src/usbd_ctlreq.o
 *fill*         0x00000000200004d9        0x3 
 .bss.hUsbDeviceFS
                0x00000000200004dc      0x2c4 ./USB_DEVICE/App/usb_device.o
                0x00000000200004dc                hUsbDeviceFS
 .bss.UserRxBufferFS
                0x00000000200007a0      0x3e8 ./USB_DEVICE/App/usbd_cdc_if.o
                0x00000000200007a0                UserRxBufferFS
 .bss.UserTxBufferFS
                0x0000000020000b88      0x3e8 ./USB_DEVICE/App/usbd_cdc_if.o
                0x0000000020000b88                UserTxBufferFS
 .bss.USBD_StrDesc
                0x0000000020000f70      0x200 ./USB_DEVICE/App/usbd_desc.o
                0x0000000020000f70                USBD_StrDesc
 .bss.hpcd_USB_FS
                0x0000000020001170      0x2ec ./USB_DEVICE/Target/usbd_conf.o
                0x0000000020001170                hpcd_USB_FS
 .bss.mem.0     0x000000002000145c      0x220 ./USB_DEVICE/Target/usbd_conf.o
 *(COMMON)
                0x000000002000167c                . = ALIGN (0x4)
                0x000000002000167c                _ebss = .
                0x000000002000167c                __bss_end__ = _ebss

._user_heap_stack
                0x000000002000167c      0x604 load address 0x000000000800cc58
                0x0000000020001680                . = ALIGN (0x8)
 *fill*         0x000000002000167c        0x4 
                [!provide]                        PROVIDE (end = .)
                0x0000000020001680                PROVIDE (_end = .)
                0x0000000020001880                . = (. + _Min_Heap_Size)
 *fill*         0x0000000020001680      0x200 
                0x0000000020001c80                . = (. + _Min_Stack_Size)
 *fill*         0x0000000020001880      0x400 
                0x0000000020001c80                . = ALIGN (0x8)

/DISCARD/
 libc.a(*)
 libm.a(*)
 libgcc.a(*)

.ARM.attributes
                0x0000000000000000       0x29
 *(.ARM.attributes)
 .ARM.attributes
                0x0000000000000000       0x1d c:/direct/st/stm32cubeide_1.9.0/stm32cubeide/plugins/com.st.stm32cube.ide.mcu.externaltools.gnu-tools-for-stm32.10.3-2021.10.win32_1.0.0.202111181127/tools/bin/../lib/gcc/arm-none-eabi/10.3.1/thumb/v7-m/nofp/crti.o
 .ARM.attributes
                0x000000000000001d       0x2d c:/direct/st/stm32cubeide_1.9.0/stm32cubeide/plugins/com.st.stm32cube.ide.mcu.externaltools.gnu-tools-for-stm32.10.3-2021.10.win32_1.0.0.202111181127/tools/bin/../lib/gcc/arm-none-eabi/10.3.1/thumb/v7-m/nofp/crtbegin.o
 .ARM.attributes
                0x000000000000004a       0x2d ./Core/Src/App/app.o
 .ARM.attributes
                0x0000000000000077       0x2d ./Core/Src/App/flash.o
 .ARM.attributes
                0x00000000000000a4       0x2d ./Core/Src/App/general.o
 .ARM.attributes
                0x00000000000000d1       0x2d ./Core/Src/App/interrupts.o
 .ARM.attributes
                0x00000000000000fe       0x2d ./Core/Src/App/led.o
 .ARM.attributes
                0x000000000000012b       0x2d ./Core/Src/App/motor.o
 .ARM.attributes
                0x0000000000000158       0x2d ./Core/Src/App/pid.o
 .ARM.attributes
                0x0000000000000185       0x2d ./Core/Src/App/potentiometer.o
 .ARM.attributes
                0x00000000000001b2       0x2d ./Core/Src/App/settings.o
 .ARM.attributes
                0x00000000000001df       0x2d ./Core/Src/App/signal.o
 .ARM.attributes
                0x000000000000020c       0x2d ./Core/Src/App/usb.o
 .ARM.attributes
                0x0000000000000239       0x2d ./Core/Src/main.o
 .ARM.attributes
                0x0000000000000266       0x2d ./Core/Src/stm32f1xx_hal_msp.o
 .ARM.attributes
                0x0000000000000293       0x2d ./Core/Src/stm32f1xx_it.o
 .ARM.attributes
                0x00000000000002c0       0x2d ./Core/Src/system_stm32f1xx.o
 .ARM.attributes
                0x00000000000002ed       0x21 ./Core/Startup/startup_stm32f103c8tx.o
 .ARM.attributes
                0x000000000000030e       0x2d ./Drivers/STM32F1xx_HAL_Driver/Src/stm32f1xx_hal.o
 .ARM.attributes
                0x000000000000033b       0x2d ./Drivers/STM32F1xx_HAL_Driver/Src/stm32f1xx_hal_adc.o
 .ARM.attributes
                0x0000000000000368       0x2d ./Drivers/STM32F1xx_HAL_Driver/Src/stm32f1xx_hal_adc_ex.o
 .ARM.attributes
                0x0000000000000395       0x2d ./Drivers/STM32F1xx_HAL_Driver/Src/stm32f1xx_hal_cortex.o
 .ARM.attributes
                0x00000000000003c2       0x2d ./Drivers/STM32F1xx_HAL_Driver/Src/stm32f1xx_hal_crc.o
 .ARM.attributes
                0x00000000000003ef       0x2d ./Drivers/STM32F1xx_HAL_Driver/Src/stm32f1xx_hal_flash.o
 .ARM.attributes
                0x000000000000041c       0x2d ./Drivers/STM32F1xx_HAL_Driver/Src/stm32f1xx_hal_flash_ex.o
 .ARM.attributes
                0x0000000000000449       0x2d ./Drivers/STM32F1xx_HAL_Driver/Src/stm32f1xx_hal_gpio.o
 .ARM.attributes
                0x0000000000000476       0x2d ./Drivers/STM32F1xx_HAL_Driver/Src/stm32f1xx_hal_pcd.o
 .ARM.attributes
                0x00000000000004a3       0x2d ./Drivers/STM32F1xx_HAL_Driver/Src/stm32f1xx_hal_pcd_ex.o
 .ARM.attributes
                0x00000000000004d0       0x2d ./Drivers/STM32F1xx_HAL_Driver/Src/stm32f1xx_hal_rcc.o
 .ARM.attributes
                0x00000000000004fd       0x2d ./Drivers/STM32F1xx_HAL_Driver/Src/stm32f1xx_hal_rcc_ex.o
 .ARM.attributes
                0x000000000000052a       0x2d ./Drivers/STM32F1xx_HAL_Driver/Src/stm32f1xx_hal_tim.o
 .ARM.attributes
                0x0000000000000557       0x2d ./Drivers/STM32F1xx_HAL_Driver/Src/stm32f1xx_hal_tim_ex.o
 .ARM.attributes
                0x0000000000000584       0x2d ./Drivers/STM32F1xx_HAL_Driver/Src/stm32f1xx_ll_usb.o
 .ARM.attributes
                0x00000000000005b1       0x2d ./Middlewares/ST/STM32_USB_Device_Library/Class/CDC/Src/usbd_cdc.o
 .ARM.attributes
                0x00000000000005de       0x2d ./Middlewares/ST/STM32_USB_Device_Library/Core/Src/usbd_core.o
 .ARM.attributes
                0x000000000000060b       0x2d ./Middlewares/ST/STM32_USB_Device_Library/Core/Src/usbd_ctlreq.o
 .ARM.attributes
                0x0000000000000638       0x2d ./Middlewares/ST/STM32_USB_Device_Library/Core/Src/usbd_ioreq.o
 .ARM.attributes
                0x0000000000000665       0x2d ./USB_DEVICE/App/usb_device.o
 .ARM.attributes
                0x0000000000000692       0x2d ./USB_DEVICE/App/usbd_cdc_if.o
 .ARM.attributes
                0x00000000000006bf       0x2d ./USB_DEVICE/App/usbd_desc.o
 .ARM.attributes
                0x00000000000006ec       0x2d ./USB_DEVICE/Target/usbd_conf.o
 .ARM.attributes
                0x0000000000000719       0x2d c:/direct/st/stm32cubeide_1.9.0/stm32cubeide/plugins/com.st.stm32cube.ide.mcu.externaltools.gnu-tools-for-stm32.10.3-2021.10.win32_1.0.0.202111181127/tools/bin/../lib/gcc/arm-none-eabi/10.3.1/../../../../arm-none-eabi/lib/thumb/v7-m/nofp\libc_nano.a(lib_a-init.o)
 .ARM.attributes
                0x0000000000000746       0x2d c:/direct/st/stm32cubeide_1.9.0/stm32cubeide/plugins/com.st.stm32cube.ide.mcu.externaltools.gnu-tools-for-stm32.10.3-2021.10.win32_1.0.0.202111181127/tools/bin/../lib/gcc/arm-none-eabi/10.3.1/../../../../arm-none-eabi/lib/thumb/v7-m/nofp\libc_nano.a(lib_a-memcpy-stub.o)
 .ARM.attributes
                0x0000000000000773       0x2d c:/direct/st/stm32cubeide_1.9.0/stm32cubeide/plugins/com.st.stm32cube.ide.mcu.externaltools.gnu-tools-for-stm32.10.3-2021.10.win32_1.0.0.202111181127/tools/bin/../lib/gcc/arm-none-eabi/10.3.1/../../../../arm-none-eabi/lib/thumb/v7-m/nofp\libc_nano.a(lib_a-memset.o)
 .ARM.attributes
                0x00000000000007a0       0x1d c:/direct/st/stm32cubeide_1.9.0/stm32cubeide/plugins/com.st.stm32cube.ide.mcu.externaltools.gnu-tools-for-stm32.10.3-2021.10.win32_1.0.0.202111181127/tools/bin/../lib/gcc/arm-none-eabi/10.3.1/thumb/v7-m/nofp\libgcc.a(_arm_addsubdf3.o)
 .ARM.attributes
                0x00000000000007bd       0x1d c:/direct/st/stm32cubeide_1.9.0/stm32cubeide/plugins/com.st.stm32cube.ide.mcu.externaltools.gnu-tools-for-stm32.10.3-2021.10.win32_1.0.0.202111181127/tools/bin/../lib/gcc/arm-none-eabi/10.3.1/thumb/v7-m/nofp\libgcc.a(_arm_muldivdf3.o)
 .ARM.attributes
                0x00000000000007da       0x1d c:/direct/st/stm32cubeide_1.9.0/stm32cubeide/plugins/com.st.stm32cube.ide.mcu.externaltools.gnu-tools-for-stm32.10.3-2021.10.win32_1.0.0.202111181127/tools/bin/../lib/gcc/arm-none-eabi/10.3.1/thumb/v7-m/nofp\libgcc.a(_arm_cmpdf2.o)
 .ARM.attributes
                0x00000000000007f7       0x1d c:/direct/st/stm32cubeide_1.9.0/stm32cubeide/plugins/com.st.stm32cube.ide.mcu.externaltools.gnu-tools-for-stm32.10.3-2021.10.win32_1.0.0.202111181127/tools/bin/../lib/gcc/arm-none-eabi/10.3.1/thumb/v7-m/nofp\libgcc.a(_arm_addsubsf3.o)
 .ARM.attributes
                0x0000000000000814       0x1d c:/direct/st/stm32cubeide_1.9.0/stm32cubeide/plugins/com.st.stm32cube.ide.mcu.externaltools.gnu-tools-for-stm32.10.3-2021.10.win32_1.0.0.202111181127/tools/bin/../lib/gcc/arm-none-eabi/10.3.1/thumb/v7-m/nofp\libgcc.a(_arm_muldivsf3.o)
 .ARM.attributes
                0x0000000000000831       0x1d c:/direct/st/stm32cubeide_1.9.0/stm32cubeide/plugins/com.st.stm32cube.ide.mcu.externaltools.gnu-tools-for-stm32.10.3-2021.10.win32_1.0.0.202111181127/tools/bin/../lib/gcc/arm-none-eabi/10.3.1/thumb/v7-m/nofp\libgcc.a(_arm_cmpsf2.o)
 .ARM.attributes
                0x000000000000084e       0x1d c:/direct/st/stm32cubeide_1.9.0/stm32cubeide/plugins/com.st.stm32cube.ide.mcu.externaltools.gnu-tools-for-stm32.10.3-2021.10.win32_1.0.0.202111181127/tools/bin/../lib/gcc/arm-none-eabi/10.3.1/thumb/v7-m/nofp\libgcc.a(_arm_fixsfsi.o)
 .ARM.attributes
                0x000000000000086b       0x1d c:/direct/st/stm32cubeide_1.9.0/stm32cubeide/plugins/com.st.stm32cube.ide.mcu.externaltools.gnu-tools-for-stm32.10.3-2021.10.win32_1.0.0.202111181127/tools/bin/../lib/gcc/arm-none-eabi/10.3.1/thumb/v7-m/nofp/crtn.o
OUTPUT(Servo_Firmware.elf elf32-littlearm)
LOAD linker stubs
LOAD c:/direct/st/stm32cubeide_1.9.0/stm32cubeide/plugins/com.st.stm32cube.ide.mcu.externaltools.gnu-tools-for-stm32.10.3-2021.10.win32_1.0.0.202111181127/tools/bin/../lib/gcc/arm-none-eabi/10.3.1/../../../../arm-none-eabi/lib/thumb/v7-m/nofp\libc.a
LOAD c:/direct/st/stm32cubeide_1.9.0/stm32cubeide/plugins/com.st.stm32cube.ide.mcu.externaltools.gnu-tools-for-stm32.10.3-2021.10.win32_1.0.0.202111181127/tools/bin/../lib/gcc/arm-none-eabi/10.3.1/../../../../arm-none-eabi/lib/thumb/v7-m/nofp\libm.a
LOAD c:/direct/st/stm32cubeide_1.9.0/stm32cubeide/plugins/com.st.stm32cube.ide.mcu.externaltools.gnu-tools-for-stm32.10.3-2021.10.win32_1.0.0.202111181127/tools/bin/../lib/gcc/arm-none-eabi/10.3.1/thumb/v7-m/nofp\libgcc.a

.debug_info     0x0000000000000000    0x18e6d
 .debug_info    0x0000000000000000      0x270 ./Core/Src/App/app.o
 .debug_info    0x0000000000000270      0x2b1 ./Core/Src/App/flash.o
 .debug_info    0x0000000000000521      0x127 ./Core/Src/App/general.o
 .debug_info    0x0000000000000648      0x930 ./Core/Src/App/interrupts.o
 .debug_info    0x0000000000000f78      0x213 ./Core/Src/App/led.o
 .debug_info    0x000000000000118b      0x765 ./Core/Src/App/motor.o
 .debug_info    0x00000000000018f0      0x902 ./Core/Src/App/pid.o
 .debug_info    0x00000000000021f2      0x641 ./Core/Src/App/potentiometer.o
 .debug_info    0x0000000000002833      0x3ea ./Core/Src/App/settings.o
 .debug_info    0x0000000000002c1d      0x931 ./Core/Src/App/signal.o