Archive member included to satisfy reference by file (symbol)

c:/direct/st/stm32cubeide_1.9.0/stm32cubeide/plugins/com.st.stm32cube.ide.mcu.externaltools.gnu-tools-for-stm32.10.3-2021.10.win32_1.0.100.202210260954/tools/bin/../lib/gcc/arm-none-eabi/10.3.1/../../../../arm-none-eabi/lib/thumb/v7-m/nofp\libc_nano.a(lib_a-errno.o)
                              ./Core/Src/syscalls.o (__errno)
c:/direct/st/stm32cubeide_1.9.0/stm32cubeide/plugins/com.st.stm32cube.ide.mcu.externaltools.gnu-tools-for-stm32.10.3-2021.10.win32_1.0.100.202210260954/tools/bin/../lib/gcc/arm-none-eabi/10.3.1/../../../../arm-none-eabi/lib/thumb/v7-m/nofp\libc_nano.a(lib_a-exit.o)
                              c:/direct/st/stm32cubeide_1.9.0/stm32cubeide/plugins/com.st.stm32cube.ide.mcu.externaltools.gnu-tools-for-stm32.10.3-2021.10.win32_1.0.100.202210260954/tools/bin/../lib/gcc/arm-none-eabi/10.3.1/../../../../arm-none-eabi/lib/thumb/v7-m/nofp/crt0.o (exit)
c:/direct/st/stm32cubeide_1.9.0/stm32cubeide/plugins/com.st.stm32cube.ide.mcu.externaltools.gnu-tools-for-stm32.10.3-2021.10.win32_1.0.100.202210260954/tools/bin/../lib/gcc/arm-none-eabi/10.3.1/../../../../arm-none-eabi/lib/thumb/v7-m/nofp\libc_nano.a(lib_a-impure.o)
                              c:/direct/st/stm32cubeide_1.9.0/stm32cubeide/plugins/com.st.stm32cube.ide.mcu.externaltools.gnu-tools-for-stm32.10.3-2021.10.win32_1.0.100.202210260954/tools/bin/../lib/gcc/arm-none-eabi/10.3.1/../../../../arm-none-eabi/lib/thumb/v7-m/nofp\libc_nano.a(lib_a-exit.o) (_global_impure_ptr)
c:/direct/st/stm32cubeide_1.9.0/stm32cubeide/plugins/com.st.stm32cube.ide.mcu.externaltools.gnu-tools-for-stm32.10.3-2021.10.win32_1.0.100.202210260954/tools/bin/../lib/gcc/arm-none-eabi/10.3.1/../../../../arm-none-eabi/lib/thumb/v7-m/nofp\libc_nano.a(lib_a-init.o)
                              c:/direct/st/stm32cubeide_1.9.0/stm32cubeide/plugins/com.st.stm32cube.ide.mcu.externaltools.gnu-tools-for-stm32.10.3-2021.10.win32_1.0.100.202210260954/tools/bin/../lib/gcc/arm-none-eabi/10.3.1/../../../../arm-none-eabi/lib/thumb/v7-m/nofp/crt0.o (__libc_init_array)
c:/direct/st/stm32cubeide_1.9.0/stm32cubeide/plugins/com.st.stm32cube.ide.mcu.externaltools.gnu-tools-for-stm32.10.3-2021.10.win32_1.0.100.202210260954/tools/bin/../lib/gcc/arm-none-eabi/10.3.1/../../../../arm-none-eabi/lib/thumb/v7-m/nofp\libc_nano.a(lib_a-memset.o)
                              c:/direct/st/stm32cubeide_1.9.0/stm32cubeide/plugins/com.st.stm32cube.ide.mcu.externaltools.gnu-tools-for-stm32.10.3-2021.10.win32_1.0.100.202210260954/tools/bin/../lib/gcc/arm-none-eabi/10.3.1/../../../../arm-none-eabi/lib/thumb/v7-m/nofp/crt0.o (memset)
c:/direct/st/stm32cubeide_1.9.0/stm32cubeide/plugins/com.st.stm32cube.ide.mcu.externaltools.gnu-tools-for-stm32.10.3-2021.10.win32_1.0.100.202210260954/tools/bin/../lib/gcc/arm-none-eabi/10.3.1/thumb/v7-m/nofp\libgcc.a(_arm_mulsf3.o)
                              ./Core/Src/App/System/Drivers/pwm.o (__aeabi_fmul)
c:/direct/st/stm32cubeide_1.9.0/stm32cubeide/plugins/com.st.stm32cube.ide.mcu.externaltools.gnu-tools-for-stm32.10.3-2021.10.win32_1.0.100.202210260954/tools/bin/../lib/gcc/arm-none-eabi/10.3.1/thumb/v7-m/nofp\libgcc.a(_arm_addsubsf3.o)
                              ./Core/Src/App/callbacks.o (__aeabi_fadd)
c:/direct/st/stm32cubeide_1.9.0/stm32cubeide/plugins/com.st.stm32cube.ide.mcu.externaltools.gnu-tools-for-stm32.10.3-2021.10.win32_1.0.100.202210260954/tools/bin/../lib/gcc/arm-none-eabi/10.3.1/thumb/v7-m/nofp\libgcc.a(_arm_muldivsf3.o)
                              ./Core/Src/App/System/Drivers/potentiometer.o (__aeabi_fdiv)
c:/direct/st/stm32cubeide_1.9.0/stm32cubeide/plugins/com.st.stm32cube.ide.mcu.externaltools.gnu-tools-for-stm32.10.3-2021.10.win32_1.0.100.202210260954/tools/bin/../lib/gcc/arm-none-eabi/10.3.1/thumb/v7-m/nofp\libgcc.a(_arm_fixunssfsi.o)
                              ./Core/Src/App/System/Drivers/pwm.o (__aeabi_f2uiz)

Discarded input sections

 .text          0x0000000000000000        0x0 c:/direct/st/stm32cubeide_1.9.0/stm32cubeide/plugins/com.st.stm32cube.ide.mcu.externaltools.gnu-tools-for-stm32.10.3-2021.10.win32_1.0.100.202210260954/tools/bin/../lib/gcc/arm-none-eabi/10.3.1/thumb/v7-m/nofp/crti.o
 .data          0x0000000000000000        0x0 c:/direct/st/stm32cubeide_1.9.0/stm32cubeide/plugins/com.st.stm32cube.ide.mcu.externaltools.gnu-tools-for-stm32.10.3-2021.10.win32_1.0.100.202210260954/tools/bin/../lib/gcc/arm-none-eabi/10.3.1/thumb/v7-m/nofp/crti.o
 .bss           0x0000000000000000        0x0 c:/direct/st/stm32cubeide_1.9.0/stm32cubeide/plugins/com.st.stm32cube.ide.mcu.externaltools.gnu-tools-for-stm32.10.3-2021.10.win32_1.0.100.202210260954/tools/bin/../lib/gcc/arm-none-eabi/10.3.1/thumb/v7-m/nofp/crti.o
[...]
Memory Configuration

Name             Origin             Length             Attributes
RAM              0x0000000020000000 0x0000000000005000 xrw
FLASH            0x0000000008000000 0x0000000000010000 xr
*default*        0x0000000000000000 0xffffffffffffffff

Linker script and memory map

LOAD c:/direct/st/stm32cubeide_1.9.0/stm32cubeide/plugins/com.st.stm32cube.ide.mcu.externaltools.gnu-tools-for-stm32.10.3-2021.10.win32_1.0.100.202210260954/tools/bin/../lib/gcc/arm-none-eabi/10.3.1/thumb/v7-m/nofp/crti.o
LOAD c:/direct/st/stm32cubeide_1.9.0/stm32cubeide/plugins/com.st.stm32cube.ide.mcu.externaltools.gnu-tools-for-stm32.10.3-2021.10.win32_1.0.100.202210260954/tools/bin/../lib/gcc/arm-none-eabi/10.3.1/thumb/v7-m/nofp/crtbegin.o
LOAD c:/direct/st/stm32cubeide_1.9.0/stm32cubeide/plugins/com.st.stm32cube.ide.mcu.externaltools.gnu-tools-for-stm32.10.3-2021.10.win32_1.0.100.202210260954/tools/bin/../lib/gcc/arm-none-eabi/10.3.1/../../../../arm-none-eabi/lib/thumb/v7-m/nofp/crt0.o
LOAD ./Core/Src/App/System/Drivers/led.o
LOAD ./Core/Src/App/System/Drivers/lock.o
LOAD ./Core/Src/App/System/Drivers/potentiometer.o
LOAD ./Core/Src/App/System/Drivers/pwm.o
LOAD ./Core/Src/App/System/interrupts.o
LOAD ./Core/Src/App/app.o
LOAD ./Core/Src/App/callbacks.o
LOAD ./Core/Src/main.o
LOAD ./Core/Src/stm32f1xx_hal_msp.o
LOAD ./Core/Src/stm32f1xx_it.o
LOAD ./Core/Src/syscalls.o
LOAD ./Core/Src/sysmem.o
LOAD ./Core/Src/system_stm32f1xx.o
LOAD ./Core/Startup/startup_stm32f103c8tx.o
LOAD ./Drivers/STM32F1xx_HAL_Driver/Src/stm32f1xx_hal.o
LOAD ./Drivers/STM32F1xx_HAL_Driver/Src/stm32f1xx_hal_adc.o
LOAD ./Drivers/STM32F1xx_HAL_Driver/Src/stm32f1xx_hal_adc_ex.o
LOAD ./Drivers/STM32F1xx_HAL_Driver/Src/stm32f1xx_hal_cortex.o
LOAD ./Drivers/STM32F1xx_HAL_Driver/Src/stm32f1xx_hal_dma.o
LOAD ./Drivers/STM32F1xx_HAL_Driver/Src/stm32f1xx_hal_exti.o
LOAD ./Drivers/STM32F1xx_HAL_Driver/Src/stm32f1xx_hal_flash.o
LOAD ./Drivers/STM32F1xx_HAL_Driver/Src/stm32f1xx_hal_flash_ex.o
LOAD ./Drivers/STM32F1xx_HAL_Driver/Src/stm32f1xx_hal_gpio.o
LOAD ./Drivers/STM32F1xx_HAL_Driver/Src/stm32f1xx_hal_gpio_ex.o
LOAD ./Drivers/STM32F1xx_HAL_Driver/Src/stm32f1xx_hal_pwr.o
LOAD ./Drivers/STM32F1xx_HAL_Driver/Src/stm32f1xx_hal_rcc.o
LOAD ./Drivers/STM32F1xx_HAL_Driver/Src/stm32f1xx_hal_rcc_ex.o
LOAD ./Drivers/STM32F1xx_HAL_Driver/Src/stm32f1xx_hal_tim.o
LOAD ./Drivers/STM32F1xx_HAL_Driver/Src/stm32f1xx_hal_tim_ex.o
START GROUP
LOAD c:/direct/st/stm32cubeide_1.9.0/stm32cubeide/plugins/com.st.stm32cube.ide.mcu.externaltools.gnu-tools-for-stm32.10.3-2021.10.win32_1.0.100.202210260954/tools/bin/../lib/gcc/arm-none-eabi/10.3.1/../../../../arm-none-eabi/lib/thumb/v7-m/nofp\libc_nano.a
LOAD c:/direct/st/stm32cubeide_1.9.0/stm32cubeide/plugins/com.st.stm32cube.ide.mcu.externaltools.gnu-tools-for-stm32.10.3-2021.10.win32_1.0.100.202210260954/tools/bin/../lib/gcc/arm-none-eabi/10.3.1/../../../../arm-none-eabi/lib/thumb/v7-m/nofp\libm.a
END GROUP
START GROUP
LOAD c:/direct/st/stm32cubeide_1.9.0/stm32cubeide/plugins/com.st.stm32cube.ide.mcu.externaltools.gnu-tools-for-stm32.10.3-2021.10.win32_1.0.100.202210260954/tools/bin/../lib/gcc/arm-none-eabi/10.3.1/thumb/v7-m/nofp\libgcc.a
LOAD c:/direct/st/stm32cubeide_1.9.0/stm32cubeide/plugins/com.st.stm32cube.ide.mcu.externaltools.gnu-tools-for-stm32.10.3-2021.10.win32_1.0.100.202210260954/tools/bin/../lib/gcc/arm-none-eabi/10.3.1/../../../../arm-none-eabi/lib/thumb/v7-m/nofp\libc_nano.a
END GROUP
START GROUP
LOAD c:/direct/st/stm32cubeide_1.9.0/stm32cubeide/plugins/com.st.stm32cube.ide.mcu.externaltools.gnu-tools-for-stm32.10.3-2021.10.win32_1.0.100.202210260954/tools/bin/../lib/gcc/arm-none-eabi/10.3.1/thumb/v7-m/nofp\libgcc.a
LOAD c:/direct/st/stm32cubeide_1.9.0/stm32cubeide/plugins/com.st.stm32cube.ide.mcu.externaltools.gnu-tools-for-stm32.10.3-2021.10.win32_1.0.100.202210260954/tools/bin/../lib/gcc/arm-none-eabi/10.3.1/../../../../arm-none-eabi/lib/thumb/v7-m/nofp\libc_nano.a
LOAD c:/direct/st/stm32cubeide_1.9.0/stm32cubeide/plugins/com.st.stm32cube.ide.mcu.externaltools.gnu-tools-for-stm32.10.3-2021.10.win32_1.0.100.202210260954/tools/bin/../lib/gcc/arm-none-eabi/10.3.1/../../../../arm-none-eabi/lib/thumb/v7-m/nofp\libnosys.a
END GROUP
START GROUP
LOAD c:/direct/st/stm32cubeide_1.9.0/stm32cubeide/plugins/com.st.stm32cube.ide.mcu.externaltools.gnu-tools-for-stm32.10.3-2021.10.win32_1.0.100.202210260954/tools/bin/../lib/gcc/arm-none-eabi/10.3.1/thumb/v7-m/nofp\libgcc.a
LOAD c:/direct/st/stm32cubeide_1.9.0/stm32cubeide/plugins/com.st.stm32cube.ide.mcu.externaltools.gnu-tools-for-stm32.10.3-2021.10.win32_1.0.100.202210260954/tools/bin/../lib/gcc/arm-none-eabi/10.3.1/../../../../arm-none-eabi/lib/thumb/v7-m/nofp\libc_nano.a
LOAD c:/direct/st/stm32cubeide_1.9.0/stm32cubeide/plugins/com.st.stm32cube.ide.mcu.externaltools.gnu-tools-for-stm32.10.3-2021.10.win32_1.0.100.202210260954/tools/bin/../lib/gcc/arm-none-eabi/10.3.1/../../../../arm-none-eabi/lib/thumb/v7-m/nofp\libnosys.a
END GROUP
LOAD c:/direct/st/stm32cubeide_1.9.0/stm32cubeide/plugins/com.st.stm32cube.ide.mcu.externaltools.gnu-tools-for-stm32.10.3-2021.10.win32_1.0.100.202210260954/tools/bin/../lib/gcc/arm-none-eabi/10.3.1/thumb/v7-m/nofp/crtend.o
LOAD c:/direct/st/stm32cubeide_1.9.0/stm32cubeide/plugins/com.st.stm32cube.ide.mcu.externaltools.gnu-tools-for-stm32.10.3-2021.10.win32_1.0.100.202210260954/tools/bin/../lib/gcc/arm-none-eabi/10.3.1/thumb/v7-m/nofp/crtn.o
                0x0000000020005000                _estack = (ORIGIN (RAM) + LENGTH (RAM))
                0x0000000000000200                _Min_Heap_Size = 0x200
                0x0000000000000400                _Min_Stack_Size = 0x400

.isr_vector     0x0000000008000000      0x10c
                0x0000000008000000                . = ALIGN (0x4)
 *(.isr_vector)
 .isr_vector    0x0000000008000000      0x10c ./Core/Startup/startup_stm32f103c8tx.o
                0x0000000008000000                g_pfnVectors
                0x000000000800010c                . = ALIGN (0x4)

.text           0x000000000800010c     0x3428
                0x000000000800010c                . = ALIGN (0x4)
 *(.text)
 .text          0x000000000800010c       0x40 c:/direct/st/stm32cubeide_1.9.0/stm32cubeide/plugins/com.st.stm32cube.ide.mcu.externaltools.gnu-tools-for-stm32.10.3-2021.10.win32_1.0.100.202210260954/tools/bin/../lib/gcc/arm-none-eabi/10.3.1/thumb/v7-m/nofp/crtbegin.o
 .text          0x000000000800014c      0x21c c:/direct/st/stm32cubeide_1.9.0/stm32cubeide/plugins/com.st.stm32cube.ide.mcu.externaltools.gnu-tools-for-stm32.10.3-2021.10.win32_1.0.100.202210260954/tools/bin/../lib/gcc/arm-none-eabi/10.3.1/thumb/v7-m/nofp\libgcc.a(_arm_addsubsf3.o)
                0x000000000800014c                __aeabi_frsub
                0x0000000008000154                __subsf3
                0x0000000008000154                __aeabi_fsub
                0x0000000008000158                __aeabi_fadd
                0x0000000008000158                __addsf3
                0x00000000080002b8                __aeabi_ui2f
                0x00000000080002b8                __floatunsisf
                0x00000000080002c0                __aeabi_i2f
                0x00000000080002c0                __floatsisf
                0x00000000080002dc                __aeabi_ul2f
                0x00000000080002dc                __floatundisf
                0x00000000080002ec                __aeabi_l2f
                0x00000000080002ec                __floatdisf
 .text          0x0000000008000368      0x2a0 c:/direct/st/stm32cubeide_1.9.0/stm32cubeide/plugins/com.st.stm32cube.ide.mcu.externaltools.gnu-tools-for-stm32.10.3-2021.10.win32_1.0.100.202210260954/tools/bin/../lib/gcc/arm-none-eabi/10.3.1/thumb/v7-m/nofp\libgcc.a(_arm_muldivsf3.o)
                0x0000000008000368                __mulsf3
                0x0000000008000368                __aeabi_fmul
                0x00000000080004d0                __aeabi_fdiv
                0x00000000080004d0                __divsf3
 .text          0x0000000008000608       0x40 c:/direct/st/stm32cubeide_1.9.0/stm32cubeide/plugins/com.st.stm32cube.ide.mcu.externaltools.gnu-tools-for-stm32.10.3-2021.10.win32_1.0.100.202210260954/tools/bin/../lib/gcc/arm-none-eabi/10.3.1/thumb/v7-m/nofp\libgcc.a(_arm_fixunssfsi.o)
                0x0000000008000608                __fixunssfsi
                0x0000000008000608                __aeabi_f2uiz
 *(.text*)
 .text.Led_Set_On
                0x0000000008000648       0x38 ./Core/Src/App/System/Drivers/led.o
                0x0000000008000648                Led_Set_On
 .text.Lock_Read
                0x0000000008000680       0x74 ./Core/Src/App/System/Drivers/lock.o
 .text.Lock_Interrupt
                0x00000000080006f4       0x32 ./Core/Src/App/System/Drivers/lock.o
                0x00000000080006f4                Lock_Interrupt
 *fill*         0x0000000008000726        0x2 
 .text.Potentiometer_ADC_Interrupt
                0x0000000008000728       0x70 ./Core/Src/App/System/Drivers/potentiometer.o
                0x0000000008000728                Potentiometer_ADC_Interrupt
 .text.Potentiometer_Init
                0x0000000008000798       0x38 ./Core/Src/App/System/Drivers/potentiometer.o
                0x0000000008000798                Potentiometer_Init
 .text.Pwm_Set_Ms
                0x00000000080007d0       0x34 ./Core/Src/App/System/Drivers/pwm.o
                0x00000000080007d0                Pwm_Set_Ms
 .text.Pwm_Init
                0x0000000008000804       0x14 ./Core/Src/App/System/Drivers/pwm.o
                0x0000000008000804                Pwm_Init
 .text.HAL_ADC_ConvCpltCallback
                0x0000000008000818       0x24 ./Core/Src/App/System/interrupts.o
                0x0000000008000818                HAL_ADC_ConvCpltCallback
 .text.HAL_GPIO_EXTI_Callback
                0x000000000800083c       0x1e ./Core/Src/App/System/interrupts.o
                0x000000000800083c                HAL_GPIO_EXTI_Callback
 .text.App_Init
                0x000000000800085a       0x14 ./Core/Src/App/app.o
                0x000000000800085a                App_Init
 *fill*         0x000000000800086e        0x2 
 .text.Potentiometer_Ready
                0x0000000008000870       0x44 ./Core/Src/App/callbacks.o
                0x0000000008000870                Potentiometer_Ready
 .text.Lock_Updated
                0x00000000080008b4       0x24 ./Core/Src/App/callbacks.o
                0x00000000080008b4                Lock_Updated
 .text.main     0x00000000080008d8       0x1e ./Core/Src/main.o
                0x00000000080008d8                main
 .text.SystemClock_Config
                0x00000000080008f6       0xb6 ./Core/Src/main.o
                0x00000000080008f6                SystemClock_Config
 .text.MX_ADC1_Init
                0x00000000080009ac       0x7c ./Core/Src/main.o
 .text.MX_TIM4_Init
                0x0000000008000a28       0xf0 ./Core/Src/main.o
 .text.MX_GPIO_Init
                0x0000000008000b18       0xdc ./Core/Src/main.o
 .text.Error_Handler
                0x0000000008000bf4        0xa ./Core/Src/main.o
                0x0000000008000bf4                Error_Handler
 *fill*         0x0000000008000bfe        0x2 
 .text.HAL_MspInit
                0x0000000008000c00       0x64 ./Core/Src/stm32f1xx_hal_msp.o
                0x0000000008000c00                HAL_MspInit
 .text.HAL_ADC_MspInit
                0x0000000008000c64       0x88 ./Core/Src/stm32f1xx_hal_msp.o
                0x0000000008000c64                HAL_ADC_MspInit
 .text.HAL_TIM_Base_MspInit
                0x0000000008000cec       0x3c ./Core/Src/stm32f1xx_hal_msp.o
                0x0000000008000cec                HAL_TIM_Base_MspInit
 .text.HAL_TIM_MspPostInit
                0x0000000008000d28       0x64 ./Core/Src/stm32f1xx_hal_msp.o
                0x0000000008000d28                HAL_TIM_MspPostInit
 .text.NMI_Handler
                0x0000000008000d8c        0x6 ./Core/Src/stm32f1xx_it.o
                0x0000000008000d8c                NMI_Handler
 .text.HardFault_Handler
                0x0000000008000d92        0x6 ./Core/Src/stm32f1xx_it.o
                0x0000000008000d92                HardFault_Handler
 .text.MemManage_Handler
                0x0000000008000d98        0x6 ./Core/Src/stm32f1xx_it.o
                0x0000000008000d98                MemManage_Handler
 .text.BusFault_Handler
                0x0000000008000d9e        0x6 ./Core/Src/stm32f1xx_it.o
                0x0000000008000d9e                BusFault_Handler
 .text.UsageFault_Handler
                0x0000000008000da4        0x6 ./Core/Src/stm32f1xx_it.o
                0x0000000008000da4                UsageFault_Handler
 .text.SVC_Handler
                0x0000000008000daa        0xc ./Core/Src/stm32f1xx_it.o
                0x0000000008000daa                SVC_Handler
 .text.DebugMon_Handler
                0x0000000008000db6        0xc ./Core/Src/stm32f1xx_it.o
                0x0000000008000db6                DebugMon_Handler
 .text.PendSV_Handler
                0x0000000008000dc2        0xc ./Core/Src/stm32f1xx_it.o
                0x0000000008000dc2                PendSV_Handler
 .text.SysTick_Handler
                0x0000000008000dce        0xc ./Core/Src/stm32f1xx_it.o
                0x0000000008000dce                SysTick_Handler
 *fill*         0x0000000008000dda        0x2 
 .text.ADC1_2_IRQHandler
                0x0000000008000ddc       0x14 ./Core/Src/stm32f1xx_it.o
                0x0000000008000ddc                ADC1_2_IRQHandler
 .text.EXTI15_10_IRQHandler
                0x0000000008000df0       0x10 ./Core/Src/stm32f1xx_it.o
                0x0000000008000df0                EXTI15_10_IRQHandler
 .text.SystemInit
                0x0000000008000e00        0xc ./Core/Src/system_stm32f1xx.o
                0x0000000008000e00                SystemInit
 .text.Reset_Handler
                0x0000000008000e0c       0x48 ./Core/Startup/startup_stm32f103c8tx.o
                0x0000000008000e0c                Reset_Handler
 .text.Default_Handler
                0x0000000008000e54        0x2 ./Core/Startup/startup_stm32f103c8tx.o
                0x0000000008000e54                RTC_Alarm_IRQHandler
                0x0000000008000e54                EXTI2_IRQHandler
                0x0000000008000e54                TIM1_CC_IRQHandler
                0x0000000008000e54                PVD_IRQHandler
                0x0000000008000e54                EXTI3_IRQHandler
                0x0000000008000e54                EXTI0_IRQHandler
                0x0000000008000e54                I2C2_EV_IRQHandler
                0x0000000008000e54                SPI1_IRQHandler
                0x0000000008000e54                TAMPER_IRQHandler
                0x0000000008000e54                DMA1_Channel4_IRQHandler
                0x0000000008000e54                USART3_IRQHandler
                0x0000000008000e54                RTC_IRQHandler
                0x0000000008000e54                DMA1_Channel7_IRQHandler
                0x0000000008000e54                CAN1_RX1_IRQHandler
                0x0000000008000e54                TIM4_IRQHandler
                0x0000000008000e54                I2C1_EV_IRQHandler
                0x0000000008000e54                DMA1_Channel6_IRQHandler
                0x0000000008000e54                TIM3_IRQHandler
                0x0000000008000e54                RCC_IRQHandler
                0x0000000008000e54                TIM1_TRG_COM_IRQHandler
                0x0000000008000e54                DMA1_Channel1_IRQHandler
                0x0000000008000e54                Default_Handler
                0x0000000008000e54                EXTI9_5_IRQHandler
                0x0000000008000e54                SPI2_IRQHandler
                0x0000000008000e54                DMA1_Channel5_IRQHandler
                0x0000000008000e54                EXTI4_IRQHandler
                0x0000000008000e54                USB_LP_CAN1_RX0_IRQHandler
                0x0000000008000e54                USB_HP_CAN1_TX_IRQHandler
                0x0000000008000e54                DMA1_Channel3_IRQHandler
                0x0000000008000e54                TIM1_UP_IRQHandler
                0x0000000008000e54                WWDG_IRQHandler
                0x0000000008000e54                TIM2_IRQHandler
                0x0000000008000e54                TIM1_BRK_IRQHandler
                0x0000000008000e54                EXTI1_IRQHandler
                0x0000000008000e54                USART2_IRQHandler
                0x0000000008000e54                I2C2_ER_IRQHandler
                0x0000000008000e54                DMA1_Channel2_IRQHandler
                0x0000000008000e54                CAN1_SCE_IRQHandler
                0x0000000008000e54                FLASH_IRQHandler
                0x0000000008000e54                USART1_IRQHandler
                0x0000000008000e54                I2C1_ER_IRQHandler
                0x0000000008000e54                USBWakeUp_IRQHandler
 *fill*         0x0000000008000e56        0x2 
 .text.HAL_Init
                0x0000000008000e58       0x2c ./Drivers/STM32F1xx_HAL_Driver/Src/stm32f1xx_hal.o
                0x0000000008000e58                HAL_Init
 .text.HAL_InitTick
                0x0000000008000e84       0x60 ./Drivers/STM32F1xx_HAL_Driver/Src/stm32f1xx_hal.o
                0x0000000008000e84                HAL_InitTick
 .text.HAL_IncTick
                0x0000000008000ee4       0x24 ./Drivers/STM32F1xx_HAL_Driver/Src/stm32f1xx_hal.o
                0x0000000008000ee4                HAL_IncTick
 .text.HAL_GetTick
                0x0000000008000f08       0x14 ./Drivers/STM32F1xx_HAL_Driver/Src/stm32f1xx_hal.o
                0x0000000008000f08                HAL_GetTick
 .text.HAL_ADC_Init
                0x0000000008000f1c      0x1b0 ./Drivers/STM32F1xx_HAL_Driver/Src/stm32f1xx_hal_adc.o
                0x0000000008000f1c                HAL_ADC_Init
 .text.HAL_ADC_Start_IT
                0x00000000080010cc      0x16c ./Drivers/STM32F1xx_HAL_Driver/Src/stm32f1xx_hal_adc.o
                0x00000000080010cc                HAL_ADC_Start_IT
 .text.HAL_ADC_GetValue
                0x0000000008001238       0x18 ./Drivers/STM32F1xx_HAL_Driver/Src/stm32f1xx_hal_adc.o
                0x0000000008001238                HAL_ADC_GetValue
 .text.HAL_ADC_IRQHandler
                0x0000000008001250      0x186 ./Drivers/STM32F1xx_HAL_Driver/Src/stm32f1xx_hal_adc.o
                0x0000000008001250                HAL_ADC_IRQHandler
 .text.HAL_ADC_LevelOutOfWindowCallback
                0x00000000080013d6       0x12 ./Drivers/STM32F1xx_HAL_Driver/Src/stm32f1xx_hal_adc.o
                0x00000000080013d6                HAL_ADC_LevelOutOfWindowCallback
 .text.HAL_ADC_ConfigChannel
                0x00000000080013e8      0x1f0 ./Drivers/STM32F1xx_HAL_Driver/Src/stm32f1xx_hal_adc.o
                0x00000000080013e8                HAL_ADC_ConfigChannel
 .text.ADC_Enable
                0x00000000080015d8       0xb4 ./Drivers/STM32F1xx_HAL_Driver/Src/stm32f1xx_hal_adc.o
                0x00000000080015d8                ADC_Enable
 .text.ADC_ConversionStop_Disable
                0x000000000800168c       0x82 ./Drivers/STM32F1xx_HAL_Driver/Src/stm32f1xx_hal_adc.o
                0x000000000800168c                ADC_ConversionStop_Disable
 *fill*         0x000000000800170e        0x2 
 .text.HAL_ADCEx_Calibration_Start
                0x0000000008001710      0x158 ./Drivers/STM32F1xx_HAL_Driver/Src/stm32f1xx_hal_adc_ex.o
                0x0000000008001710                HAL_ADCEx_Calibration_Start
 .text.HAL_ADCEx_InjectedConvCpltCallback
                0x0000000008001868       0x12 ./Drivers/STM32F1xx_HAL_Driver/Src/stm32f1xx_hal_adc_ex.o
                0x0000000008001868                HAL_ADCEx_InjectedConvCpltCallback
 *fill*         0x000000000800187a        0x2 
 .text.__NVIC_SetPriorityGrouping
                0x000000000800187c       0x48 ./Drivers/STM32F1xx_HAL_Driver/Src/stm32f1xx_hal_cortex.o
 .text.__NVIC_GetPriorityGrouping
                0x00000000080018c4       0x1c ./Drivers/STM32F1xx_HAL_Driver/Src/stm32f1xx_hal_cortex.o
 .text.__NVIC_EnableIRQ
                0x00000000080018e0       0x38 ./Drivers/STM32F1xx_HAL_Driver/Src/stm32f1xx_hal_cortex.o
 .text.__NVIC_SetPriority
                0x0000000008001918       0x54 ./Drivers/STM32F1xx_HAL_Driver/Src/stm32f1xx_hal_cortex.o
 .text.NVIC_EncodePriority
                0x000000000800196c       0x64 ./Drivers/STM32F1xx_HAL_Driver/Src/stm32f1xx_hal_cortex.o
 .text.SysTick_Config
                0x00000000080019d0       0x44 ./Drivers/STM32F1xx_HAL_Driver/Src/stm32f1xx_hal_cortex.o
 .text.HAL_NVIC_SetPriorityGrouping
                0x0000000008001a14       0x16 ./Drivers/STM32F1xx_HAL_Driver/Src/stm32f1xx_hal_cortex.o
                0x0000000008001a14                HAL_NVIC_SetPriorityGrouping
 .text.HAL_NVIC_SetPriority
                0x0000000008001a2a       0x38 ./Drivers/STM32F1xx_HAL_Driver/Src/stm32f1xx_hal_cortex.o
                0x0000000008001a2a                HAL_NVIC_SetPriority
 .text.HAL_NVIC_EnableIRQ
                0x0000000008001a62       0x1c ./Drivers/STM32F1xx_HAL_Driver/Src/stm32f1xx_hal_cortex.o
                0x0000000008001a62                HAL_NVIC_EnableIRQ
 .text.HAL_SYSTICK_Config
                0x0000000008001a7e       0x18 ./Drivers/STM32F1xx_HAL_Driver/Src/stm32f1xx_hal_cortex.o
                0x0000000008001a7e                HAL_SYSTICK_Config
 *fill*         0x0000000008001a96        0x2 
 .text.HAL_GPIO_Init
                0x0000000008001a98      0x308 ./Drivers/STM32F1xx_HAL_Driver/Src/stm32f1xx_hal_gpio.o
                0x0000000008001a98                HAL_GPIO_Init
 .text.HAL_GPIO_ReadPin
                0x0000000008001da0       0x2e ./Drivers/STM32F1xx_HAL_Driver/Src/stm32f1xx_hal_gpio.o
                0x0000000008001da0                HAL_GPIO_ReadPin
 .text.HAL_GPIO_WritePin
                0x0000000008001dce       0x30 ./Drivers/STM32F1xx_HAL_Driver/Src/stm32f1xx_hal_gpio.o
                0x0000000008001dce                HAL_GPIO_WritePin
 *fill*         0x0000000008001dfe        0x2 
 .text.HAL_GPIO_EXTI_IRQHandler
                0x0000000008001e00       0x30 ./Drivers/STM32F1xx_HAL_Driver/Src/stm32f1xx_hal_gpio.o
                0x0000000008001e00                HAL_GPIO_EXTI_IRQHandler
 .text.HAL_RCC_OscConfig
                0x0000000008001e30      0x504 ./Drivers/STM32F1xx_HAL_Driver/Src/stm32f1xx_hal_rcc.o
                0x0000000008001e30                HAL_RCC_OscConfig
 .text.HAL_RCC_ClockConfig
                0x0000000008002334      0x1d4 ./Drivers/STM32F1xx_HAL_Driver/Src/stm32f1xx_hal_rcc.o
                0x0000000008002334                HAL_RCC_ClockConfig
 .text.HAL_RCC_GetSysClockFreq
                0x0000000008002508       0xbc ./Drivers/STM32F1xx_HAL_Driver/Src/stm32f1xx_hal_rcc.o
                0x0000000008002508                HAL_RCC_GetSysClockFreq
 .text.HAL_RCC_GetHCLKFreq
                0x00000000080025c4       0x14 ./Drivers/STM32F1xx_HAL_Driver/Src/stm32f1xx_hal_rcc.o
                0x00000000080025c4                HAL_RCC_GetHCLKFreq
 .text.HAL_RCC_GetPCLK2Freq
                0x00000000080025d8       0x28 ./Drivers/STM32F1xx_HAL_Driver/Src/stm32f1xx_hal_rcc.o
                0x00000000080025d8                HAL_RCC_GetPCLK2Freq
 .text.RCC_Delay
                0x0000000008002600       0x3c ./Drivers/STM32F1xx_HAL_Driver/Src/stm32f1xx_hal_rcc.o
 .text.HAL_RCCEx_PeriphCLKConfig
                0x000000000800263c      0x16c ./Drivers/STM32F1xx_HAL_Driver/Src/stm32f1xx_hal_rcc_ex.o
                0x000000000800263c                HAL_RCCEx_PeriphCLKConfig
 .text.HAL_RCCEx_GetPeriphCLKFreq
                0x00000000080027a8      0x180 ./Drivers/STM32F1xx_HAL_Driver/Src/stm32f1xx_hal_rcc_ex.o
                0x00000000080027a8                HAL_RCCEx_GetPeriphCLKFreq
 .text.HAL_TIM_Base_Init
                0x0000000008002928       0x9e ./Drivers/STM32F1xx_HAL_Driver/Src/stm32f1xx_hal_tim.o
                0x0000000008002928                HAL_TIM_Base_Init
 .text.HAL_TIM_PWM_Init
                0x00000000080029c6       0x9e ./Drivers/STM32F1xx_HAL_Driver/Src/stm32f1xx_hal_tim.o
                0x00000000080029c6                HAL_TIM_PWM_Init
 .text.HAL_TIM_PWM_MspInit
                0x0000000008002a64       0x12 ./Drivers/STM32F1xx_HAL_Driver/Src/stm32f1xx_hal_tim.o
                0x0000000008002a64                HAL_TIM_PWM_MspInit
 *fill*         0x0000000008002a76        0x2 
 .text.HAL_TIM_PWM_Start
                0x0000000008002a78      0x144 ./Drivers/STM32F1xx_HAL_Driver/Src/stm32f1xx_hal_tim.o
                0x0000000008002a78                HAL_TIM_PWM_Start
 .text.HAL_TIM_PWM_ConfigChannel
                0x0000000008002bbc      0x17c ./Drivers/STM32F1xx_HAL_Driver/Src/stm32f1xx_hal_tim.o
                0x0000000008002bbc                HAL_TIM_PWM_ConfigChannel
 .text.HAL_TIM_ConfigClockSource
                0x0000000008002d38      0x188 ./Drivers/STM32F1xx_HAL_Driver/Src/stm32f1xx_hal_tim.o
                0x0000000008002d38                HAL_TIM_ConfigClockSource
 .text.TIM_Base_SetConfig
                0x0000000008002ec0       0xc4 ./Drivers/STM32F1xx_HAL_Driver/Src/stm32f1xx_hal_tim.o
                0x0000000008002ec0                TIM_Base_SetConfig
 .text.TIM_OC1_SetConfig
                0x0000000008002f84       0xcc ./Drivers/STM32F1xx_HAL_Driver/Src/stm32f1xx_hal_tim.o
 .text.TIM_OC2_SetConfig
                0x0000000008003050       0xd4 ./Drivers/STM32F1xx_HAL_Driver/Src/stm32f1xx_hal_tim.o
                0x0000000008003050                TIM_OC2_SetConfig
 .text.TIM_OC3_SetConfig
                0x0000000008003124       0xd4 ./Drivers/STM32F1xx_HAL_Driver/Src/stm32f1xx_hal_tim.o
 .text.TIM_OC4_SetConfig
                0x00000000080031f8       0x9c ./Drivers/STM32F1xx_HAL_Driver/Src/stm32f1xx_hal_tim.o
 .text.TIM_TI1_ConfigInputStage
                0x0000000008003294       0x5c ./Drivers/STM32F1xx_HAL_Driver/Src/stm32f1xx_hal_tim.o
 .text.TIM_TI2_ConfigInputStage
                0x00000000080032f0       0x5e ./Drivers/STM32F1xx_HAL_Driver/Src/stm32f1xx_hal_tim.o
 .text.TIM_ITRx_SetConfig
                0x000000000800334e       0x34 ./Drivers/STM32F1xx_HAL_Driver/Src/stm32f1xx_hal_tim.o
 .text.TIM_ETR_SetConfig
                0x0000000008003382       0x3e ./Drivers/STM32F1xx_HAL_Driver/Src/stm32f1xx_hal_tim.o
                0x0000000008003382                TIM_ETR_SetConfig
 .text.TIM_CCxChannelCmd
                0x00000000080033c0       0x48 ./Drivers/STM32F1xx_HAL_Driver/Src/stm32f1xx_hal_tim.o
                0x00000000080033c0                TIM_CCxChannelCmd
 .text.HAL_TIMEx_MasterConfigSynchronization
                0x0000000008003408       0xbc ./Drivers/STM32F1xx_HAL_Driver/Src/stm32f1xx_hal_tim_ex.o
                0x0000000008003408                HAL_TIMEx_MasterConfigSynchronization
 .text.__libc_init_array
                0x00000000080034c4       0x48 c:/direct/st/stm32cubeide_1.9.0/stm32cubeide/plugins/com.st.stm32cube.ide.mcu.externaltools.gnu-tools-for-stm32.10.3-2021.10.win32_1.0.100.202210260954/tools/bin/../lib/gcc/arm-none-eabi/10.3.1/../../../../arm-none-eabi/lib/thumb/v7-m/nofp\libc_nano.a(lib_a-init.o)
                0x00000000080034c4                __libc_init_array
 .text.memset   0x000000000800350c       0x10 c:/direct/st/stm32cubeide_1.9.0/stm32cubeide/plugins/com.st.stm32cube.ide.mcu.externaltools.gnu-tools-for-stm32.10.3-2021.10.win32_1.0.100.202210260954/tools/bin/../lib/gcc/arm-none-eabi/10.3.1/../../../../arm-none-eabi/lib/thumb/v7-m/nofp\libc_nano.a(lib_a-memset.o)
                0x000000000800350c                memset
 *(.glue_7)
 .glue_7        0x000000000800351c        0x0 linker stubs
 *(.glue_7t)
 .glue_7t       0x000000000800351c        0x0 linker stubs
 *(.eh_frame)
 .eh_frame      0x000000000800351c        0x0 c:/direct/st/stm32cubeide_1.9.0/stm32cubeide/plugins/com.st.stm32cube.ide.mcu.externaltools.gnu-tools-for-stm32.10.3-2021.10.win32_1.0.100.202210260954/tools/bin/../lib/gcc/arm-none-eabi/10.3.1/thumb/v7-m/nofp/crtbegin.o
 *(.init)
 .init          0x000000000800351c        0x4 c:/direct/st/stm32cubeide_1.9.0/stm32cubeide/plugins/com.st.stm32cube.ide.mcu.externaltools.gnu-tools-for-stm32.10.3-2021.10.win32_1.0.100.202210260954/tools/bin/../lib/gcc/arm-none-eabi/10.3.1/thumb/v7-m/nofp/crti.o
                0x000000000800351c                _init
 .init          0x0000000008003520        0x8 c:/direct/st/stm32cubeide_1.9.0/stm32cubeide/plugins/com.st.stm32cube.ide.mcu.externaltools.gnu-tools-for-stm32.10.3-2021.10.win32_1.0.100.202210260954/tools/bin/../lib/gcc/arm-none-eabi/10.3.1/thumb/v7-m/nofp/crtn.o
 *(.fini)
 .fini          0x0000000008003528        0x4 c:/direct/st/stm32cubeide_1.9.0/stm32cubeide/plugins/com.st.stm32cube.ide.mcu.externaltools.gnu-tools-for-stm32.10.3-2021.10.win32_1.0.100.202210260954/tools/bin/../lib/gcc/arm-none-eabi/10.3.1/thumb/v7-m/nofp/crti.o
                0x0000000008003528                _fini
 .fini          0x000000000800352c        0x8 c:/direct/st/stm32cubeide_1.9.0/stm32cubeide/plugins/com.st.stm32cube.ide.mcu.externaltools.gnu-tools-for-stm32.10.3-2021.10.win32_1.0.100.202210260954/tools/bin/../lib/gcc/arm-none-eabi/10.3.1/thumb/v7-m/nofp/crtn.o
                0x0000000008003534                . = ALIGN (0x4)
                0x0000000008003534                _etext = .

.vfp11_veneer   0x0000000008003534        0x0
 .vfp11_veneer  0x0000000008003534        0x0 linker stubs

.v4_bx          0x0000000008003534        0x0
 .v4_bx         0x0000000008003534        0x0 linker stubs

.iplt           0x0000000008003534        0x0
 .iplt          0x0000000008003534        0x0 c:/direct/st/stm32cubeide_1.9.0/stm32cubeide/plugins/com.st.stm32cube.ide.mcu.externaltools.gnu-tools-for-stm32.10.3-2021.10.win32_1.0.100.202210260954/tools/bin/../lib/gcc/arm-none-eabi/10.3.1/thumb/v7-m/nofp/crtbegin.o

.rodata         0x0000000008003534       0x38
                0x0000000008003534                . = ALIGN (0x4)
 *(.rodata)
 .rodata        0x0000000008003534       0x10 ./Drivers/STM32F1xx_HAL_Driver/Src/stm32f1xx_hal_rcc.o
 .rodata        0x0000000008003544       0x10 ./Drivers/STM32F1xx_HAL_Driver/Src/stm32f1xx_hal_rcc_ex.o
 *(.rodata*)
 .rodata.AHBPrescTable
                0x0000000008003554       0x10 ./Core/Src/system_stm32f1xx.o
                0x0000000008003554                AHBPrescTable
 .rodata.APBPrescTable
                0x0000000008003564        0x8 ./Core/Src/system_stm32f1xx.o
                0x0000000008003564                APBPrescTable
                0x000000000800356c                . = ALIGN (0x4)

.rel.dyn        0x000000000800356c        0x0
 .rel.iplt      0x000000000800356c        0x0 c:/direct/st/stm32cubeide_1.9.0/stm32cubeide/plugins/com.st.stm32cube.ide.mcu.externaltools.gnu-tools-for-stm32.10.3-2021.10.win32_1.0.100.202210260954/tools/bin/../lib/gcc/arm-none-eabi/10.3.1/thumb/v7-m/nofp/crtbegin.o

.ARM.extab      0x000000000800356c        0x0
                0x000000000800356c                . = ALIGN (0x4)
 *(.ARM.extab* .gnu.linkonce.armextab.*)
                0x000000000800356c                . = ALIGN (0x4)

.ARM            0x000000000800356c        0x0
                0x000000000800356c                . = ALIGN (0x4)
                0x000000000800356c                __exidx_start = .
 *(.ARM.exidx*)
                0x000000000800356c                __exidx_end = .
                0x000000000800356c                . = ALIGN (0x4)

.preinit_array  0x000000000800356c        0x0
                0x000000000800356c                . = ALIGN (0x4)
                0x000000000800356c                PROVIDE (__preinit_array_start = .)
 *(.preinit_array*)
                0x000000000800356c                PROVIDE (__preinit_array_end = .)
                0x000000000800356c                . = ALIGN (0x4)

.init_array     0x000000000800356c        0x4
                0x000000000800356c                . = ALIGN (0x4)
                0x000000000800356c                PROVIDE (__init_array_start = .)
 *(SORT_BY_NAME(.init_array.*))
 *(.init_array*)
 .init_array    0x000000000800356c        0x4 c:/direct/st/stm32cubeide_1.9.0/stm32cubeide/plugins/com.st.stm32cube.ide.mcu.externaltools.gnu-tools-for-stm32.10.3-2021.10.win32_1.0.100.202210260954/tools/bin/../lib/gcc/arm-none-eabi/10.3.1/thumb/v7-m/nofp/crtbegin.o
                0x0000000008003570                PROVIDE (__init_array_end = .)
                0x0000000008003570                . = ALIGN (0x4)

.fini_array     0x0000000008003570        0x4
                0x0000000008003570                . = ALIGN (0x4)
                [!provide]                        PROVIDE (__fini_array_start = .)
 *(SORT_BY_NAME(.fini_array.*))
 *(.fini_array*)
 .fini_array    0x0000000008003570        0x4 c:/direct/st/stm32cubeide_1.9.0/stm32cubeide/plugins/com.st.stm32cube.ide.mcu.externaltools.gnu-tools-for-stm32.10.3-2021.10.win32_1.0.100.202210260954/tools/bin/../lib/gcc/arm-none-eabi/10.3.1/thumb/v7-m/nofp/crtbegin.o
                [!provide]                        PROVIDE (__fini_array_end = .)
                0x0000000008003574                . = ALIGN (0x4)
                0x0000000008003574                _sidata = LOADADDR (.data)

.data           0x0000000020000000        0xc load address 0x0000000008003574
                0x0000000020000000                . = ALIGN (0x4)
                0x0000000020000000                _sdata = .
 *(.data)
 *(.data*)
 .data.SystemCoreClock
                0x0000000020000000        0x4 ./Core/Src/system_stm32f1xx.o
                0x0000000020000000                SystemCoreClock
 .data.uwTickPrio
                0x0000000020000004        0x4 ./Drivers/STM32F1xx_HAL_Driver/Src/stm32f1xx_hal.o
                0x0000000020000004                uwTickPrio
 .data.uwTickFreq
                0x0000000020000008        0x1 ./Drivers/STM32F1xx_HAL_Driver/Src/stm32f1xx_hal.o
                0x0000000020000008                uwTickFreq
 *(.RamFunc)
 *(.RamFunc*)
                0x000000002000000c                . = ALIGN (0x4)
 *fill*         0x0000000020000009        0x3 
                0x000000002000000c                _edata = .

.igot.plt       0x000000002000000c        0x0 load address 0x0000000008003580
 .igot.plt      0x000000002000000c        0x0 c:/direct/st/stm32cubeide_1.9.0/stm32cubeide/plugins/com.st.stm32cube.ide.mcu.externaltools.gnu-tools-for-stm32.10.3-2021.10.win32_1.0.100.202210260954/tools/bin/../lib/gcc/arm-none-eabi/10.3.1/thumb/v7-m/nofp/crtbegin.o
                0x000000002000000c                . = ALIGN (0x4)

.bss            0x000000002000000c       0xa4 load address 0x0000000008003580
                0x000000002000000c                _sbss = .
                0x000000002000000c                __bss_start__ = _sbss
 *(.bss)
 .bss           0x000000002000000c       0x1c c:/direct/st/stm32cubeide_1.9.0/stm32cubeide/plugins/com.st.stm32cube.ide.mcu.externaltools.gnu-tools-for-stm32.10.3-2021.10.win32_1.0.100.202210260954/tools/bin/../lib/gcc/arm-none-eabi/10.3.1/thumb/v7-m/nofp/crtbegin.o
 *(.bss*)
 .bss.init_cplt
                0x0000000020000028        0x1 ./Core/Src/App/System/Drivers/potentiometer.o
 *fill*         0x0000000020000029        0x3 
 .bss.adctmp    0x000000002000002c        0x4 ./Core/Src/App/System/Drivers/potentiometer.o
 .bss.adccnt    0x0000000020000030        0x2 ./Core/Src/App/System/Drivers/potentiometer.o
 .bss.lock_enabled
                0x0000000020000032        0x1 ./Core/Src/App/callbacks.o
 *fill*         0x0000000020000033        0x1 
 .bss.hadc1     0x0000000020000034       0x30 ./Core/Src/main.o
                0x0000000020000034                hadc1
 .bss.htim4     0x0000000020000064       0x48 ./Core/Src/main.o
                0x0000000020000064                htim4
 .bss.uwTick    0x00000000200000ac        0x4 ./Drivers/STM32F1xx_HAL_Driver/Src/stm32f1xx_hal.o
                0x00000000200000ac                uwTick
 *(COMMON)
                0x00000000200000b0                . = ALIGN (0x4)
                0x00000000200000b0                _ebss = .
                0x00000000200000b0                __bss_end__ = _ebss

._user_heap_stack
                0x00000000200000b0      0x600 load address 0x0000000008003580
                0x00000000200000b0                . = ALIGN (0x8)
                [!provide]                        PROVIDE (end = .)
                0x00000000200000b0                PROVIDE (_end = .)
                0x00000000200002b0                . = (. + _Min_Heap_Size)
 *fill*         0x00000000200000b0      0x200 
                0x00000000200006b0                . = (. + _Min_Stack_Size)
 *fill*         0x00000000200002b0      0x400 
                0x00000000200006b0                . = ALIGN (0x8)

/DISCARD/
 libc.a(*)
 libm.a(*)
 libgcc.a(*)

.ARM.attributes
                0x0000000000000000       0x29
 *(.ARM.attributes)
 .ARM.attributes
                0x0000000000000000       0x1d c:/direct/st/stm32cubeide_1.9.0/stm32cubeide/plugins/com.st.stm32cube.ide.mcu.externaltools.gnu-tools-for-stm32.10.3-2021.10.win32_1.0.100.202210260954/tools/bin/../lib/gcc/arm-none-eabi/10.3.1/thumb/v7-m/nofp/crti.o
 .ARM.attributes
                0x000000000000001d       0x2d c:/direct/st/stm32cubeide_1.9.0/stm32cubeide/plugins/com.st.stm32cube.ide.mcu.externaltools.gnu-tools-for-stm32.10.3-2021.10.win32_1.0.100.202210260954/tools/bin/../lib/gcc/arm-none-eabi/10.3.1/thumb/v7-m/nofp/crtbegin.o
 .ARM.attributes
                0x000000000000004a       0x2d ./Core/Src/App/System/Drivers/led.o
 .ARM.attributes
                0x0000000000000077       0x2d ./Core/Src/App/System/Drivers/lock.o
 .ARM.attributes
                0x00000000000000a4       0x2d ./Core/Src/App/System/Drivers/potentiometer.o
 .ARM.attributes
                0x00000000000000d1       0x2d ./Core/Src/App/System/Drivers/pwm.o
 .ARM.attributes
                0x00000000000000fe       0x2d ./Core/Src/App/System/interrupts.o
 .ARM.attributes
                0x000000000000012b       0x2d ./Core/Src/App/app.o
 .ARM.attributes
                0x0000000000000158       0x2d ./Core/Src/App/callbacks.o
 .ARM.attributes
                0x0000000000000185       0x2d ./Core/Src/main.o
 .ARM.attributes
                0x00000000000001b2       0x2d ./Core/Src/stm32f1xx_hal_msp.o
 .ARM.attributes
                0x00000000000001df       0x2d ./Core/Src/stm32f1xx_it.o
 .ARM.attributes
                0x000000000000020c       0x2d ./Core/Src/system_stm32f1xx.o
 .ARM.attributes
                0x0000000000000239       0x21 ./Core/Startup/startup_stm32f103c8tx.o
 .ARM.attributes
                0x000000000000025a       0x2d ./Drivers/STM32F1xx_HAL_Driver/Src/stm32f1xx_hal.o
 .ARM.attributes
                0x0000000000000287       0x2d ./Drivers/STM32F1xx_HAL_Driver/Src/stm32f1xx_hal_adc.o
 .ARM.attributes
                0x00000000000002b4       0x2d ./Drivers/STM32F1xx_HAL_Driver/Src/stm32f1xx_hal_adc_ex.o
 .ARM.attributes
                0x00000000000002e1       0x2d ./Drivers/STM32F1xx_HAL_Driver/Src/stm32f1xx_hal_cortex.o
 .ARM.attributes
                0x000000000000030e       0x2d ./Drivers/STM32F1xx_HAL_Driver/Src/stm32f1xx_hal_gpio.o
 .ARM.attributes
                0x000000000000033b       0x2d ./Drivers/STM32F1xx_HAL_Driver/Src/stm32f1xx_hal_rcc.o
 .ARM.attributes
                0x0000000000000368       0x2d ./Drivers/STM32F1xx_HAL_Driver/Src/stm32f1xx_hal_rcc_ex.o
 .ARM.attributes
                0x0000000000000395       0x2d ./Drivers/STM32F1xx_HAL_Driver/Src/stm32f1xx_hal_tim.o
 .ARM.attributes
                0x00000000000003c2       0x2d ./Drivers/STM32F1xx_HAL_Driver/Src/stm32f1xx_hal_tim_ex.o
 .ARM.attributes
                0x00000000000003ef       0x2d c:/direct/st/stm32cubeide_1.9.0/stm32cubeide/plugins/com.st.stm32cube.ide.mcu.externaltools.gnu-tools-for-stm32.10.3-2021.10.win32_1.0.100.202210260954/tools/bin/../lib/gcc/arm-none-eabi/10.3.1/../../../../arm-none-eabi/lib/thumb/v7-m/nofp\libc_nano.a(lib_a-init.o)
 .ARM.attributes
                0x000000000000041c       0x2d c:/direct/st/stm32cubeide_1.9.0/stm32cubeide/plugins/com.st.stm32cube.ide.mcu.externaltools.gnu-tools-for-stm32.10.3-2021.10.win32_1.0.100.202210260954/tools/bin/../lib/gcc/arm-none-eabi/10.3.1/../../../../arm-none-eabi/lib/thumb/v7-m/nofp\libc_nano.a(lib_a-memset.o)
 .ARM.attributes
                0x0000000000000449       0x1d c:/direct/st/stm32cubeide_1.9.0/stm32cubeide/plugins/com.st.stm32cube.ide.mcu.externaltools.gnu-tools-for-stm32.10.3-2021.10.win32_1.0.100.202210260954/tools/bin/../lib/gcc/arm-none-eabi/10.3.1/thumb/v7-m/nofp\libgcc.a(_arm_addsubsf3.o)
 .ARM.attributes
                0x0000000000000466       0x1d c:/direct/st/stm32cubeide_1.9.0/stm32cubeide/plugins/com.st.stm32cube.ide.mcu.externaltools.gnu-tools-for-stm32.10.3-2021.10.win32_1.0.100.202210260954/tools/bin/../lib/gcc/arm-none-eabi/10.3.1/thumb/v7-m/nofp\libgcc.a(_arm_muldivsf3.o)
 .ARM.attributes
                0x0000000000000483       0x1d c:/direct/st/stm32cubeide_1.9.0/stm32cubeide/plugins/com.st.stm32cube.ide.mcu.externaltools.gnu-tools-for-stm32.10.3-2021.10.win32_1.0.100.202210260954/tools/bin/../lib/gcc/arm-none-eabi/10.3.1/thumb/v7-m/nofp\libgcc.a(_arm_fixunssfsi.o)
 .ARM.attributes
                0x00000000000004a0       0x1d c:/direct/st/stm32cubeide_1.9.0/stm32cubeide/plugins/com.st.stm32cube.ide.mcu.externaltools.gnu-tools-for-stm32.10.3-2021.10.win32_1.0.100.202210260954/tools/bin/../lib/gcc/arm-none-eabi/10.3.1/thumb/v7-m/nofp/crtn.o
OUTPUT(Servo_Tester.elf elf32-littlearm)
LOAD linker stubs
LOAD c:/direct/st/stm32cubeide_1.9.0/stm32cubeide/plugins/com.st.stm32cube.ide.mcu.externaltools.gnu-tools-for-stm32.10.3-2021.10.win32_1.0.100.202210260954/tools/bin/../lib/gcc/arm-none-eabi/10.3.1/../../../../arm-none-eabi/lib/thumb/v7-m/nofp\libc.a
LOAD c:/direct/st/stm32cubeide_1.9.0/stm32cubeide/plugins/com.st.stm32cube.ide.mcu.externaltools.gnu-tools-for-stm32.10.3-2021.10.win32_1.0.100.202210260954/tools/bin/../lib/gcc/arm-none-eabi/10.3.1/../../../../arm-none-eabi/lib/thumb/v7-m/nofp\libm.a
LOAD c:/direct/st/stm32cubeide_1.9.0/stm32cubeide/plugins/com.st.stm32cube.ide.mcu.externaltools.gnu-tools-for-stm32.10.3-2021.10.win32_1.0.100.202210260954/tools/bin/../lib/gcc/arm-none-eabi/10.3.1/thumb/v7-m/nofp\libgcc.a

.debug_info     0x0000000000000000     0xb9e8
 .debug_info    0x0000000000000000      0x19b ./Core/Src/App/System/Drivers/led.o
 .debug_info    0x000000000000019b      0x216 ./Core/Src/App/System/Drivers/lock.o
 .debug_info    0x00000000000003b1      0x5fe ./Core/Src/App/System/Drivers/potentiometer.o
 .debug_info    0x00000000000009af      0x6bf ./Core/Src/App/System/Drivers/pwm.o
 .debug_info    0x000000000000106e      0x568 ./Core/Src/App/System/interrupts.o
 .debug_info    0x00000000000015d6       0xac ./Core/Src/App/app.o
 .debug_info    0x0000000000001682       0xfc ./Core/Src/App/callbacks.o
 .debug_info    0x000000000000177e     0x116b ./Core/Src/main.o
 .debug_info    0x00000000000028e9      0xd9e ./Core/Src/stm32f1xx_hal_msp.o
 .debug_info    0x0000000000003687      0x600 ./Core/Src/stm32f1xx_it.o
 .debug_info    0x0000000000003c87      0x23d ./Core/Src/system_stm32f1xx.o
 .debug_info    0x0000000000003ec4       0x22 ./Core/Startup/startup_stm32f103c8tx.o
 .debug_info    0x0000000000003ee6      0x734 ./Drivers/STM32F1xx_HAL_Driver/Src/stm32f1xx_hal.o
 .debug_info    0x000000000000461a      0xcd9 ./Drivers/STM32F1xx_HAL_Driver/Src/stm32f1xx_hal_adc.o
 .debug_info    0x00000000000052f3      0xa8f ./Drivers/STM32F1xx_HAL_Driver/Src/stm32f1xx_hal_adc_ex.o
 .debug_info    0x0000000000005d82      0xb20 ./Drivers/STM32F1xx_HAL_Driver/Src/stm32f1xx_hal_cortex.o
 .debug_info    0x00000000000068a2      0x615 ./Drivers/STM32F1xx_HAL_Driver/Src/stm32f1xx_hal_gpio.o
 .debug_info    0x0000000000006eb7      0x860 ./Drivers/STM32F1xx_HAL_Driver/Src/stm32f1xx_hal_rcc.o
 .debug_info    0x0000000000007717      0x3e0 ./Drivers/STM32F1xx_HAL_Driver/Src/stm32f1xx_hal_rcc_ex.o
 .debug_info    0x0000000000007af7     0x29de ./Drivers/STM32F1xx_HAL_Driver/Src/stm32f1xx_hal_tim.o
 .debug_info    0x000000000000a4d5     0x1513 ./Drivers/STM32F1xx_HAL_Driver/Src/stm32f1xx_hal_tim_ex.o

.debug_abbrev   0x0000000000000000     0x227e
 .debug_abbrev  0x0000000000000000       0xf1 ./Core/Src/App/System/Drivers/led.o
 .debug_abbrev  0x00000000000000f1      0x12f ./Core/Src/App/System/Drivers/lock.o
 .debug_abbrev  0x0000000000000220      0x169 ./Core/Src/App/System/Drivers/potentiometer.o
 .debug_abbrev  0x0000000000000389      0x184 ./Core/Src/App/System/Drivers/pwm.o
 .debug_abbrev  0x000000000000050d      0x146 ./Core/Src/App/System/interrupts.o
 .debug_abbrev  0x0000000000000653       0x5d ./Core/Src/App/app.o
 .debug_abbrev  0x00000000000006b0       0xa1 ./Core/Src/App/callbacks.o
 .debug_abbrev  0x0000000000000751      0x2a7 ./Core/Src/main.o
 .debug_abbrev  0x00000000000009f8      0x1e1 ./Core/Src/stm32f1xx_hal_msp.o
 .debug_abbrev  0x0000000000000bd9      0x185 ./Core/Src/stm32f1xx_it.o
 .debug_abbrev  0x0000000000000d5e      0x13b ./Core/Src/system_stm32f1xx.o
 .debug_abbrev  0x0000000000000e99       0x12 ./Core/Startup/startup_stm32f103c8tx.o
 .debug_abbrev  0x0000000000000eab      0x1fb ./Drivers/STM32F1xx_HAL_Driver/Src/stm32f1xx_hal.o
 .debug_abbrev  0x00000000000010a6      0x210 ./Drivers/STM32F1xx_HAL_Driver/Src/stm32f1xx_hal_adc.o
 .debug_abbrev  0x00000000000012b6      0x234 ./Drivers/STM32F1xx_HAL_Driver/Src/stm32f1xx_hal_adc_ex.o
 .debug_abbrev  0x00000000000014ea      0x2ed ./Drivers/STM32F1xx_HAL_Driver/Src/stm32f1xx_hal_cortex.o
 .debug_abbrev  0x00000000000017d7      0x1bb ./Drivers/STM32F1xx_HAL_Driver/Src/stm32f1xx_hal_gpio.o
 .debug_abbrev  0x0000000000001992      0x2a8 ./Drivers/STM32F1xx_HAL_Driver/Src/stm32f1xx_hal_rcc.o
 .debug_abbrev  0x0000000000001c3a      0x182 ./Drivers/STM32F1xx_HAL_Driver/Src/stm32f1xx_hal_rcc_ex.o
 .debug_abbrev  0x0000000000001dbc      0x25d ./Drivers/STM32F1xx_HAL_Driver/Src/stm32f1xx_hal_tim.o
 .debug_abbrev  0x0000000000002019      0x265 ./Drivers/STM32F1xx_HAL_Driver/Src/stm32f1xx_hal_tim_ex.o

.debug_aranges  0x0000000000000000      0xbf8
 .debug_aranges
                0x0000000000000000       0x20 ./Core/Src/App/System/Drivers/led.o
 .debug_aranges
                0x0000000000000020       0x28 ./Core/Src/App/System/Drivers/lock.o
 .debug_aranges
                0x0000000000000048       0x28 ./Core/Src/App/System/Drivers/potentiometer.o
 .debug_aranges
                0x0000000000000070       0x28 ./Core/Src/App/System/Drivers/pwm.o
 .debug_aranges
                0x0000000000000098       0x28 ./Core/Src/App/System/interrupts.o
 .debug_aranges
                0x00000000000000c0       0x20 ./Core/Src/App/app.o
 .debug_aranges
                0x00000000000000e0       0x28 ./Core/Src/App/callbacks.o
 .debug_aranges
                0x0000000000000108       0x48 ./Core/Src/main.o
 .debug_aranges
                0x0000000000000150       0x48 ./Core/Src/stm32f1xx_hal_msp.o
 .debug_aranges
                0x0000000000000198       0x70 ./Core/Src/stm32f1xx_it.o
 .debug_aranges
                0x0000000000000208       0x28 ./Core/Src/system_stm32f1xx.o
 .debug_aranges
                0x0000000000000230       0x28 ./Core/Startup/startup_stm32f103c8tx.o
 .debug_aranges
                0x0000000000000258       0xe0 ./Drivers/STM32F1xx_HAL_Driver/Src/stm32f1xx_hal.o
 .debug_aranges
                0x0000000000000338       0xf0 ./Drivers/STM32F1xx_HAL_Driver/Src/stm32f1xx_hal_adc.o
 .debug_aranges
                0x0000000000000428       0x80 ./Drivers/STM32F1xx_HAL_Driver/Src/stm32f1xx_hal_adc_ex.o
 .debug_aranges
                0x00000000000004a8      0x100 ./Drivers/STM32F1xx_HAL_Driver/Src/stm32f1xx_hal_cortex.o
 .debug_aranges
                0x00000000000005a8       0x58 ./Drivers/STM32F1xx_HAL_Driver/Src/stm32f1xx_hal_gpio.o
 .debug_aranges
                0x0000000000000600       0x90 ./Drivers/STM32F1xx_HAL_Driver/Src/stm32f1xx_hal_rcc.o
 .debug_aranges
                0x0000000000000690       0x30 ./Drivers/STM32F1xx_HAL_Driver/Src/stm32f1xx_hal_rcc_ex.o
 .debug_aranges
                0x00000000000006c0      0x3d0 ./Drivers/STM32F1xx_HAL_Driver/Src/stm32f1xx_hal_tim.o
 .debug_aranges
                0x0000000000000a90      0x168 ./Drivers/STM32F1xx_HAL_Driver/Src/stm32f1xx_hal_tim_ex.o

.debug_ranges   0x0000000000000000      0xab0
 .debug_ranges  0x0000000000000000       0x10 ./Core/Src/App/System/Drivers/led.o
 .debug_ranges  0x0000000000000010       0x18 ./Core/Src/App/System/Drivers/lock.o
 .debug_ranges  0x0000000000000028       0x18 ./Core/Src/App/System/Drivers/potentiometer.o
 .debug_ranges  0x0000000000000040       0x18 ./Core/Src/App/System/Drivers/pwm.o
 .debug_ranges  0x0000000000000058       0x18 ./Core/Src/App/System/interrupts.o
 .debug_ranges  0x0000000000000070       0x10 ./Core/Src/App/app.o
 .debug_ranges  0x0000000000000080       0x18 ./Core/Src/App/callbacks.o
 .debug_ranges  0x0000000000000098       0x38 ./Core/Src/main.o
 .debug_ranges  0x00000000000000d0       0x38 ./Core/Src/stm32f1xx_hal_msp.o
 .debug_ranges  0x0000000000000108       0x60 ./Core/Src/stm32f1xx_it.o
 .debug_ranges  0x0000000000000168       0x18 ./Core/Src/system_stm32f1xx.o
 .debug_ranges  0x0000000000000180       0x20 ./Core/Startup/startup_stm32f103c8tx.o
 .debug_ranges  0x00000000000001a0       0xd0 ./Drivers/STM32F1xx_HAL_Driver/Src/stm32f1xx_hal.o
 .debug_ranges  0x0000000000000270       0xe0 ./Drivers/STM32F1xx_HAL_Driver/Src/stm32f1xx_hal_adc.o
 .debug_ranges  0x0000000000000350       0x70 ./Drivers/STM32F1xx_HAL_Driver/Src/stm32f1xx_hal_adc_ex.o
 .debug_ranges  0x00000000000003c0       0xf0 ./Drivers/STM32F1xx_HAL_Driver/Src/stm32f1xx_hal_cortex.o
 .debug_ranges  0x00000000000004b0       0x48 ./Drivers/STM32F1xx_HAL_Driver/Src/stm32f1xx_hal_gpio.o
 .debug_ranges  0x00000000000004f8       0x80 ./Drivers/STM32F1xx_HAL_Driver/Src/stm32f1xx_hal_rcc.o
 .debug_ranges  0x0000000000000578       0x20 ./Drivers/STM32F1xx_HAL_Driver/Src/stm32f1xx_hal_rcc_ex.o
 .debug_ranges  0x0000000000000598      0x3c0 ./Drivers/STM32F1xx_HAL_Driver/Src/stm32f1xx_hal_tim.o
 .debug_ranges  0x0000000000000958      0x158 ./Drivers/STM32F1xx_HAL_Driver/Src/stm32f1xx_hal_tim_ex.o

.debug_macro    0x0000000000000000    0x17c51
 .debug_macro   0x0000000000000000      0x1ce ./Core/Src/App/System/Drivers/led.o
 .debug_macro   0x00000000000001ce      0xa6c ./Core/Src/App/System/Drivers/led.o
 .debug_macro   0x0000000000000c3a      0x21b ./Core/Src/App/System/Drivers/led.o
 .debug_macro   0x0000000000000e55       0x2e ./Core/Src/App/System/Drivers/led.o
 .debug_macro   0x0000000000000e83       0x22 ./Core/Src/App/System/Drivers/led.o
 .debug_macro   0x0000000000000ea5       0x22 ./Core/Src/App/System/Drivers/led.o
 .debug_macro   0x0000000000000ec7       0x8e ./Core/Src/App/System/Drivers/led.o
 .debug_macro   0x0000000000000f55       0x51 ./Core/Src/App/System/Drivers/led.o
 .debug_macro   0x0000000000000fa6      0x103 ./Core/Src/App/System/Drivers/led.o
 .debug_macro   0x00000000000010a9       0x6a ./Core/Src/App/System/Drivers/led.o
 .debug_macro   0x0000000000001113      0x1df ./Core/Src/App/System/Drivers/led.o
 .debug_macro   0x00000000000012f2       0x1c ./Core/Src/App/System/Drivers/led.o
 .debug_macro   0x000000000000130e       0x22 ./Core/Src/App/System/Drivers/led.o
 .debug_macro   0x0000000000001330       0xbd ./Core/Src/App/System/Drivers/led.o
 .debug_macro   0x00000000000013ed      0xd23 ./Core/Src/App/System/Drivers/led.o
 .debug_macro   0x0000000000002110     0xe09e ./Core/Src/App/System/Drivers/led.o
 .debug_macro   0x00000000000101ae       0x6d ./Core/Src/App/System/Drivers/led.o
 .debug_macro   0x000000000001021b     0x3468 ./Core/Src/App/System/Drivers/led.o
 .debug_macro   0x0000000000013683      0x174 ./Core/Src/App/System/Drivers/led.o
 .debug_macro   0x00000000000137f7       0x5c ./Core/Src/App/System/Drivers/led.o
 .debug_macro   0x0000000000013853      0x5be ./Core/Src/App/System/Drivers/led.o
 .debug_macro   0x0000000000013e11      0x289 ./Core/Src/App/System/Drivers/led.o
 .debug_macro   0x000000000001409a      0x1cb ./Core/Src/App/System/Drivers/led.o
 .debug_macro   0x0000000000014265      0x114 ./Core/Src/App/System/Drivers/led.o
 .debug_macro   0x0000000000014379      0x1b2 ./Core/Src/App/System/Drivers/led.o
 .debug_macro   0x000000000001452b       0x27 ./Core/Src/App/System/Drivers/led.o
 .debug_macro   0x0000000000014552      0x136 ./Core/Src/App/System/Drivers/led.o
 .debug_macro   0x0000000000014688      0x1bc ./Core/Src/App/System/Drivers/led.o
 .debug_macro   0x0000000000014844       0x34 ./Core/Src/App/System/Drivers/led.o
 .debug_macro   0x0000000000014878       0x3c ./Core/Src/App/System/Drivers/led.o
 .debug_macro   0x00000000000148b4       0x57 ./Core/Src/App/System/Drivers/led.o
 .debug_macro   0x000000000001490b      0x46a ./Core/Src/App/System/Drivers/led.o
 .debug_macro   0x0000000000014d75      0x1b5 ./Core/Src/App/System/Drivers/led.o
 .debug_macro   0x0000000000014f2a       0x88 ./Core/Src/App/System/Drivers/led.o
 .debug_macro   0x0000000000014fb2      0x241 ./Core/Src/App/System/Drivers/led.o
 .debug_macro   0x00000000000151f3      0x141 ./Core/Src/App/System/Drivers/led.o
 .debug_macro   0x0000000000015334      0x8d1 ./Core/Src/App/System/Drivers/led.o
 .debug_macro   0x0000000000015c05       0x83 ./Core/Src/App/System/Drivers/led.o
 .debug_macro   0x0000000000015c88       0x22 ./Core/Src/App/System/Drivers/led.o
 .debug_macro   0x0000000000015caa       0x3a ./Core/Src/App/System/Drivers/led.o
 .debug_macro   0x0000000000015ce4       0x10 ./Core/Src/App/System/Drivers/led.o
 .debug_macro   0x0000000000015cf4      0x1ce ./Core/Src/App/System/Drivers/lock.o
 .debug_macro   0x0000000000015ec2       0x1c ./Core/Src/App/System/Drivers/lock.o
 .debug_macro   0x0000000000015ede      0x1cf ./Core/Src/App/System/Drivers/potentiometer.o
 .debug_macro   0x00000000000160ad      0x1c9 ./Core/Src/App/System/Drivers/pwm.o
 .debug_macro   0x0000000000016276      0x1d8 ./Core/Src/App/System/interrupts.o
 .debug_macro   0x000000000001644e       0x87 ./Core/Src/App/app.o
 .debug_macro   0x00000000000164d5       0x8c ./Core/Src/App/callbacks.o
 .debug_macro   0x0000000000016561      0x1c9 ./Core/Src/main.o
 .debug_macro   0x000000000001672a      0x1c5 ./Core/Src/stm32f1xx_hal_msp.o
 .debug_macro   0x00000000000168ef      0x1cf ./Core/Src/stm32f1xx_it.o
 .debug_macro   0x0000000000016abe      0x1ad ./Core/Src/system_stm32f1xx.o
 .debug_macro   0x0000000000016c6b      0x1d1 ./Drivers/STM32F1xx_HAL_Driver/Src/stm32f1xx_hal.o
 .debug_macro   0x0000000000016e3c      0x1ca ./Drivers/STM32F1xx_HAL_Driver/Src/stm32f1xx_hal_adc.o
 .debug_macro   0x0000000000017006      0x1bf ./Drivers/STM32F1xx_HAL_Driver/Src/stm32f1xx_hal_adc_ex.o
 .debug_macro   0x00000000000171c5      0x1ad ./Drivers/STM32F1xx_HAL_Driver/Src/stm32f1xx_hal_cortex.o
 .debug_macro   0x0000000000017372      0x218 ./Drivers/STM32F1xx_HAL_Driver/Src/stm32f1xx_hal_gpio.o
 .debug_macro   0x000000000001758a      0x1bf ./Drivers/STM32F1xx_HAL_Driver/Src/stm32f1xx_hal_rcc.o
 .debug_macro   0x0000000000017749      0x1ad ./Drivers/STM32F1xx_HAL_Driver/Src/stm32f1xx_hal_rcc_ex.o
 .debug_macro   0x00000000000178f6      0x1ae ./Drivers/STM32F1xx_HAL_Driver/Src/stm32f1xx_hal_tim.o
 .debug_macro   0x0000000000017aa4      0x1ad ./Drivers/STM32F1xx_HAL_Driver/Src/stm32f1xx_hal_tim_ex.o

.debug_line     0x0000000000000000     0xe71e
 .debug_line    0x0000000000000000      0x6cb ./Core/Src/App/System/Drivers/led.o
 .debug_line    0x00000000000006cb      0x71c ./Core/Src/App/System/Drivers/lock.o
 .debug_line    0x0000000000000de7      0x72a ./Core/Src/App/System/Drivers/potentiometer.o
 .debug_line    0x0000000000001511      0x6d9 ./Core/Src/App/System/Drivers/pwm.o
 .debug_line    0x0000000000001bea      0x714 ./Core/Src/App/System/interrupts.o
 .debug_line    0x00000000000022fe      0x3fc ./Core/Src/App/app.o
 .debug_line    0x00000000000026fa      0x425 ./Core/Src/App/callbacks.o
 .debug_line    0x0000000000002b1f      0x847 ./Core/Src/main.o
 .debug_line    0x0000000000003366      0x765 ./Core/Src/stm32f1xx_hal_msp.o
 .debug_line    0x0000000000003acb      0x7aa ./Core/Src/stm32f1xx_it.o
 .debug_line    0x0000000000004275      0x729 ./Core/Src/system_stm32f1xx.o
 .debug_line    0x000000000000499e       0x87 ./Core/Startup/startup_stm32f103c8tx.o
 .debug_line    0x0000000000004a25      0x956 ./Drivers/STM32F1xx_HAL_Driver/Src/stm32f1xx_hal.o
 .debug_line    0x000000000000537b      0xfcd ./Drivers/STM32F1xx_HAL_Driver/Src/stm32f1xx_hal_adc.o
 .debug_line    0x0000000000006348      0xd1b ./Drivers/STM32F1xx_HAL_Driver/Src/stm32f1xx_hal_adc_ex.o
 .debug_line    0x0000000000007063      0xb3e ./Drivers/STM32F1xx_HAL_Driver/Src/stm32f1xx_hal_cortex.o
 .debug_line    0x0000000000007ba1      0x9ed ./Drivers/STM32F1xx_HAL_Driver/Src/stm32f1xx_hal_gpio.o
 .debug_line    0x000000000000858e      0xd64 ./Drivers/STM32F1xx_HAL_Driver/Src/stm32f1xx_hal_rcc.o
 .debug_line    0x00000000000092f2      0x8a2 ./Drivers/STM32F1xx_HAL_Driver/Src/stm32f1xx_hal_rcc_ex.o
 .debug_line    0x0000000000009b94     0x330c ./Drivers/STM32F1xx_HAL_Driver/Src/stm32f1xx_hal_tim.o
 .debug_line    0x000000000000cea0     0x187e ./Drivers/STM32F1xx_HAL_Driver/Src/stm32f1xx_hal_tim_ex.o

.debug_str      0x0000000000000000    0x893f7
 .debug_str     0x0000000000000000    0x85eeb ./Core/Src/App/System/Drivers/led.o
                                      0x86234 (size before relaxing)
 .debug_str     0x0000000000085eeb       0xf5 ./Core/Src/App/System/Drivers/lock.o
                                      0x862c4 (size before relaxing)
 .debug_str     0x0000000000085fe0      0x3a0 ./Core/Src/App/System/Drivers/potentiometer.o
                                      0x865b3 (size before relaxing)
 .debug_str     0x0000000000086380      0x2ba ./Core/Src/App/System/Drivers/pwm.o
                                      0x866c3 (size before relaxing)
 .debug_str     0x000000000008663a       0x62 ./Core/Src/App/System/interrupts.o
                                      0x86596 (size before relaxing)
 .debug_str     0x000000000008669c       0x1f ./Core/Src/App/app.o
                                       0x3cb8 (size before relaxing)
 .debug_str     0x00000000000866bb       0x29 ./Core/Src/App/callbacks.o
                                       0x3d16 (size before relaxing)
 .debug_str     0x00000000000866e4      0x715 ./Core/Src/main.o
                                      0x86fb4 (size before relaxing)
 .debug_str     0x0000000000086df9       0xdb ./Core/Src/stm32f1xx_hal_msp.o
                                      0x86bf3 (size before relaxing)
 .debug_str     0x0000000000086ed4      0x10a ./Core/Src/stm32f1xx_it.o
                                      0x865a6 (size before relaxing)
 .debug_str     0x0000000000086fde       0x7e ./Core/Src/system_stm32f1xx.o
                                      0x86108 (size before relaxing)
 .debug_str     0x000000000008705c       0x36 ./Core/Startup/startup_stm32f103c8tx.o
                                         0x7c (size before relaxing)
 .debug_str     0x0000000000087092      0x38e ./Drivers/STM32F1xx_HAL_Driver/Src/stm32f1xx_hal.o
                                      0x8683b (size before relaxing)
 .debug_str     0x0000000000087420      0x34b ./Drivers/STM32F1xx_HAL_Driver/Src/stm32f1xx_hal_adc.o
                                      0x867e5 (size before relaxing)
 .debug_str     0x000000000008776b      0x2bc ./Drivers/STM32F1xx_HAL_Driver/Src/stm32f1xx_hal_adc_ex.o
                                      0x867bc (size before relaxing)
 .debug_str     0x0000000000087a27      0x294 ./Drivers/STM32F1xx_HAL_Driver/Src/stm32f1xx_hal_cortex.o
                                      0x86787 (size before relaxing)
 .debug_str     0x0000000000087cbb      0x29c ./Drivers/STM32F1xx_HAL_Driver/Src/stm32f1xx_hal_gpio.o
                                      0x8648e (size before relaxing)
 .debug_str     0x0000000000087f57      0x229 ./Drivers/STM32F1xx_HAL_Driver/Src/stm32f1xx_hal_rcc.o
                                      0x86537 (size before relaxing)
 .debug_str     0x0000000000088180       0x84 ./Drivers/STM32F1xx_HAL_Driver/Src/stm32f1xx_hal_rcc_ex.o
                                      0x86287 (size before relaxing)
 .debug_str     0x0000000000088204      0xd60 ./Drivers/STM32F1xx_HAL_Driver/Src/stm32f1xx_hal_tim.o
                                      0x87522 (size before relaxing)
 .debug_str     0x0000000000088f64      0x493 ./Drivers/STM32F1xx_HAL_Driver/Src/stm32f1xx_hal_tim_ex.o
                                      0x86d3e (size before relaxing)

.comment        0x0000000000000000       0x50
 .comment       0x0000000000000000       0x50 ./Core/Src/App/System/Drivers/led.o
                                         0x51 (size before relaxing)
 .comment       0x0000000000000050       0x51 ./Core/Src/App/System/Drivers/lock.o
 .comment       0x0000000000000050       0x51 ./Core/Src/App/System/Drivers/potentiometer.o
 .comment       0x0000000000000050       0x51 ./Core/Src/App/System/Drivers/pwm.o
 .comment       0x0000000000000050       0x51 ./Core/Src/App/System/interrupts.o
 .comment       0x0000000000000050       0x51 ./Core/Src/App/app.o
 .comment       0x0000000000000050       0x51 ./Core/Src/App/callbacks.o
 .comment       0x0000000000000050       0x51 ./Core/Src/main.o
 .comment       0x0000000000000050       0x51 ./Core/Src/stm32f1xx_hal_msp.o
 .comment       0x0000000000000050       0x51 ./Core/Src/stm32f1xx_it.o
 .comment       0x0000000000000050       0x51 ./Core/Src/system_stm32f1xx.o
 .comment       0x0000000000000050       0x51 ./Drivers/STM32F1xx_HAL_Driver/Src/stm32f1xx_hal.o
 .comment       0x0000000000000050       0x51 ./Drivers/STM32F1xx_HAL_Driver/Src/stm32f1xx_hal_adc.o
 .comment       0x0000000000000050       0x51 ./Drivers/STM32F1xx_HAL_Driver/Src/stm32f1xx_hal_adc_ex.o
 .comment       0x0000000000000050       0x51 ./Drivers/STM32F1xx_HAL_Driver/Src/stm32f1xx_hal_cortex.o
 .comment       0x0000000000000050       0x51 ./Drivers/STM32F1xx_HAL_Driver/Src/stm32f1xx_hal_gpio.o
 .comment       0x0000000000000050       0x51 ./Drivers/STM32F1xx_HAL_Driver/Src/stm32f1xx_hal_rcc.o
 .comment       0x0000000000000050       0x51 ./Drivers/STM32F1xx_HAL_Driver/Src/stm32f1xx_hal_rcc_ex.o
 .comment       0x0000000000000050       0x51 ./Drivers/STM32F1xx_HAL_Driver/Src/stm32f1xx_hal_tim.o
 .comment       0x0000000000000050       0x51 ./Drivers/STM32F1xx_HAL_Driver/Src/stm32f1xx_hal_tim_ex.o

.debug_frame    0x0000000000000000     0x2f94
 .debug_frame   0x0000000000000000       0x34 ./Core/Src/App/System/Drivers/led.o
 .debug_frame   0x0000000000000034       0x58 ./Core/Src/App/System/Drivers/lock.o
 .debug_frame   0x000000000000008c       0x48 ./Core/Src/App/System/Drivers/potentiometer.o
 .debug_frame   0x00000000000000d4       0x50 ./Core/Src/App/System/Drivers/pwm.o
 .debug_frame   0x0000000000000124       0x58 ./Core/Src/App/System/interrupts.o
 .debug_frame   0x000000000000017c       0x2c ./Core/Src/App/app.o
 .debug_frame   0x00000000000001a8       0x58 ./Core/Src/App/callbacks.o
 .debug_frame   0x0000000000000200       0xd4 ./Core/Src/main.o
 .debug_frame   0x00000000000002d4       0xf4 ./Core/Src/stm32f1xx_hal_msp.o
 .debug_frame   0x00000000000003c8      0x13c ./Core/Src/stm32f1xx_it.o
 .debug_frame   0x0000000000000504       0x58 ./Core/Src/system_stm32f1xx.o
 .debug_frame   0x000000000000055c      0x334 ./Drivers/STM32F1xx_HAL_Driver/Src/stm32f1xx_hal.o
 .debug_frame   0x0000000000000890      0x40c ./Drivers/STM32F1xx_HAL_Driver/Src/stm32f1xx_hal_adc.o
 .debug_frame   0x0000000000000c9c      0x200 ./Drivers/STM32F1xx_HAL_Driver/Src/stm32f1xx_hal_adc_ex.o
 .debug_frame   0x0000000000000e9c      0x428 ./Drivers/STM32F1xx_HAL_Driver/Src/stm32f1xx_hal_cortex.o
 .debug_frame   0x00000000000012c4      0x14c ./Drivers/STM32F1xx_HAL_Driver/Src/stm32f1xx_hal_gpio.o
 .debug_frame   0x0000000000001410      0x21c ./Drivers/STM32F1xx_HAL_Driver/Src/stm32f1xx_hal_rcc.o
 .debug_frame   0x000000000000162c       0x84 ./Drivers/STM32F1xx_HAL_Driver/Src/stm32f1xx_hal_rcc_ex.o
 .debug_frame   0x00000000000016b0     0x11b8 ./Drivers/STM32F1xx_HAL_Driver/Src/stm32f1xx_hal_tim.o
 .debug_frame   0x0000000000002868      0x638 ./Drivers/STM32F1xx_HAL_Driver/Src/stm32f1xx_hal_tim_ex.o
 .debug_frame   0x0000000000002ea0       0x2c c:/direct/st/stm32cubeide_1.9.0/stm32cubeide/plugins/com.st.stm32cube.ide.mcu.externaltools.gnu-tools-for-stm32.10.3-2021.10.win32_1.0.100.202210260954/tools/bin/../lib/gcc/arm-none-eabi/10.3.1/../../../../arm-none-eabi/lib/thumb/v7-m/nofp\libc_nano.a(lib_a-init.o)
 .debug_frame   0x0000000000002ecc       0x20 c:/direct/st/stm32cubeide_1.9.0/stm32cubeide/plugins/com.st.stm32cube.ide.mcu.externaltools.gnu-tools-for-stm32.10.3-2021.10.win32_1.0.100.202210260954/tools/bin/../lib/gcc/arm-none-eabi/10.3.1/../../../../arm-none-eabi/lib/thumb/v7-m/nofp\libc_nano.a(lib_a-memset.o)
 .debug_frame   0x0000000000002eec       0x4c c:/direct/st/stm32cubeide_1.9.0/stm32cubeide/plugins/com.st.stm32cube.ide.mcu.externaltools.gnu-tools-for-stm32.10.3-2021.10.win32_1.0.100.202210260954/tools/bin/../lib/gcc/arm-none-eabi/10.3.1/thumb/v7-m/nofp\libgcc.a(_arm_addsubsf3.o)
 .debug_frame   0x0000000000002f38       0x38 c:/direct/st/stm32cubeide_1.9.0/stm32cubeide/plugins/com.st.stm32cube.ide.mcu.externaltools.gnu-tools-for-stm32.10.3-2021.10.win32_1.0.100.202210260954/tools/bin/../lib/gcc/arm-none-eabi/10.3.1/thumb/v7-m/nofp\libgcc.a(_arm_muldivsf3.o)
 .debug_frame   0x0000000000002f70       0x24 c:/direct/st/stm32cubeide_1.9.0/stm32cubeide/plugins/com.st.stm32cube.ide.mcu.externaltools.gnu-tools-for-stm32.10.3-2021.10.win32_1.0.100.202210260954/tools/bin/../lib/gcc/arm-none-eabi/10.3.1/thumb/v7-m/nofp\libgcc.a(_arm_fixunssfsi.o)
