../Core/Src/App/System/Drivers/pid.c:18:13:PID_Timer_Stop	8	static
../Core/Src/App/System/Drivers/pid.c:21:13:PID_Timer_Restart	8	static
../Core/Src/App/System/Drivers/pid.c:26:13:PID_Compute	48	static
../Core/Src/App/System/Drivers/pid.c:78:6:PID_Timer_Interrupt	8	static
../Core/Src/App/System/Drivers/pid.c:84:10:PID_Get_Sampling_Time	4	static
../Core/Src/App/System/Drivers/pid.c:88:6:PID_Set_Sampling_Time	16	static
../Core/Src/App/System/Drivers/pid.c:92:6:PID_Start	8	static
../Core/Src/App/System/Drivers/pid.c:101:6:PID_Stop	8	static
