../Core/Src/App/System/Drivers/signal.c:16:13:Signal_Timer_Stop	8	static
../Core/Src/App/System/Drivers/signal.c:19:13:Signal_Timer_Restart	8	static
../Core/Src/App/System/Drivers/signal.c:24:17:Signal_Read_Timer	4	static
../Core/Src/App/System/Drivers/signal.c:27:16:Signal_Read_Pin	16	static
../Core/Src/App/System/Drivers/signal.c:54:6:Signal_SysTick_Interrupt	8	static
../Core/Src/App/System/Drivers/signal.c:64:6:Signal_Timer_Interrupt	4	static
../Core/Src/App/System/Drivers/signal.c:68:6:Signal_Pin_Interrupt	16	static
